<!doctype html public "-//w3c//dtd html 4.0 transitional//en">
<html><head>
<title>Static Call Graph - [.\HT32\52352\Obj\HT32.axf]</title></head>
<body><HR>
<H1>Static Call Graph for image .\HT32\52352\Obj\HT32.axf</H1><HR>
<BR><P>#&#060CALLGRAPH&#062# ARM Linker, 5060750: Last Updated: Tue Oct 01 02:11:25 2019
<BR><P>
<H3>Maximum Stack Usage =        132 bytes + Unknown(Cycles, Untraceable Function Pointers)</H3><H3>
Call chain for Maximum Stack Depth:</H3>
main &rArr; RETARGET_Configuration &rArr; HT32F_DVB_COMInit &rArr; USART_Init &rArr; CKCU_GetPeripFrequency &rArr; CKCU_GetClocksFrequency &rArr; CKCU_GetPLLFrequency
<P>
<H3>
Mutually Recursive functions
</H3> <LI><a href="#[e]">ADC_IRQHandler</a>&nbsp;&nbsp;&nbsp;&rArr;&nbsp;&nbsp;&nbsp;<a href="#[e]">ADC_IRQHandler</a><BR>
</UL>
<P>
<H3>
Function Pointers
</H3><UL>
 <LI><a href="#[e]">ADC_IRQHandler</a> from startup_ht32f5xxxx_01.o(RESET) referenced from startup_ht32f5xxxx_01.o(RESET)
 <LI><a href="#[14]">BFTM0_IRQHandler</a> from main.o(i.BFTM0_IRQHandler) referenced from startup_ht32f5xxxx_01.o(RESET)
 <LI><a href="#[15]">BFTM1_IRQHandler</a> from startup_ht32f5xxxx_01.o(RESET) referenced from startup_ht32f5xxxx_01.o(RESET)
 <LI><a href="#[23]">BootProcess</a> from startup_ht32f5xxxx_01.o(RESET) referenced from startup_ht32f5xxxx_01.o(RESET)
 <LI><a href="#[d]">COMP_IRQHandler</a> from startup_ht32f5xxxx_01.o(RESET) referenced from startup_ht32f5xxxx_01.o(RESET)
 <LI><a href="#[9]">EVWUP_IRQHandler</a> from startup_ht32f5xxxx_01.o(RESET) referenced from startup_ht32f5xxxx_01.o(RESET)
 <LI><a href="#[a]">EXTI0_1_IRQHandler</a> from startup_ht32f5xxxx_01.o(RESET) referenced from startup_ht32f5xxxx_01.o(RESET)
 <LI><a href="#[b]">EXTI2_3_IRQHandler</a> from startup_ht32f5xxxx_01.o(RESET) referenced from startup_ht32f5xxxx_01.o(RESET)
 <LI><a href="#[c]">EXTI4_15_IRQHandler</a> from startup_ht32f5xxxx_01.o(RESET) referenced from startup_ht32f5xxxx_01.o(RESET)
 <LI><a href="#[8]">FLASH_IRQHandler</a> from startup_ht32f5xxxx_01.o(RESET) referenced from startup_ht32f5xxxx_01.o(RESET)
 <LI><a href="#[11]">GPTM0_IRQHandler</a> from main.o(i.GPTM0_IRQHandler) referenced from startup_ht32f5xxxx_01.o(RESET)
 <LI><a href="#[10]">GPTM1_IRQHandler</a> from main.o(i.GPTM1_IRQHandler) referenced from startup_ht32f5xxxx_01.o(RESET)
 <LI><a href="#[2]">HardFault_Handler</a> from ht32f5xxxx_01_it.o(i.HardFault_Handler) referenced from startup_ht32f5xxxx_01.o(RESET)
 <LI><a href="#[16]">I2C0_IRQHandler</a> from startup_ht32f5xxxx_01.o(RESET) referenced from startup_ht32f5xxxx_01.o(RESET)
 <LI><a href="#[17]">I2C1_IRQHandler</a> from startup_ht32f5xxxx_01.o(RESET) referenced from startup_ht32f5xxxx_01.o(RESET)
 <LI><a href="#[1f]">I2S_IRQHandler</a> from startup_ht32f5xxxx_01.o(RESET) referenced from startup_ht32f5xxxx_01.o(RESET)
 <LI><a href="#[6]">LVD_BOD_IRQHandler</a> from startup_ht32f5xxxx_01.o(RESET) referenced from startup_ht32f5xxxx_01.o(RESET)
 <LI><a href="#[f]">MCTM0_IRQHandler</a> from startup_ht32f5xxxx_01.o(RESET) referenced from startup_ht32f5xxxx_01.o(RESET)
 <LI><a href="#[1]">NMI_Handler</a> from ht32f5xxxx_01_it.o(i.NMI_Handler) referenced from startup_ht32f5xxxx_01.o(RESET)
 <LI><a href="#[21]">PDMA_CH0_1_IRQHandler</a> from startup_ht32f5xxxx_01.o(RESET) referenced from startup_ht32f5xxxx_01.o(RESET)
 <LI><a href="#[22]">PDMA_CH2_5_IRQHandler</a> from startup_ht32f5xxxx_01.o(RESET) referenced from startup_ht32f5xxxx_01.o(RESET)
 <LI><a href="#[4]">PendSV_Handler</a> from ht32f5xxxx_01_it.o(i.PendSV_Handler) referenced from startup_ht32f5xxxx_01.o(RESET)
 <LI><a href="#[7]">RTC_IRQHandler</a> from startup_ht32f5xxxx_01.o(RESET) referenced from startup_ht32f5xxxx_01.o(RESET)
 <LI><a href="#[28]">Reset_Handler</a> from startup_ht32f5xxxx_01.o(RESET) referenced from startup_ht32f5xxxx_01.o(RESET)
 <LI><a href="#[1e]">SCI_IRQHandler</a> from startup_ht32f5xxxx_01.o(RESET) referenced from startup_ht32f5xxxx_01.o(RESET)
 <LI><a href="#[12]">SCTM0_IRQHandler</a> from startup_ht32f5xxxx_01.o(RESET) referenced from startup_ht32f5xxxx_01.o(RESET)
 <LI><a href="#[13]">SCTM1_IRQHandler</a> from startup_ht32f5xxxx_01.o(RESET) referenced from startup_ht32f5xxxx_01.o(RESET)
 <LI><a href="#[18]">SPI0_IRQHandler</a> from startup_ht32f5xxxx_01.o(RESET) referenced from startup_ht32f5xxxx_01.o(RESET)
 <LI><a href="#[19]">SPI1_IRQHandler</a> from startup_ht32f5xxxx_01.o(RESET) referenced from startup_ht32f5xxxx_01.o(RESET)
 <LI><a href="#[3]">SVC_Handler</a> from ht32f5xxxx_01_it.o(i.SVC_Handler) referenced from startup_ht32f5xxxx_01.o(RESET)
 <LI><a href="#[5]">SysTick_Handler</a> from ht32f5xxxx_01_it.o(i.SysTick_Handler) referenced from startup_ht32f5xxxx_01.o(RESET)
 <LI><a href="#[24]">SystemInit</a> from system_ht32f5xxxx_01.o(i.SystemInit) referenced from startup_ht32f5xxxx_01.o(RESET)
 <LI><a href="#[1c]">UART0_IRQHandler</a> from startup_ht32f5xxxx_01.o(RESET) referenced from startup_ht32f5xxxx_01.o(RESET)
 <LI><a href="#[1d]">UART1_IRQHandler</a> from startup_ht32f5xxxx_01.o(RESET) referenced from startup_ht32f5xxxx_01.o(RESET)
 <LI><a href="#[1a]">USART0_IRQHandler</a> from startup_ht32f5xxxx_01.o(RESET) referenced from startup_ht32f5xxxx_01.o(RESET)
 <LI><a href="#[1b]">USART1_IRQHandler</a> from startup_ht32f5xxxx_01.o(RESET) referenced from startup_ht32f5xxxx_01.o(RESET)
 <LI><a href="#[20]">USB_IRQHandler</a> from startup_ht32f5xxxx_01.o(RESET) referenced from startup_ht32f5xxxx_01.o(RESET)
 <LI><a href="#[25]">__main</a> from entry.o(.ARM.Collect$$$$00000000) referenced from startup_ht32f5xxxx_01.o(RESET)
 <LI><a href="#[27]">fputc</a> from ht32_retarget.o(i.fputc) referenced from printf8.o(i.__0printf$8)
 <LI><a href="#[26]">main</a> from main.o(i.main) referenced from entry9a.o(.ARM.Collect$$$$0000000B)
</UL>
<P>
<H3>
Global Symbols
</H3>
<P><STRONG><a name="[28]"></a>Reset_Handler</STRONG> (Thumb, 12 bytes, Stack size 0 bytes, startup_ht32f5xxxx_01.o(RESET))

<P><STRONG><a name="[e]"></a>ADC_IRQHandler</STRONG> (Thumb, 0 bytes, Stack size 0 bytes, startup_ht32f5xxxx_01.o(RESET))
<BR><BR>[Calls]<UL><LI><a href="#[e]">&gt;&gt;</a>&nbsp;&nbsp;&nbsp;ADC_IRQHandler
</UL>
<BR>[Called By]<UL><LI><a href="#[e]">&gt;&gt;</a>&nbsp;&nbsp;&nbsp;ADC_IRQHandler
</UL>
<BR>[Address Reference Count : 1]<UL><LI> startup_ht32f5xxxx_01.o(RESET)
</UL>
<P><STRONG><a name="[29]"></a>AES_IRQHandler</STRONG> (Thumb, 0 bytes, Stack size 0 bytes, startup_ht32f5xxxx_01.o(RESET), UNUSED, KEPT)

<P><STRONG><a name="[15]"></a>BFTM1_IRQHandler</STRONG> (Thumb, 0 bytes, Stack size 0 bytes, startup_ht32f5xxxx_01.o(RESET))
<BR>[Address Reference Count : 1]<UL><LI> startup_ht32f5xxxx_01.o(RESET)
</UL>
<P><STRONG><a name="[d]"></a>COMP_IRQHandler</STRONG> (Thumb, 0 bytes, Stack size 0 bytes, startup_ht32f5xxxx_01.o(RESET))
<BR>[Address Reference Count : 1]<UL><LI> startup_ht32f5xxxx_01.o(RESET)
</UL>
<P><STRONG><a name="[9]"></a>EVWUP_IRQHandler</STRONG> (Thumb, 0 bytes, Stack size 0 bytes, startup_ht32f5xxxx_01.o(RESET))
<BR>[Address Reference Count : 1]<UL><LI> startup_ht32f5xxxx_01.o(RESET)
</UL>
<P><STRONG><a name="[a]"></a>EXTI0_1_IRQHandler</STRONG> (Thumb, 0 bytes, Stack size 0 bytes, startup_ht32f5xxxx_01.o(RESET))
<BR>[Address Reference Count : 1]<UL><LI> startup_ht32f5xxxx_01.o(RESET)
</UL>
<P><STRONG><a name="[b]"></a>EXTI2_3_IRQHandler</STRONG> (Thumb, 0 bytes, Stack size 0 bytes, startup_ht32f5xxxx_01.o(RESET))
<BR>[Address Reference Count : 1]<UL><LI> startup_ht32f5xxxx_01.o(RESET)
</UL>
<P><STRONG><a name="[c]"></a>EXTI4_15_IRQHandler</STRONG> (Thumb, 0 bytes, Stack size 0 bytes, startup_ht32f5xxxx_01.o(RESET))
<BR>[Address Reference Count : 1]<UL><LI> startup_ht32f5xxxx_01.o(RESET)
</UL>
<P><STRONG><a name="[8]"></a>FLASH_IRQHandler</STRONG> (Thumb, 0 bytes, Stack size 0 bytes, startup_ht32f5xxxx_01.o(RESET))
<BR>[Address Reference Count : 1]<UL><LI> startup_ht32f5xxxx_01.o(RESET)
</UL>
<P><STRONG><a name="[16]"></a>I2C0_IRQHandler</STRONG> (Thumb, 0 bytes, Stack size 0 bytes, startup_ht32f5xxxx_01.o(RESET))
<BR>[Address Reference Count : 1]<UL><LI> startup_ht32f5xxxx_01.o(RESET)
</UL>
<P><STRONG><a name="[17]"></a>I2C1_IRQHandler</STRONG> (Thumb, 0 bytes, Stack size 0 bytes, startup_ht32f5xxxx_01.o(RESET))
<BR>[Address Reference Count : 1]<UL><LI> startup_ht32f5xxxx_01.o(RESET)
</UL>
<P><STRONG><a name="[2a]"></a>I2C2_IRQHandler</STRONG> (Thumb, 0 bytes, Stack size 0 bytes, startup_ht32f5xxxx_01.o(RESET), UNUSED, KEPT)

<P><STRONG><a name="[1f]"></a>I2S_IRQHandler</STRONG> (Thumb, 0 bytes, Stack size 0 bytes, startup_ht32f5xxxx_01.o(RESET))
<BR>[Address Reference Count : 1]<UL><LI> startup_ht32f5xxxx_01.o(RESET)
</UL>
<P><STRONG><a name="[6]"></a>LVD_BOD_IRQHandler</STRONG> (Thumb, 0 bytes, Stack size 0 bytes, startup_ht32f5xxxx_01.o(RESET))
<BR>[Address Reference Count : 1]<UL><LI> startup_ht32f5xxxx_01.o(RESET)
</UL>
<P><STRONG><a name="[f]"></a>MCTM0_IRQHandler</STRONG> (Thumb, 0 bytes, Stack size 0 bytes, startup_ht32f5xxxx_01.o(RESET))
<BR>[Address Reference Count : 1]<UL><LI> startup_ht32f5xxxx_01.o(RESET)
</UL>
<P><STRONG><a name="[2b]"></a>MIDI_IRQHandler</STRONG> (Thumb, 0 bytes, Stack size 0 bytes, startup_ht32f5xxxx_01.o(RESET), UNUSED, KEPT)

<P><STRONG><a name="[21]"></a>PDMA_CH0_1_IRQHandler</STRONG> (Thumb, 0 bytes, Stack size 0 bytes, startup_ht32f5xxxx_01.o(RESET))
<BR>[Address Reference Count : 1]<UL><LI> startup_ht32f5xxxx_01.o(RESET)
</UL>
<P><STRONG><a name="[22]"></a>PDMA_CH2_5_IRQHandler</STRONG> (Thumb, 0 bytes, Stack size 0 bytes, startup_ht32f5xxxx_01.o(RESET))
<BR>[Address Reference Count : 1]<UL><LI> startup_ht32f5xxxx_01.o(RESET)
</UL>
<P><STRONG><a name="[2c]"></a>PWM0_IRQHandler</STRONG> (Thumb, 0 bytes, Stack size 0 bytes, startup_ht32f5xxxx_01.o(RESET), UNUSED, KEPT)

<P><STRONG><a name="[2d]"></a>PWM1_IRQHandler</STRONG> (Thumb, 0 bytes, Stack size 0 bytes, startup_ht32f5xxxx_01.o(RESET), UNUSED, KEPT)

<P><STRONG><a name="[2e]"></a>QSPI_IRQHandler</STRONG> (Thumb, 0 bytes, Stack size 0 bytes, startup_ht32f5xxxx_01.o(RESET), UNUSED, KEPT)

<P><STRONG><a name="[7]"></a>RTC_IRQHandler</STRONG> (Thumb, 0 bytes, Stack size 0 bytes, startup_ht32f5xxxx_01.o(RESET))
<BR>[Address Reference Count : 1]<UL><LI> startup_ht32f5xxxx_01.o(RESET)
</UL>
<P><STRONG><a name="[1e]"></a>SCI_IRQHandler</STRONG> (Thumb, 0 bytes, Stack size 0 bytes, startup_ht32f5xxxx_01.o(RESET))
<BR>[Address Reference Count : 1]<UL><LI> startup_ht32f5xxxx_01.o(RESET)
</UL>
<P><STRONG><a name="[12]"></a>SCTM0_IRQHandler</STRONG> (Thumb, 0 bytes, Stack size 0 bytes, startup_ht32f5xxxx_01.o(RESET))
<BR>[Address Reference Count : 1]<UL><LI> startup_ht32f5xxxx_01.o(RESET)
</UL>
<P><STRONG><a name="[13]"></a>SCTM1_IRQHandler</STRONG> (Thumb, 0 bytes, Stack size 0 bytes, startup_ht32f5xxxx_01.o(RESET))
<BR>[Address Reference Count : 1]<UL><LI> startup_ht32f5xxxx_01.o(RESET)
</UL>
<P><STRONG><a name="[2f]"></a>SCTM2_IRQHandler</STRONG> (Thumb, 0 bytes, Stack size 0 bytes, startup_ht32f5xxxx_01.o(RESET), UNUSED, KEPT)

<P><STRONG><a name="[30]"></a>SCTM3_IRQHandler</STRONG> (Thumb, 0 bytes, Stack size 0 bytes, startup_ht32f5xxxx_01.o(RESET), UNUSED, KEPT)

<P><STRONG><a name="[18]"></a>SPI0_IRQHandler</STRONG> (Thumb, 0 bytes, Stack size 0 bytes, startup_ht32f5xxxx_01.o(RESET))
<BR>[Address Reference Count : 1]<UL><LI> startup_ht32f5xxxx_01.o(RESET)
</UL>
<P><STRONG><a name="[19]"></a>SPI1_IRQHandler</STRONG> (Thumb, 0 bytes, Stack size 0 bytes, startup_ht32f5xxxx_01.o(RESET))
<BR>[Address Reference Count : 1]<UL><LI> startup_ht32f5xxxx_01.o(RESET)
</UL>
<P><STRONG><a name="[1c]"></a>UART0_IRQHandler</STRONG> (Thumb, 0 bytes, Stack size 0 bytes, startup_ht32f5xxxx_01.o(RESET))
<BR>[Address Reference Count : 1]<UL><LI> startup_ht32f5xxxx_01.o(RESET)
</UL>
<P><STRONG><a name="[1d]"></a>UART1_IRQHandler</STRONG> (Thumb, 0 bytes, Stack size 0 bytes, startup_ht32f5xxxx_01.o(RESET))
<BR>[Address Reference Count : 1]<UL><LI> startup_ht32f5xxxx_01.o(RESET)
</UL>
<P><STRONG><a name="[31]"></a>UART2_IRQHandler</STRONG> (Thumb, 0 bytes, Stack size 0 bytes, startup_ht32f5xxxx_01.o(RESET), UNUSED, KEPT)

<P><STRONG><a name="[32]"></a>UART3_IRQHandler</STRONG> (Thumb, 0 bytes, Stack size 0 bytes, startup_ht32f5xxxx_01.o(RESET), UNUSED, KEPT)

<P><STRONG><a name="[1a]"></a>USART0_IRQHandler</STRONG> (Thumb, 0 bytes, Stack size 0 bytes, startup_ht32f5xxxx_01.o(RESET))
<BR>[Address Reference Count : 1]<UL><LI> startup_ht32f5xxxx_01.o(RESET)
</UL>
<P><STRONG><a name="[1b]"></a>USART1_IRQHandler</STRONG> (Thumb, 0 bytes, Stack size 0 bytes, startup_ht32f5xxxx_01.o(RESET))
<BR>[Address Reference Count : 1]<UL><LI> startup_ht32f5xxxx_01.o(RESET)
</UL>
<P><STRONG><a name="[20]"></a>USB_IRQHandler</STRONG> (Thumb, 0 bytes, Stack size 0 bytes, startup_ht32f5xxxx_01.o(RESET))
<BR>[Address Reference Count : 1]<UL><LI> startup_ht32f5xxxx_01.o(RESET)
</UL>
<P><STRONG><a name="[25]"></a>__main</STRONG> (Thumb, 0 bytes, Stack size unknown bytes, entry.o(.ARM.Collect$$$$00000000))
<BR>[Address Reference Count : 1]<UL><LI> startup_ht32f5xxxx_01.o(RESET)
</UL>
<P><STRONG><a name="[81]"></a>_main_stk</STRONG> (Thumb, 0 bytes, Stack size unknown bytes, entry2.o(.ARM.Collect$$$$00000001))

<P><STRONG><a name="[33]"></a>_main_scatterload</STRONG> (Thumb, 0 bytes, Stack size unknown bytes, entry5.o(.ARM.Collect$$$$00000004))
<BR><BR>[Calls]<UL><LI><a href="#[34]">&gt;&gt;</a>&nbsp;&nbsp;&nbsp;__scatterload
</UL>

<P><STRONG><a name="[3a]"></a>__main_after_scatterload</STRONG> (Thumb, 0 bytes, Stack size unknown bytes, entry5.o(.ARM.Collect$$$$00000004))
<BR><BR>[Called By]<UL><LI><a href="#[34]">&gt;&gt;</a>&nbsp;&nbsp;&nbsp;__scatterload
</UL>

<P><STRONG><a name="[82]"></a>_main_clock</STRONG> (Thumb, 0 bytes, Stack size unknown bytes, entry7b.o(.ARM.Collect$$$$00000008))

<P><STRONG><a name="[83]"></a>_main_cpp_init</STRONG> (Thumb, 0 bytes, Stack size unknown bytes, entry8b.o(.ARM.Collect$$$$0000000A))

<P><STRONG><a name="[84]"></a>_main_init</STRONG> (Thumb, 0 bytes, Stack size unknown bytes, entry9a.o(.ARM.Collect$$$$0000000B))

<P><STRONG><a name="[85]"></a>__rt_final_cpp</STRONG> (Thumb, 0 bytes, Stack size unknown bytes, entry10a.o(.ARM.Collect$$$$0000000D))

<P><STRONG><a name="[86]"></a>__rt_final_exit</STRONG> (Thumb, 0 bytes, Stack size unknown bytes, entry11a.o(.ARM.Collect$$$$0000000F))

<P><STRONG><a name="[87]"></a>__aeabi_uidiv</STRONG> (Thumb, 0 bytes, Stack size 12 bytes, uidiv.o(.text), UNUSED)

<P><STRONG><a name="[36]"></a>__aeabi_uidivmod</STRONG> (Thumb, 44 bytes, Stack size 12 bytes, uidiv.o(.text))
<BR><BR>[Stack]<UL><LI>Max Depth = 12<LI>Call Chain = __aeabi_uidivmod
</UL>
<BR>[Called By]<UL><LI><a href="#[4a]">&gt;&gt;</a>&nbsp;&nbsp;&nbsp;USART_Init
<LI><a href="#[3b]">&gt;&gt;</a>&nbsp;&nbsp;&nbsp;BFTM0_Configuration
<LI><a href="#[4e]">&gt;&gt;</a>&nbsp;&nbsp;&nbsp;CKCU_GetClocksFrequency
<LI><a href="#[35]">&gt;&gt;</a>&nbsp;&nbsp;&nbsp;__aeabi_idivmod
</UL>

<P><STRONG><a name="[88]"></a>__aeabi_idiv</STRONG> (Thumb, 0 bytes, Stack size 16 bytes, idiv.o(.text), UNUSED)

<P><STRONG><a name="[35]"></a>__aeabi_idivmod</STRONG> (Thumb, 40 bytes, Stack size 16 bytes, idiv.o(.text))
<BR><BR>[Stack]<UL><LI>Max Depth = 28<LI>Call Chain = __aeabi_idivmod &rArr; __aeabi_uidivmod
</UL>
<BR>[Calls]<UL><LI><a href="#[36]">&gt;&gt;</a>&nbsp;&nbsp;&nbsp;__aeabi_uidivmod
</UL>
<BR>[Called By]<UL><LI><a href="#[60]">&gt;&gt;</a>&nbsp;&nbsp;&nbsp;setScore
</UL>

<P><STRONG><a name="[37]"></a>__aeabi_uldivmod</STRONG> (Thumb, 96 bytes, Stack size 48 bytes, uldiv.o(.text), UNUSED)
<BR><BR>[Calls]<UL><LI><a href="#[38]">&gt;&gt;</a>&nbsp;&nbsp;&nbsp;__aeabi_llsr
<LI><a href="#[39]">&gt;&gt;</a>&nbsp;&nbsp;&nbsp;__aeabi_llsl
</UL>
<BR>[Called By]<UL><LI><a href="#[65]">&gt;&gt;</a>&nbsp;&nbsp;&nbsp;_printf_core
</UL>

<P><STRONG><a name="[34]"></a>__scatterload</STRONG> (Thumb, 28 bytes, Stack size 0 bytes, init.o(.text))
<BR><BR>[Calls]<UL><LI><a href="#[3a]">&gt;&gt;</a>&nbsp;&nbsp;&nbsp;__main_after_scatterload
</UL>
<BR>[Called By]<UL><LI><a href="#[33]">&gt;&gt;</a>&nbsp;&nbsp;&nbsp;_main_scatterload
</UL>

<P><STRONG><a name="[89]"></a>__scatterload_rt2</STRONG> (Thumb, 0 bytes, Stack size 0 bytes, init.o(.text), UNUSED)

<P><STRONG><a name="[39]"></a>__aeabi_llsl</STRONG> (Thumb, 32 bytes, Stack size 8 bytes, llshl.o(.text), UNUSED)
<BR><BR>[Called By]<UL><LI><a href="#[37]">&gt;&gt;</a>&nbsp;&nbsp;&nbsp;__aeabi_uldivmod
</UL>

<P><STRONG><a name="[8a]"></a>_ll_shift_l</STRONG> (Thumb, 0 bytes, Stack size 8 bytes, llshl.o(.text), UNUSED)

<P><STRONG><a name="[38]"></a>__aeabi_llsr</STRONG> (Thumb, 34 bytes, Stack size 8 bytes, llushr.o(.text), UNUSED)
<BR><BR>[Called By]<UL><LI><a href="#[37]">&gt;&gt;</a>&nbsp;&nbsp;&nbsp;__aeabi_uldivmod
</UL>

<P><STRONG><a name="[8b]"></a>_ll_ushift_r</STRONG> (Thumb, 0 bytes, Stack size 8 bytes, llushr.o(.text), UNUSED)

<P><STRONG><a name="[49]"></a>AFIO_GPxConfig</STRONG> (Thumb, 94 bytes, Stack size 32 bytes, ht32f5xxxx_gpio.o(i.AFIO_GPxConfig))
<BR><BR>[Stack]<UL><LI>Max Depth = 32<LI>Call Chain = AFIO_GPxConfig
</UL>
<BR>[Called By]<UL><LI><a href="#[75]">&gt;&gt;</a>&nbsp;&nbsp;&nbsp;wsAFIOConfig
<LI><a href="#[48]">&gt;&gt;</a>&nbsp;&nbsp;&nbsp;BTMasterConfiguration
<LI><a href="#[5e]">&gt;&gt;</a>&nbsp;&nbsp;&nbsp;HT32F_DVB_COMInit
</UL>

<P><STRONG><a name="[3b]"></a>BFTM0_Configuration</STRONG> (Thumb, 48 bytes, Stack size 8 bytes, mb_config.o(i.BFTM0_Configuration))
<BR><BR>[Stack]<UL><LI>Max Depth = 20<LI>Call Chain = BFTM0_Configuration &rArr; __aeabi_uidivmod
</UL>
<BR>[Calls]<UL><LI><a href="#[3d]">&gt;&gt;</a>&nbsp;&nbsp;&nbsp;BFTM_SetCounter
<LI><a href="#[3c]">&gt;&gt;</a>&nbsp;&nbsp;&nbsp;BFTM_SetCompare
<LI><a href="#[3e]">&gt;&gt;</a>&nbsp;&nbsp;&nbsp;BFTM_IntConfig
<LI><a href="#[3f]">&gt;&gt;</a>&nbsp;&nbsp;&nbsp;BFTM_EnaCmd
<LI><a href="#[36]">&gt;&gt;</a>&nbsp;&nbsp;&nbsp;__aeabi_uidivmod
</UL>
<BR>[Called By]<UL><LI><a href="#[26]">&gt;&gt;</a>&nbsp;&nbsp;&nbsp;main
</UL>

<P><STRONG><a name="[14]"></a>BFTM0_IRQHandler</STRONG> (Thumb, 168 bytes, Stack size 8 bytes, main.o(i.BFTM0_IRQHandler))
<BR><BR>[Stack]<UL><LI>Max Depth = 40<LI>Call Chain = BFTM0_IRQHandler &rArr; wsShow &rArr; wsPDMAConfig &rArr; PDMA_IntConfig
</UL>
<BR>[Calls]<UL><LI><a href="#[47]">&gt;&gt;</a>&nbsp;&nbsp;&nbsp;wsShow
<LI><a href="#[45]">&gt;&gt;</a>&nbsp;&nbsp;&nbsp;wsSetRightArrow
<LI><a href="#[44]">&gt;&gt;</a>&nbsp;&nbsp;&nbsp;wsSetLeftArrow
<LI><a href="#[46]">&gt;&gt;</a>&nbsp;&nbsp;&nbsp;wsSetColor
<LI><a href="#[43]">&gt;&gt;</a>&nbsp;&nbsp;&nbsp;wsClearAll
<LI><a href="#[41]">&gt;&gt;</a>&nbsp;&nbsp;&nbsp;GPIO_ReadInBit
<LI><a href="#[40]">&gt;&gt;</a>&nbsp;&nbsp;&nbsp;BFTM_ClearFlag
<LI><a href="#[42]">&gt;&gt;</a>&nbsp;&nbsp;&nbsp;__2printf
</UL>
<BR>[Called By]<UL><LI><a href="#[26]">&gt;&gt;</a>&nbsp;&nbsp;&nbsp;main
</UL>
<BR>[Address Reference Count : 1]<UL><LI> startup_ht32f5xxxx_01.o(RESET)
</UL>
<P><STRONG><a name="[40]"></a>BFTM_ClearFlag</STRONG> (Thumb, 14 bytes, Stack size 0 bytes, ht32f5xxxx_bftm.o(i.BFTM_ClearFlag))
<BR><BR>[Called By]<UL><LI><a href="#[14]">&gt;&gt;</a>&nbsp;&nbsp;&nbsp;BFTM0_IRQHandler
</UL>

<P><STRONG><a name="[3f]"></a>BFTM_EnaCmd</STRONG> (Thumb, 24 bytes, Stack size 0 bytes, ht32f5xxxx_bftm.o(i.BFTM_EnaCmd))
<BR><BR>[Called By]<UL><LI><a href="#[3b]">&gt;&gt;</a>&nbsp;&nbsp;&nbsp;BFTM0_Configuration
</UL>

<P><STRONG><a name="[3e]"></a>BFTM_IntConfig</STRONG> (Thumb, 24 bytes, Stack size 0 bytes, ht32f5xxxx_bftm.o(i.BFTM_IntConfig))
<BR><BR>[Called By]<UL><LI><a href="#[3b]">&gt;&gt;</a>&nbsp;&nbsp;&nbsp;BFTM0_Configuration
</UL>

<P><STRONG><a name="[3c]"></a>BFTM_SetCompare</STRONG> (Thumb, 4 bytes, Stack size 0 bytes, ht32f5xxxx_bftm.o(i.BFTM_SetCompare))
<BR><BR>[Called By]<UL><LI><a href="#[3b]">&gt;&gt;</a>&nbsp;&nbsp;&nbsp;BFTM0_Configuration
</UL>

<P><STRONG><a name="[3d]"></a>BFTM_SetCounter</STRONG> (Thumb, 4 bytes, Stack size 0 bytes, ht32f5xxxx_bftm.o(i.BFTM_SetCounter))
<BR><BR>[Called By]<UL><LI><a href="#[3b]">&gt;&gt;</a>&nbsp;&nbsp;&nbsp;BFTM0_Configuration
</UL>

<P><STRONG><a name="[48]"></a>BTMasterConfiguration</STRONG> (Thumb, 78 bytes, Stack size 16 bytes, mb_config.o(i.BTMasterConfiguration))
<BR><BR>[Stack]<UL><LI>Max Depth = 100<LI>Call Chain = BTMasterConfiguration &rArr; USART_Init &rArr; CKCU_GetPeripFrequency &rArr; CKCU_GetClocksFrequency &rArr; CKCU_GetPLLFrequency
</UL>
<BR>[Calls]<UL><LI><a href="#[4b]">&gt;&gt;</a>&nbsp;&nbsp;&nbsp;USART_TxRxCmd
<LI><a href="#[4a]">&gt;&gt;</a>&nbsp;&nbsp;&nbsp;USART_Init
<LI><a href="#[49]">&gt;&gt;</a>&nbsp;&nbsp;&nbsp;AFIO_GPxConfig
</UL>
<BR>[Called By]<UL><LI><a href="#[26]">&gt;&gt;</a>&nbsp;&nbsp;&nbsp;main
</UL>

<P><STRONG><a name="[4c]"></a>CKCU_Configuration</STRONG> (Thumb, 180 bytes, Stack size 16 bytes, mb_config.o(i.CKCU_Configuration))
<BR><BR>[Stack]<UL><LI>Max Depth = 44<LI>Call Chain = CKCU_Configuration &rArr; CKCU_PeripClockConfig
</UL>
<BR>[Calls]<UL><LI><a href="#[4d]">&gt;&gt;</a>&nbsp;&nbsp;&nbsp;CKCU_PeripClockConfig
</UL>
<BR>[Called By]<UL><LI><a href="#[26]">&gt;&gt;</a>&nbsp;&nbsp;&nbsp;main
</UL>

<P><STRONG><a name="[4e]"></a>CKCU_GetClocksFrequency</STRONG> (Thumb, 130 bytes, Stack size 16 bytes, ht32f5xxxx_ckcu.o(i.CKCU_GetClocksFrequency))
<BR><BR>[Stack]<UL><LI>Max Depth = 36<LI>Call Chain = CKCU_GetClocksFrequency &rArr; CKCU_GetPLLFrequency
</UL>
<BR>[Calls]<UL><LI><a href="#[50]">&gt;&gt;</a>&nbsp;&nbsp;&nbsp;__ARM_common_switch8
<LI><a href="#[4f]">&gt;&gt;</a>&nbsp;&nbsp;&nbsp;CKCU_GetPLLFrequency
<LI><a href="#[36]">&gt;&gt;</a>&nbsp;&nbsp;&nbsp;__aeabi_uidivmod
</UL>
<BR>[Called By]<UL><LI><a href="#[51]">&gt;&gt;</a>&nbsp;&nbsp;&nbsp;CKCU_GetPeripFrequency
</UL>

<P><STRONG><a name="[4f]"></a>CKCU_GetPLLFrequency</STRONG> (Thumb, 96 bytes, Stack size 20 bytes, ht32f5xxxx_ckcu.o(i.CKCU_GetPLLFrequency))
<BR><BR>[Stack]<UL><LI>Max Depth = 20<LI>Call Chain = CKCU_GetPLLFrequency
</UL>
<BR>[Called By]<UL><LI><a href="#[4e]">&gt;&gt;</a>&nbsp;&nbsp;&nbsp;CKCU_GetClocksFrequency
</UL>

<P><STRONG><a name="[51]"></a>CKCU_GetPeripFrequency</STRONG> (Thumb, 50 bytes, Stack size 32 bytes, ht32f5xxxx_ckcu.o(i.CKCU_GetPeripFrequency))
<BR><BR>[Stack]<UL><LI>Max Depth = 68<LI>Call Chain = CKCU_GetPeripFrequency &rArr; CKCU_GetClocksFrequency &rArr; CKCU_GetPLLFrequency
</UL>
<BR>[Calls]<UL><LI><a href="#[4e]">&gt;&gt;</a>&nbsp;&nbsp;&nbsp;CKCU_GetClocksFrequency
</UL>
<BR>[Called By]<UL><LI><a href="#[4a]">&gt;&gt;</a>&nbsp;&nbsp;&nbsp;USART_Init
</UL>

<P><STRONG><a name="[4d]"></a>CKCU_PeripClockConfig</STRONG> (Thumb, 60 bytes, Stack size 28 bytes, ht32f5xxxx_ckcu.o(i.CKCU_PeripClockConfig))
<BR><BR>[Stack]<UL><LI>Max Depth = 28<LI>Call Chain = CKCU_PeripClockConfig
</UL>
<BR>[Called By]<UL><LI><a href="#[4c]">&gt;&gt;</a>&nbsp;&nbsp;&nbsp;CKCU_Configuration
<LI><a href="#[5e]">&gt;&gt;</a>&nbsp;&nbsp;&nbsp;HT32F_DVB_COMInit
</UL>

<P><STRONG><a name="[52]"></a>GPIO_Configuration</STRONG> (Thumb, 236 bytes, Stack size 8 bytes, mb_config.o(i.GPIO_Configuration))
<BR><BR>[Stack]<UL><LI>Max Depth = 8<LI>Call Chain = GPIO_Configuration
</UL>
<BR>[Calls]<UL><LI><a href="#[54]">&gt;&gt;</a>&nbsp;&nbsp;&nbsp;GPIO_InputConfig
<LI><a href="#[53]">&gt;&gt;</a>&nbsp;&nbsp;&nbsp;GPIO_DirectionConfig
</UL>
<BR>[Called By]<UL><LI><a href="#[26]">&gt;&gt;</a>&nbsp;&nbsp;&nbsp;main
</UL>

<P><STRONG><a name="[53]"></a>GPIO_DirectionConfig</STRONG> (Thumb, 20 bytes, Stack size 0 bytes, ht32f5xxxx_gpio.o(i.GPIO_DirectionConfig))
<BR><BR>[Called By]<UL><LI><a href="#[52]">&gt;&gt;</a>&nbsp;&nbsp;&nbsp;GPIO_Configuration
</UL>

<P><STRONG><a name="[54]"></a>GPIO_InputConfig</STRONG> (Thumb, 20 bytes, Stack size 0 bytes, ht32f5xxxx_gpio.o(i.GPIO_InputConfig))
<BR><BR>[Called By]<UL><LI><a href="#[52]">&gt;&gt;</a>&nbsp;&nbsp;&nbsp;GPIO_Configuration
</UL>

<P><STRONG><a name="[41]"></a>GPIO_ReadInBit</STRONG> (Thumb, 18 bytes, Stack size 0 bytes, ht32f5xxxx_gpio.o(i.GPIO_ReadInBit))
<BR><BR>[Called By]<UL><LI><a href="#[6d]">&gt;&gt;</a>&nbsp;&nbsp;&nbsp;setMusicStatus
<LI><a href="#[5c]">&gt;&gt;</a>&nbsp;&nbsp;&nbsp;sendBTData
<LI><a href="#[6c]">&gt;&gt;</a>&nbsp;&nbsp;&nbsp;musicSwitch
<LI><a href="#[6b]">&gt;&gt;</a>&nbsp;&nbsp;&nbsp;modeSwitch
<LI><a href="#[14]">&gt;&gt;</a>&nbsp;&nbsp;&nbsp;BFTM0_IRQHandler
</UL>

<P><STRONG><a name="[6f]"></a>GPIO_ReadInData</STRONG> (Thumb, 8 bytes, Stack size 0 bytes, ht32f5xxxx_gpio.o(i.GPIO_ReadInData))
<BR><BR>[Called By]<UL><LI><a href="#[26]">&gt;&gt;</a>&nbsp;&nbsp;&nbsp;main
</UL>

<P><STRONG><a name="[55]"></a>GPTM0_Configuration</STRONG> (Thumb, 64 bytes, Stack size 8 bytes, mb_config.o(i.GPTM0_Configuration))
<BR><BR>[Stack]<UL><LI>Max Depth = 8<LI>Call Chain = GPTM0_Configuration
</UL>
<BR>[Calls]<UL><LI><a href="#[56]">&gt;&gt;</a>&nbsp;&nbsp;&nbsp;TM_TimeBaseStructInit
<LI><a href="#[57]">&gt;&gt;</a>&nbsp;&nbsp;&nbsp;TM_TimeBaseInit
<LI><a href="#[59]">&gt;&gt;</a>&nbsp;&nbsp;&nbsp;TM_IntConfig
<LI><a href="#[5a]">&gt;&gt;</a>&nbsp;&nbsp;&nbsp;TM_Cmd
<LI><a href="#[58]">&gt;&gt;</a>&nbsp;&nbsp;&nbsp;TM_ClearFlag
</UL>
<BR>[Called By]<UL><LI><a href="#[26]">&gt;&gt;</a>&nbsp;&nbsp;&nbsp;main
</UL>

<P><STRONG><a name="[11]"></a>GPTM0_IRQHandler</STRONG> (Thumb, 160 bytes, Stack size 8 bytes, main.o(i.GPTM0_IRQHandler))
<BR><BR>[Stack]<UL><LI>Max Depth = 8<LI>Call Chain = GPTM0_IRQHandler
</UL>
<BR>[Calls]<UL><LI><a href="#[58]">&gt;&gt;</a>&nbsp;&nbsp;&nbsp;TM_ClearFlag
</UL>
<BR>[Called By]<UL><LI><a href="#[26]">&gt;&gt;</a>&nbsp;&nbsp;&nbsp;main
</UL>
<BR>[Address Reference Count : 1]<UL><LI> startup_ht32f5xxxx_01.o(RESET)
</UL>
<P><STRONG><a name="[5b]"></a>GPTM1_Configuration</STRONG> (Thumb, 64 bytes, Stack size 8 bytes, mb_config.o(i.GPTM1_Configuration))
<BR><BR>[Stack]<UL><LI>Max Depth = 8<LI>Call Chain = GPTM1_Configuration
</UL>
<BR>[Calls]<UL><LI><a href="#[56]">&gt;&gt;</a>&nbsp;&nbsp;&nbsp;TM_TimeBaseStructInit
<LI><a href="#[57]">&gt;&gt;</a>&nbsp;&nbsp;&nbsp;TM_TimeBaseInit
<LI><a href="#[59]">&gt;&gt;</a>&nbsp;&nbsp;&nbsp;TM_IntConfig
<LI><a href="#[5a]">&gt;&gt;</a>&nbsp;&nbsp;&nbsp;TM_Cmd
<LI><a href="#[58]">&gt;&gt;</a>&nbsp;&nbsp;&nbsp;TM_ClearFlag
</UL>
<BR>[Called By]<UL><LI><a href="#[26]">&gt;&gt;</a>&nbsp;&nbsp;&nbsp;main
</UL>

<P><STRONG><a name="[10]"></a>GPTM1_IRQHandler</STRONG> (Thumb, 56 bytes, Stack size 8 bytes, main.o(i.GPTM1_IRQHandler))
<BR><BR>[Stack]<UL><LI>Max Depth = 44<LI>Call Chain = GPTM1_IRQHandler &rArr; switchHandle &rArr; wsClearBetween &rArr; wsSetColor
</UL>
<BR>[Calls]<UL><LI><a href="#[47]">&gt;&gt;</a>&nbsp;&nbsp;&nbsp;wsShow
<LI><a href="#[58]">&gt;&gt;</a>&nbsp;&nbsp;&nbsp;TM_ClearFlag
<LI><a href="#[5d]">&gt;&gt;</a>&nbsp;&nbsp;&nbsp;switchHandle
<LI><a href="#[5c]">&gt;&gt;</a>&nbsp;&nbsp;&nbsp;sendBTData
</UL>
<BR>[Called By]<UL><LI><a href="#[26]">&gt;&gt;</a>&nbsp;&nbsp;&nbsp;main
</UL>
<BR>[Address Reference Count : 1]<UL><LI> startup_ht32f5xxxx_01.o(RESET)
</UL>
<P><STRONG><a name="[5e]"></a>HT32F_DVB_COMInit</STRONG> (Thumb, 102 bytes, Stack size 32 bytes, ht32_board.o(i.HT32F_DVB_COMInit))
<BR><BR>[Stack]<UL><LI>Max Depth = 116<LI>Call Chain = HT32F_DVB_COMInit &rArr; USART_Init &rArr; CKCU_GetPeripFrequency &rArr; CKCU_GetClocksFrequency &rArr; CKCU_GetPLLFrequency
</UL>
<BR>[Calls]<UL><LI><a href="#[4b]">&gt;&gt;</a>&nbsp;&nbsp;&nbsp;USART_TxRxCmd
<LI><a href="#[4a]">&gt;&gt;</a>&nbsp;&nbsp;&nbsp;USART_Init
<LI><a href="#[4d]">&gt;&gt;</a>&nbsp;&nbsp;&nbsp;CKCU_PeripClockConfig
<LI><a href="#[49]">&gt;&gt;</a>&nbsp;&nbsp;&nbsp;AFIO_GPxConfig
</UL>
<BR>[Called By]<UL><LI><a href="#[63]">&gt;&gt;</a>&nbsp;&nbsp;&nbsp;RETARGET_Configuration
</UL>

<P><STRONG><a name="[2]"></a>HardFault_Handler</STRONG> (Thumb, 12 bytes, Stack size 0 bytes, ht32f5xxxx_01_it.o(i.HardFault_Handler))
<BR>[Address Reference Count : 1]<UL><LI> startup_ht32f5xxxx_01.o(RESET)
</UL>
<P><STRONG><a name="[5f]"></a>Initialize</STRONG> (Thumb, 118 bytes, Stack size 8 bytes, main.o(i.Initialize))
<BR><BR>[Stack]<UL><LI>Max Depth = 44<LI>Call Chain = Initialize &rArr; setScore &rArr; __aeabi_idivmod &rArr; __aeabi_uidivmod
</UL>
<BR>[Calls]<UL><LI><a href="#[60]">&gt;&gt;</a>&nbsp;&nbsp;&nbsp;setScore
</UL>
<BR>[Called By]<UL><LI><a href="#[26]">&gt;&gt;</a>&nbsp;&nbsp;&nbsp;main
</UL>

<P><STRONG><a name="[78]"></a>MCTM_CHMOECmd</STRONG> (Thumb, 24 bytes, Stack size 0 bytes, ht32f5xxxx_mctm.o(i.MCTM_CHMOECmd))
<BR><BR>[Called By]<UL><LI><a href="#[69]">&gt;&gt;</a>&nbsp;&nbsp;&nbsp;wsInit
</UL>

<P><STRONG><a name="[1]"></a>NMI_Handler</STRONG> (Thumb, 2 bytes, Stack size 0 bytes, ht32f5xxxx_01_it.o(i.NMI_Handler))
<BR>[Address Reference Count : 1]<UL><LI> startup_ht32f5xxxx_01.o(RESET)
</UL>
<P><STRONG><a name="[61]"></a>NVIC_Configuration</STRONG> (Thumb, 22 bytes, Stack size 8 bytes, mb_config.o(i.NVIC_Configuration))
<BR><BR>[Stack]<UL><LI>Max Depth = 8<LI>Call Chain = NVIC_Configuration
</UL>
<BR>[Calls]<UL><LI><a href="#[62]">&gt;&gt;</a>&nbsp;&nbsp;&nbsp;NVIC_EnableIRQ
</UL>
<BR>[Called By]<UL><LI><a href="#[26]">&gt;&gt;</a>&nbsp;&nbsp;&nbsp;main
</UL>

<P><STRONG><a name="[7b]"></a>PDMA_ClearFlag</STRONG> (Thumb, 22 bytes, Stack size 8 bytes, ht32f5xxxx_pdma.o(i.PDMA_ClearFlag))
<BR><BR>[Stack]<UL><LI>Max Depth = 8<LI>Call Chain = PDMA_ClearFlag
</UL>
<BR>[Called By]<UL><LI><a href="#[79]">&gt;&gt;</a>&nbsp;&nbsp;&nbsp;wsPDMAConfig
<LI><a href="#[47]">&gt;&gt;</a>&nbsp;&nbsp;&nbsp;wsShow
</UL>

<P><STRONG><a name="[7a]"></a>PDMA_Config</STRONG> (Thumb, 46 bytes, Stack size 8 bytes, ht32f5xxxx_pdma.o(i.PDMA_Config))
<BR><BR>[Stack]<UL><LI>Max Depth = 8<LI>Call Chain = PDMA_Config
</UL>
<BR>[Called By]<UL><LI><a href="#[79]">&gt;&gt;</a>&nbsp;&nbsp;&nbsp;wsPDMAConfig
</UL>

<P><STRONG><a name="[7f]"></a>PDMA_EnaCmd</STRONG> (Thumb, 38 bytes, Stack size 8 bytes, ht32f5xxxx_pdma.o(i.PDMA_EnaCmd))
<BR><BR>[Stack]<UL><LI>Max Depth = 8<LI>Call Chain = PDMA_EnaCmd
</UL>
<BR>[Called By]<UL><LI><a href="#[47]">&gt;&gt;</a>&nbsp;&nbsp;&nbsp;wsShow
</UL>

<P><STRONG><a name="[80]"></a>PDMA_GetFlagStatus</STRONG> (Thumb, 30 bytes, Stack size 8 bytes, ht32f5xxxx_pdma.o(i.PDMA_GetFlagStatus))
<BR><BR>[Stack]<UL><LI>Max Depth = 8<LI>Call Chain = PDMA_GetFlagStatus
</UL>
<BR>[Called By]<UL><LI><a href="#[47]">&gt;&gt;</a>&nbsp;&nbsp;&nbsp;wsShow
</UL>

<P><STRONG><a name="[7c]"></a>PDMA_IntConfig</STRONG> (Thumb, 84 bytes, Stack size 16 bytes, ht32f5xxxx_pdma.o(i.PDMA_IntConfig))
<BR><BR>[Stack]<UL><LI>Max Depth = 16<LI>Call Chain = PDMA_IntConfig
</UL>
<BR>[Called By]<UL><LI><a href="#[79]">&gt;&gt;</a>&nbsp;&nbsp;&nbsp;wsPDMAConfig
</UL>

<P><STRONG><a name="[4]"></a>PendSV_Handler</STRONG> (Thumb, 2 bytes, Stack size 0 bytes, ht32f5xxxx_01_it.o(i.PendSV_Handler))
<BR>[Address Reference Count : 1]<UL><LI> startup_ht32f5xxxx_01.o(RESET)
</UL>
<P><STRONG><a name="[63]"></a>RETARGET_Configuration</STRONG> (Thumb, 34 bytes, Stack size 16 bytes, ht32_retarget.o(i.RETARGET_Configuration))
<BR><BR>[Stack]<UL><LI>Max Depth = 132<LI>Call Chain = RETARGET_Configuration &rArr; HT32F_DVB_COMInit &rArr; USART_Init &rArr; CKCU_GetPeripFrequency &rArr; CKCU_GetClocksFrequency &rArr; CKCU_GetPLLFrequency
</UL>
<BR>[Calls]<UL><LI><a href="#[5e]">&gt;&gt;</a>&nbsp;&nbsp;&nbsp;HT32F_DVB_COMInit
</UL>
<BR>[Called By]<UL><LI><a href="#[26]">&gt;&gt;</a>&nbsp;&nbsp;&nbsp;main
</UL>

<P><STRONG><a name="[68]"></a>SERIAL_PutChar</STRONG> (Thumb, 24 bytes, Stack size 0 bytes, ht32_serial.o(i.SERIAL_PutChar))
<BR><BR>[Called By]<UL><LI><a href="#[27]">&gt;&gt;</a>&nbsp;&nbsp;&nbsp;fputc
</UL>

<P><STRONG><a name="[3]"></a>SVC_Handler</STRONG> (Thumb, 2 bytes, Stack size 0 bytes, ht32f5xxxx_01_it.o(i.SVC_Handler))
<BR>[Address Reference Count : 1]<UL><LI> startup_ht32f5xxxx_01.o(RESET)
</UL>
<P><STRONG><a name="[5]"></a>SysTick_Handler</STRONG> (Thumb, 2 bytes, Stack size 0 bytes, ht32f5xxxx_01_it.o(i.SysTick_Handler))
<BR>[Address Reference Count : 1]<UL><LI> startup_ht32f5xxxx_01.o(RESET)
</UL>
<P><STRONG><a name="[24]"></a>SystemInit</STRONG> (Thumb, 304 bytes, Stack size 0 bytes, system_ht32f5xxxx_01.o(i.SystemInit))
<BR>[Address Reference Count : 1]<UL><LI> startup_ht32f5xxxx_01.o(RESET)
</UL>
<P><STRONG><a name="[58]"></a>TM_ClearFlag</STRONG> (Thumb, 10 bytes, Stack size 0 bytes, ht32f5xxxx_tm.o(i.TM_ClearFlag))
<BR><BR>[Called By]<UL><LI><a href="#[76]">&gt;&gt;</a>&nbsp;&nbsp;&nbsp;wsPWMConfig
<LI><a href="#[5b]">&gt;&gt;</a>&nbsp;&nbsp;&nbsp;GPTM1_Configuration
<LI><a href="#[55]">&gt;&gt;</a>&nbsp;&nbsp;&nbsp;GPTM0_Configuration
<LI><a href="#[10]">&gt;&gt;</a>&nbsp;&nbsp;&nbsp;GPTM1_IRQHandler
<LI><a href="#[11]">&gt;&gt;</a>&nbsp;&nbsp;&nbsp;GPTM0_IRQHandler
</UL>

<P><STRONG><a name="[5a]"></a>TM_Cmd</STRONG> (Thumb, 24 bytes, Stack size 0 bytes, ht32f5xxxx_tm.o(i.TM_Cmd))
<BR><BR>[Called By]<UL><LI><a href="#[76]">&gt;&gt;</a>&nbsp;&nbsp;&nbsp;wsPWMConfig
<LI><a href="#[47]">&gt;&gt;</a>&nbsp;&nbsp;&nbsp;wsShow
<LI><a href="#[5b]">&gt;&gt;</a>&nbsp;&nbsp;&nbsp;GPTM1_Configuration
<LI><a href="#[55]">&gt;&gt;</a>&nbsp;&nbsp;&nbsp;GPTM0_Configuration
</UL>

<P><STRONG><a name="[59]"></a>TM_IntConfig</STRONG> (Thumb, 20 bytes, Stack size 0 bytes, ht32f5xxxx_tm.o(i.TM_IntConfig))
<BR><BR>[Called By]<UL><LI><a href="#[5b]">&gt;&gt;</a>&nbsp;&nbsp;&nbsp;GPTM1_Configuration
<LI><a href="#[55]">&gt;&gt;</a>&nbsp;&nbsp;&nbsp;GPTM0_Configuration
</UL>

<P><STRONG><a name="[7e]"></a>TM_OutputInit</STRONG> (Thumb, 202 bytes, Stack size 28 bytes, ht32f5xxxx_tm.o(i.TM_OutputInit))
<BR><BR>[Stack]<UL><LI>Max Depth = 28<LI>Call Chain = TM_OutputInit
</UL>
<BR>[Called By]<UL><LI><a href="#[76]">&gt;&gt;</a>&nbsp;&nbsp;&nbsp;wsPWMConfig
</UL>

<P><STRONG><a name="[7d]"></a>TM_PDMAConfig</STRONG> (Thumb, 20 bytes, Stack size 0 bytes, ht32f5xxxx_tm.o(i.TM_PDMAConfig))
<BR><BR>[Called By]<UL><LI><a href="#[79]">&gt;&gt;</a>&nbsp;&nbsp;&nbsp;wsPDMAConfig
<LI><a href="#[47]">&gt;&gt;</a>&nbsp;&nbsp;&nbsp;wsShow
</UL>

<P><STRONG><a name="[57]"></a>TM_TimeBaseInit</STRONG> (Thumb, 58 bytes, Stack size 0 bytes, ht32f5xxxx_tm.o(i.TM_TimeBaseInit))
<BR><BR>[Called By]<UL><LI><a href="#[76]">&gt;&gt;</a>&nbsp;&nbsp;&nbsp;wsPWMConfig
<LI><a href="#[5b]">&gt;&gt;</a>&nbsp;&nbsp;&nbsp;GPTM1_Configuration
<LI><a href="#[55]">&gt;&gt;</a>&nbsp;&nbsp;&nbsp;GPTM0_Configuration
</UL>

<P><STRONG><a name="[56]"></a>TM_TimeBaseStructInit</STRONG> (Thumb, 24 bytes, Stack size 0 bytes, ht32f5xxxx_tm.o(i.TM_TimeBaseStructInit))
<BR><BR>[Called By]<UL><LI><a href="#[5b]">&gt;&gt;</a>&nbsp;&nbsp;&nbsp;GPTM1_Configuration
<LI><a href="#[55]">&gt;&gt;</a>&nbsp;&nbsp;&nbsp;GPTM0_Configuration
</UL>

<P><STRONG><a name="[73]"></a>USART_GetFlagStatus</STRONG> (Thumb, 18 bytes, Stack size 0 bytes, ht32f5xxxx_usart.o(i.USART_GetFlagStatus))
<BR><BR>[Called By]<UL><LI><a href="#[5c]">&gt;&gt;</a>&nbsp;&nbsp;&nbsp;sendBTData
</UL>

<P><STRONG><a name="[4a]"></a>USART_Init</STRONG> (Thumb, 122 bytes, Stack size 16 bytes, ht32f5xxxx_usart.o(i.USART_Init))
<BR><BR>[Stack]<UL><LI>Max Depth = 84<LI>Call Chain = USART_Init &rArr; CKCU_GetPeripFrequency &rArr; CKCU_GetClocksFrequency &rArr; CKCU_GetPLLFrequency
</UL>
<BR>[Calls]<UL><LI><a href="#[51]">&gt;&gt;</a>&nbsp;&nbsp;&nbsp;CKCU_GetPeripFrequency
<LI><a href="#[36]">&gt;&gt;</a>&nbsp;&nbsp;&nbsp;__aeabi_uidivmod
</UL>
<BR>[Called By]<UL><LI><a href="#[48]">&gt;&gt;</a>&nbsp;&nbsp;&nbsp;BTMasterConfiguration
<LI><a href="#[5e]">&gt;&gt;</a>&nbsp;&nbsp;&nbsp;HT32F_DVB_COMInit
</UL>

<P><STRONG><a name="[72]"></a>USART_SendData</STRONG> (Thumb, 4 bytes, Stack size 0 bytes, ht32f5xxxx_usart.o(i.USART_SendData))
<BR><BR>[Called By]<UL><LI><a href="#[5c]">&gt;&gt;</a>&nbsp;&nbsp;&nbsp;sendBTData
</UL>

<P><STRONG><a name="[4b]"></a>USART_TxRxCmd</STRONG> (Thumb, 30 bytes, Stack size 8 bytes, ht32f5xxxx_usart.o(i.USART_TxRxCmd))
<BR><BR>[Stack]<UL><LI>Max Depth = 8<LI>Call Chain = USART_TxRxCmd
</UL>
<BR>[Called By]<UL><LI><a href="#[48]">&gt;&gt;</a>&nbsp;&nbsp;&nbsp;BTMasterConfiguration
<LI><a href="#[5e]">&gt;&gt;</a>&nbsp;&nbsp;&nbsp;HT32F_DVB_COMInit
</UL>

<P><STRONG><a name="[64]"></a>__0printf$8</STRONG> (Thumb, 24 bytes, Stack size 24 bytes, printf8.o(i.__0printf$8), UNUSED)
<BR><BR>[Calls]<UL><LI><a href="#[65]">&gt;&gt;</a>&nbsp;&nbsp;&nbsp;_printf_core
</UL>

<P><STRONG><a name="[8c]"></a>__1printf$8</STRONG> (Thumb, 0 bytes, Stack size 24 bytes, printf8.o(i.__0printf$8), UNUSED)

<P><STRONG><a name="[42]"></a>__2printf</STRONG> (Thumb, 0 bytes, Stack size 24 bytes, printf8.o(i.__0printf$8))
<BR><BR>[Stack]<UL><LI>Max Depth = 24<LI>Call Chain = __2printf
</UL>
<BR>[Called By]<UL><LI><a href="#[5c]">&gt;&gt;</a>&nbsp;&nbsp;&nbsp;sendBTData
<LI><a href="#[6c]">&gt;&gt;</a>&nbsp;&nbsp;&nbsp;musicSwitch
<LI><a href="#[6b]">&gt;&gt;</a>&nbsp;&nbsp;&nbsp;modeSwitch
<LI><a href="#[26]">&gt;&gt;</a>&nbsp;&nbsp;&nbsp;main
<LI><a href="#[14]">&gt;&gt;</a>&nbsp;&nbsp;&nbsp;BFTM0_IRQHandler
</UL>

<P><STRONG><a name="[50]"></a>__ARM_common_switch8</STRONG> (Thumb, 28 bytes, Stack size 8 bytes, ht32f5xxxx_ckcu.o(i.__ARM_common_switch8))
<BR><BR>[Stack]<UL><LI>Max Depth = 8<LI>Call Chain = __ARM_common_switch8
</UL>
<BR>[Called By]<UL><LI><a href="#[4e]">&gt;&gt;</a>&nbsp;&nbsp;&nbsp;CKCU_GetClocksFrequency
</UL>

<P><STRONG><a name="[8d]"></a>__scatterload_copy</STRONG> (Thumb, 14 bytes, Stack size unknown bytes, handlers.o(i.__scatterload_copy), UNUSED)

<P><STRONG><a name="[8e]"></a>__scatterload_null</STRONG> (Thumb, 2 bytes, Stack size unknown bytes, handlers.o(i.__scatterload_null), UNUSED)

<P><STRONG><a name="[8f]"></a>__scatterload_zeroinit</STRONG> (Thumb, 14 bytes, Stack size unknown bytes, handlers.o(i.__scatterload_zeroinit), UNUSED)

<P><STRONG><a name="[27]"></a>fputc</STRONG> (Thumb, 14 bytes, Stack size 16 bytes, ht32_retarget.o(i.fputc))
<BR><BR>[Stack]<UL><LI>Max Depth = 16<LI>Call Chain = fputc
</UL>
<BR>[Calls]<UL><LI><a href="#[68]">&gt;&gt;</a>&nbsp;&nbsp;&nbsp;SERIAL_PutChar
</UL>
<BR>[Address Reference Count : 1]<UL><LI> printf8.o(i.__0printf$8)
</UL>
<P><STRONG><a name="[26]"></a>main</STRONG> (Thumb, 298 bytes, Stack size 0 bytes, main.o(i.main))
<BR><BR>[Stack]<UL><LI>Max Depth = 132<LI>Call Chain = main &rArr; RETARGET_Configuration &rArr; HT32F_DVB_COMInit &rArr; USART_Init &rArr; CKCU_GetPeripFrequency &rArr; CKCU_GetClocksFrequency &rArr; CKCU_GetPLLFrequency
</UL>
<BR>[Calls]<UL><LI><a href="#[69]">&gt;&gt;</a>&nbsp;&nbsp;&nbsp;wsInit
<LI><a href="#[6a]">&gt;&gt;</a>&nbsp;&nbsp;&nbsp;wsBlinkAll
<LI><a href="#[63]">&gt;&gt;</a>&nbsp;&nbsp;&nbsp;RETARGET_Configuration
<LI><a href="#[61]">&gt;&gt;</a>&nbsp;&nbsp;&nbsp;NVIC_Configuration
<LI><a href="#[5b]">&gt;&gt;</a>&nbsp;&nbsp;&nbsp;GPTM1_Configuration
<LI><a href="#[55]">&gt;&gt;</a>&nbsp;&nbsp;&nbsp;GPTM0_Configuration
<LI><a href="#[6f]">&gt;&gt;</a>&nbsp;&nbsp;&nbsp;GPIO_ReadInData
<LI><a href="#[52]">&gt;&gt;</a>&nbsp;&nbsp;&nbsp;GPIO_Configuration
<LI><a href="#[4c]">&gt;&gt;</a>&nbsp;&nbsp;&nbsp;CKCU_Configuration
<LI><a href="#[48]">&gt;&gt;</a>&nbsp;&nbsp;&nbsp;BTMasterConfiguration
<LI><a href="#[3b]">&gt;&gt;</a>&nbsp;&nbsp;&nbsp;BFTM0_Configuration
<LI><a href="#[6e]">&gt;&gt;</a>&nbsp;&nbsp;&nbsp;wsSetMusicLED
<LI><a href="#[60]">&gt;&gt;</a>&nbsp;&nbsp;&nbsp;setScore
<LI><a href="#[6d]">&gt;&gt;</a>&nbsp;&nbsp;&nbsp;setMusicStatus
<LI><a href="#[6c]">&gt;&gt;</a>&nbsp;&nbsp;&nbsp;musicSwitch
<LI><a href="#[6b]">&gt;&gt;</a>&nbsp;&nbsp;&nbsp;modeSwitch
<LI><a href="#[5f]">&gt;&gt;</a>&nbsp;&nbsp;&nbsp;Initialize
<LI><a href="#[10]">&gt;&gt;</a>&nbsp;&nbsp;&nbsp;GPTM1_IRQHandler
<LI><a href="#[11]">&gt;&gt;</a>&nbsp;&nbsp;&nbsp;GPTM0_IRQHandler
<LI><a href="#[14]">&gt;&gt;</a>&nbsp;&nbsp;&nbsp;BFTM0_IRQHandler
<LI><a href="#[42]">&gt;&gt;</a>&nbsp;&nbsp;&nbsp;__2printf
</UL>
<BR>[Address Reference Count : 1]<UL><LI> entry9a.o(.ARM.Collect$$$$0000000B)
</UL>
<P><STRONG><a name="[6b]"></a>modeSwitch</STRONG> (Thumb, 306 bytes, Stack size 8 bytes, main.o(i.modeSwitch))
<BR><BR>[Stack]<UL><LI>Max Depth = 40<LI>Call Chain = modeSwitch &rArr; wsSetRightArrow &rArr; wsSetColor
</UL>
<BR>[Calls]<UL><LI><a href="#[45]">&gt;&gt;</a>&nbsp;&nbsp;&nbsp;wsSetRightArrow
<LI><a href="#[44]">&gt;&gt;</a>&nbsp;&nbsp;&nbsp;wsSetLeftArrow
<LI><a href="#[70]">&gt;&gt;</a>&nbsp;&nbsp;&nbsp;wsClearBetween
<LI><a href="#[41]">&gt;&gt;</a>&nbsp;&nbsp;&nbsp;GPIO_ReadInBit
<LI><a href="#[42]">&gt;&gt;</a>&nbsp;&nbsp;&nbsp;__2printf
</UL>
<BR>[Called By]<UL><LI><a href="#[26]">&gt;&gt;</a>&nbsp;&nbsp;&nbsp;main
</UL>

<P><STRONG><a name="[6c]"></a>musicSwitch</STRONG> (Thumb, 396 bytes, Stack size 8 bytes, main.o(i.musicSwitch))
<BR><BR>[Stack]<UL><LI>Max Depth = 44<LI>Call Chain = musicSwitch &rArr; wsSetNumber &rArr; wsSetColor
</UL>
<BR>[Calls]<UL><LI><a href="#[45]">&gt;&gt;</a>&nbsp;&nbsp;&nbsp;wsSetRightArrow
<LI><a href="#[71]">&gt;&gt;</a>&nbsp;&nbsp;&nbsp;wsSetNumber
<LI><a href="#[44]">&gt;&gt;</a>&nbsp;&nbsp;&nbsp;wsSetLeftArrow
<LI><a href="#[70]">&gt;&gt;</a>&nbsp;&nbsp;&nbsp;wsClearBetween
<LI><a href="#[43]">&gt;&gt;</a>&nbsp;&nbsp;&nbsp;wsClearAll
<LI><a href="#[41]">&gt;&gt;</a>&nbsp;&nbsp;&nbsp;GPIO_ReadInBit
<LI><a href="#[42]">&gt;&gt;</a>&nbsp;&nbsp;&nbsp;__2printf
</UL>
<BR>[Called By]<UL><LI><a href="#[26]">&gt;&gt;</a>&nbsp;&nbsp;&nbsp;main
</UL>

<P><STRONG><a name="[5c]"></a>sendBTData</STRONG> (Thumb, 216 bytes, Stack size 8 bytes, main.o(i.sendBTData))
<BR><BR>[Stack]<UL><LI>Max Depth = 32<LI>Call Chain = sendBTData &rArr; __2printf
</UL>
<BR>[Calls]<UL><LI><a href="#[72]">&gt;&gt;</a>&nbsp;&nbsp;&nbsp;USART_SendData
<LI><a href="#[73]">&gt;&gt;</a>&nbsp;&nbsp;&nbsp;USART_GetFlagStatus
<LI><a href="#[41]">&gt;&gt;</a>&nbsp;&nbsp;&nbsp;GPIO_ReadInBit
<LI><a href="#[42]">&gt;&gt;</a>&nbsp;&nbsp;&nbsp;__2printf
</UL>
<BR>[Called By]<UL><LI><a href="#[10]">&gt;&gt;</a>&nbsp;&nbsp;&nbsp;GPTM1_IRQHandler
</UL>

<P><STRONG><a name="[6d]"></a>setMusicStatus</STRONG> (Thumb, 78 bytes, Stack size 8 bytes, main.o(i.setMusicStatus))
<BR><BR>[Stack]<UL><LI>Max Depth = 36<LI>Call Chain = setMusicStatus &rArr; wsSetMusicStatus &rArr; wsSetColor
</UL>
<BR>[Calls]<UL><LI><a href="#[74]">&gt;&gt;</a>&nbsp;&nbsp;&nbsp;wsSetMusicStatus
<LI><a href="#[41]">&gt;&gt;</a>&nbsp;&nbsp;&nbsp;GPIO_ReadInBit
</UL>
<BR>[Called By]<UL><LI><a href="#[26]">&gt;&gt;</a>&nbsp;&nbsp;&nbsp;main
</UL>

<P><STRONG><a name="[60]"></a>setScore</STRONG> (Thumb, 82 bytes, Stack size 8 bytes, main.o(i.setScore))
<BR><BR>[Stack]<UL><LI>Max Depth = 36<LI>Call Chain = setScore &rArr; __aeabi_idivmod &rArr; __aeabi_uidivmod
</UL>
<BR>[Calls]<UL><LI><a href="#[35]">&gt;&gt;</a>&nbsp;&nbsp;&nbsp;__aeabi_idivmod
</UL>
<BR>[Called By]<UL><LI><a href="#[26]">&gt;&gt;</a>&nbsp;&nbsp;&nbsp;main
<LI><a href="#[5f]">&gt;&gt;</a>&nbsp;&nbsp;&nbsp;Initialize
</UL>

<P><STRONG><a name="[5d]"></a>switchHandle</STRONG> (Thumb, 124 bytes, Stack size 8 bytes, main.o(i.switchHandle))
<BR><BR>[Stack]<UL><LI>Max Depth = 36<LI>Call Chain = switchHandle &rArr; wsClearBetween &rArr; wsSetColor
</UL>
<BR>[Calls]<UL><LI><a href="#[46]">&gt;&gt;</a>&nbsp;&nbsp;&nbsp;wsSetColor
<LI><a href="#[70]">&gt;&gt;</a>&nbsp;&nbsp;&nbsp;wsClearBetween
</UL>
<BR>[Called By]<UL><LI><a href="#[10]">&gt;&gt;</a>&nbsp;&nbsp;&nbsp;GPTM1_IRQHandler
</UL>

<P><STRONG><a name="[75]"></a>wsAFIOConfig</STRONG> (Thumb, 14 bytes, Stack size 8 bytes, ws2812.o(i.wsAFIOConfig))
<BR><BR>[Stack]<UL><LI>Max Depth = 40<LI>Call Chain = wsAFIOConfig &rArr; AFIO_GPxConfig
</UL>
<BR>[Calls]<UL><LI><a href="#[49]">&gt;&gt;</a>&nbsp;&nbsp;&nbsp;AFIO_GPxConfig
</UL>
<BR>[Called By]<UL><LI><a href="#[69]">&gt;&gt;</a>&nbsp;&nbsp;&nbsp;wsInit
</UL>

<P><STRONG><a name="[6a]"></a>wsBlinkAll</STRONG> (Thumb, 64 bytes, Stack size 8 bytes, ws2812.o(i.wsBlinkAll))
<BR><BR>[Stack]<UL><LI>Max Depth = 28<LI>Call Chain = wsBlinkAll &rArr; wsClearAll &rArr; wsSetColor
</UL>
<BR>[Calls]<UL><LI><a href="#[46]">&gt;&gt;</a>&nbsp;&nbsp;&nbsp;wsSetColor
<LI><a href="#[43]">&gt;&gt;</a>&nbsp;&nbsp;&nbsp;wsClearAll
</UL>
<BR>[Called By]<UL><LI><a href="#[26]">&gt;&gt;</a>&nbsp;&nbsp;&nbsp;main
</UL>

<P><STRONG><a name="[43]"></a>wsClearAll</STRONG> (Thumb, 44 bytes, Stack size 4 bytes, ws2812.o(i.wsClearAll))
<BR><BR>[Stack]<UL><LI>Max Depth = 20<LI>Call Chain = wsClearAll &rArr; wsSetColor
</UL>
<BR>[Calls]<UL><LI><a href="#[46]">&gt;&gt;</a>&nbsp;&nbsp;&nbsp;wsSetColor
</UL>
<BR>[Called By]<UL><LI><a href="#[69]">&gt;&gt;</a>&nbsp;&nbsp;&nbsp;wsInit
<LI><a href="#[6a]">&gt;&gt;</a>&nbsp;&nbsp;&nbsp;wsBlinkAll
<LI><a href="#[6c]">&gt;&gt;</a>&nbsp;&nbsp;&nbsp;musicSwitch
<LI><a href="#[14]">&gt;&gt;</a>&nbsp;&nbsp;&nbsp;BFTM0_IRQHandler
</UL>

<P><STRONG><a name="[70]"></a>wsClearBetween</STRONG> (Thumb, 46 bytes, Stack size 12 bytes, ws2812.o(i.wsClearBetween))
<BR><BR>[Stack]<UL><LI>Max Depth = 28<LI>Call Chain = wsClearBetween &rArr; wsSetColor
</UL>
<BR>[Calls]<UL><LI><a href="#[46]">&gt;&gt;</a>&nbsp;&nbsp;&nbsp;wsSetColor
</UL>
<BR>[Called By]<UL><LI><a href="#[5d]">&gt;&gt;</a>&nbsp;&nbsp;&nbsp;switchHandle
<LI><a href="#[6c]">&gt;&gt;</a>&nbsp;&nbsp;&nbsp;musicSwitch
<LI><a href="#[6b]">&gt;&gt;</a>&nbsp;&nbsp;&nbsp;modeSwitch
</UL>

<P><STRONG><a name="[69]"></a>wsInit</STRONG> (Thumb, 86 bytes, Stack size 8 bytes, ws2812.o(i.wsInit))
<BR><BR>[Stack]<UL><LI>Max Depth = 48<LI>Call Chain = wsInit &rArr; wsAFIOConfig &rArr; AFIO_GPxConfig
</UL>
<BR>[Calls]<UL><LI><a href="#[78]">&gt;&gt;</a>&nbsp;&nbsp;&nbsp;MCTM_CHMOECmd
<LI><a href="#[76]">&gt;&gt;</a>&nbsp;&nbsp;&nbsp;wsPWMConfig
<LI><a href="#[77]">&gt;&gt;</a>&nbsp;&nbsp;&nbsp;wsNVICConfig
<LI><a href="#[75]">&gt;&gt;</a>&nbsp;&nbsp;&nbsp;wsAFIOConfig
<LI><a href="#[43]">&gt;&gt;</a>&nbsp;&nbsp;&nbsp;wsClearAll
</UL>
<BR>[Called By]<UL><LI><a href="#[26]">&gt;&gt;</a>&nbsp;&nbsp;&nbsp;main
</UL>

<P><STRONG><a name="[77]"></a>wsNVICConfig</STRONG> (Thumb, 14 bytes, Stack size 0 bytes, ws2812.o(i.wsNVICConfig))
<BR><BR>[Called By]<UL><LI><a href="#[69]">&gt;&gt;</a>&nbsp;&nbsp;&nbsp;wsInit
</UL>

<P><STRONG><a name="[79]"></a>wsPDMAConfig</STRONG> (Thumb, 76 bytes, Stack size 8 bytes, ws2812.o(i.wsPDMAConfig))
<BR><BR>[Stack]<UL><LI>Max Depth = 24<LI>Call Chain = wsPDMAConfig &rArr; PDMA_IntConfig
</UL>
<BR>[Calls]<UL><LI><a href="#[7d]">&gt;&gt;</a>&nbsp;&nbsp;&nbsp;TM_PDMAConfig
<LI><a href="#[7c]">&gt;&gt;</a>&nbsp;&nbsp;&nbsp;PDMA_IntConfig
<LI><a href="#[7a]">&gt;&gt;</a>&nbsp;&nbsp;&nbsp;PDMA_Config
<LI><a href="#[7b]">&gt;&gt;</a>&nbsp;&nbsp;&nbsp;PDMA_ClearFlag
</UL>
<BR>[Called By]<UL><LI><a href="#[47]">&gt;&gt;</a>&nbsp;&nbsp;&nbsp;wsShow
</UL>

<P><STRONG><a name="[76]"></a>wsPWMConfig</STRONG> (Thumb, 86 bytes, Stack size 8 bytes, ws2812.o(i.wsPWMConfig))
<BR><BR>[Stack]<UL><LI>Max Depth = 36<LI>Call Chain = wsPWMConfig &rArr; TM_OutputInit
</UL>
<BR>[Calls]<UL><LI><a href="#[7e]">&gt;&gt;</a>&nbsp;&nbsp;&nbsp;TM_OutputInit
<LI><a href="#[57]">&gt;&gt;</a>&nbsp;&nbsp;&nbsp;TM_TimeBaseInit
<LI><a href="#[5a]">&gt;&gt;</a>&nbsp;&nbsp;&nbsp;TM_Cmd
<LI><a href="#[58]">&gt;&gt;</a>&nbsp;&nbsp;&nbsp;TM_ClearFlag
</UL>
<BR>[Called By]<UL><LI><a href="#[69]">&gt;&gt;</a>&nbsp;&nbsp;&nbsp;wsInit
</UL>

<P><STRONG><a name="[46]"></a>wsSetColor</STRONG> (Thumb, 218 bytes, Stack size 16 bytes, ws2812.o(i.wsSetColor))
<BR><BR>[Stack]<UL><LI>Max Depth = 16<LI>Call Chain = wsSetColor
</UL>
<BR>[Called By]<UL><LI><a href="#[45]">&gt;&gt;</a>&nbsp;&nbsp;&nbsp;wsSetRightArrow
<LI><a href="#[71]">&gt;&gt;</a>&nbsp;&nbsp;&nbsp;wsSetNumber
<LI><a href="#[74]">&gt;&gt;</a>&nbsp;&nbsp;&nbsp;wsSetMusicStatus
<LI><a href="#[44]">&gt;&gt;</a>&nbsp;&nbsp;&nbsp;wsSetLeftArrow
<LI><a href="#[70]">&gt;&gt;</a>&nbsp;&nbsp;&nbsp;wsClearBetween
<LI><a href="#[43]">&gt;&gt;</a>&nbsp;&nbsp;&nbsp;wsClearAll
<LI><a href="#[6a]">&gt;&gt;</a>&nbsp;&nbsp;&nbsp;wsBlinkAll
<LI><a href="#[6e]">&gt;&gt;</a>&nbsp;&nbsp;&nbsp;wsSetMusicLED
<LI><a href="#[5d]">&gt;&gt;</a>&nbsp;&nbsp;&nbsp;switchHandle
<LI><a href="#[14]">&gt;&gt;</a>&nbsp;&nbsp;&nbsp;BFTM0_IRQHandler
</UL>

<P><STRONG><a name="[44]"></a>wsSetLeftArrow</STRONG> (Thumb, 46 bytes, Stack size 16 bytes, ws2812.o(i.wsSetLeftArrow))
<BR><BR>[Stack]<UL><LI>Max Depth = 32<LI>Call Chain = wsSetLeftArrow &rArr; wsSetColor
</UL>
<BR>[Calls]<UL><LI><a href="#[46]">&gt;&gt;</a>&nbsp;&nbsp;&nbsp;wsSetColor
</UL>
<BR>[Called By]<UL><LI><a href="#[6c]">&gt;&gt;</a>&nbsp;&nbsp;&nbsp;musicSwitch
<LI><a href="#[6b]">&gt;&gt;</a>&nbsp;&nbsp;&nbsp;modeSwitch
<LI><a href="#[14]">&gt;&gt;</a>&nbsp;&nbsp;&nbsp;BFTM0_IRQHandler
</UL>

<P><STRONG><a name="[6e]"></a>wsSetMusicLED</STRONG> (Thumb, 140 bytes, Stack size 16 bytes, main.o(i.wsSetMusicLED))
<BR><BR>[Stack]<UL><LI>Max Depth = 32<LI>Call Chain = wsSetMusicLED &rArr; wsSetColor
</UL>
<BR>[Calls]<UL><LI><a href="#[46]">&gt;&gt;</a>&nbsp;&nbsp;&nbsp;wsSetColor
</UL>
<BR>[Called By]<UL><LI><a href="#[26]">&gt;&gt;</a>&nbsp;&nbsp;&nbsp;main
</UL>

<P><STRONG><a name="[74]"></a>wsSetMusicStatus</STRONG> (Thumb, 374 bytes, Stack size 12 bytes, ws2812.o(i.wsSetMusicStatus))
<BR><BR>[Stack]<UL><LI>Max Depth = 28<LI>Call Chain = wsSetMusicStatus &rArr; wsSetColor
</UL>
<BR>[Calls]<UL><LI><a href="#[46]">&gt;&gt;</a>&nbsp;&nbsp;&nbsp;wsSetColor
</UL>
<BR>[Called By]<UL><LI><a href="#[6d]">&gt;&gt;</a>&nbsp;&nbsp;&nbsp;setMusicStatus
</UL>

<P><STRONG><a name="[71]"></a>wsSetNumber</STRONG> (Thumb, 558 bytes, Stack size 20 bytes, ws2812.o(i.wsSetNumber))
<BR><BR>[Stack]<UL><LI>Max Depth = 36<LI>Call Chain = wsSetNumber &rArr; wsSetColor
</UL>
<BR>[Calls]<UL><LI><a href="#[46]">&gt;&gt;</a>&nbsp;&nbsp;&nbsp;wsSetColor
</UL>
<BR>[Called By]<UL><LI><a href="#[6c]">&gt;&gt;</a>&nbsp;&nbsp;&nbsp;musicSwitch
</UL>

<P><STRONG><a name="[45]"></a>wsSetRightArrow</STRONG> (Thumb, 46 bytes, Stack size 16 bytes, ws2812.o(i.wsSetRightArrow))
<BR><BR>[Stack]<UL><LI>Max Depth = 32<LI>Call Chain = wsSetRightArrow &rArr; wsSetColor
</UL>
<BR>[Calls]<UL><LI><a href="#[46]">&gt;&gt;</a>&nbsp;&nbsp;&nbsp;wsSetColor
</UL>
<BR>[Called By]<UL><LI><a href="#[6c]">&gt;&gt;</a>&nbsp;&nbsp;&nbsp;musicSwitch
<LI><a href="#[6b]">&gt;&gt;</a>&nbsp;&nbsp;&nbsp;modeSwitch
<LI><a href="#[14]">&gt;&gt;</a>&nbsp;&nbsp;&nbsp;BFTM0_IRQHandler
</UL>

<P><STRONG><a name="[47]"></a>wsShow</STRONG> (Thumb, 84 bytes, Stack size 8 bytes, ws2812.o(i.wsShow))
<BR><BR>[Stack]<UL><LI>Max Depth = 32<LI>Call Chain = wsShow &rArr; wsPDMAConfig &rArr; PDMA_IntConfig
</UL>
<BR>[Calls]<UL><LI><a href="#[7d]">&gt;&gt;</a>&nbsp;&nbsp;&nbsp;TM_PDMAConfig
<LI><a href="#[80]">&gt;&gt;</a>&nbsp;&nbsp;&nbsp;PDMA_GetFlagStatus
<LI><a href="#[7f]">&gt;&gt;</a>&nbsp;&nbsp;&nbsp;PDMA_EnaCmd
<LI><a href="#[7b]">&gt;&gt;</a>&nbsp;&nbsp;&nbsp;PDMA_ClearFlag
<LI><a href="#[79]">&gt;&gt;</a>&nbsp;&nbsp;&nbsp;wsPDMAConfig
<LI><a href="#[5a]">&gt;&gt;</a>&nbsp;&nbsp;&nbsp;TM_Cmd
</UL>
<BR>[Called By]<UL><LI><a href="#[10]">&gt;&gt;</a>&nbsp;&nbsp;&nbsp;GPTM1_IRQHandler
<LI><a href="#[14]">&gt;&gt;</a>&nbsp;&nbsp;&nbsp;BFTM0_IRQHandler
</UL>
<P>
<H3>
Local Symbols
</H3>
<P><STRONG><a name="[62]"></a>NVIC_EnableIRQ</STRONG> (Thumb, 14 bytes, Stack size 0 bytes, mb_config.o(i.NVIC_EnableIRQ))
<BR><BR>[Called By]<UL><LI><a href="#[61]">&gt;&gt;</a>&nbsp;&nbsp;&nbsp;NVIC_Configuration
</UL>

<P><STRONG><a name="[23]"></a>BootProcess</STRONG> (Thumb, 94 bytes, Stack size 0 bytes, startup_ht32f5xxxx_01.o(RESET))
<BR>[Address Reference Count : 1]<UL><LI> startup_ht32f5xxxx_01.o(RESET)
</UL>
<P><STRONG><a name="[65]"></a>_printf_core</STRONG> (Thumb, 1020 bytes, Stack size 104 bytes, printf8.o(i._printf_core), UNUSED)
<BR><BR>[Calls]<UL><LI><a href="#[37]">&gt;&gt;</a>&nbsp;&nbsp;&nbsp;__aeabi_uldivmod
<LI><a href="#[66]">&gt;&gt;</a>&nbsp;&nbsp;&nbsp;_printf_pre_padding
<LI><a href="#[67]">&gt;&gt;</a>&nbsp;&nbsp;&nbsp;_printf_post_padding
</UL>
<BR>[Called By]<UL><LI><a href="#[64]">&gt;&gt;</a>&nbsp;&nbsp;&nbsp;__0printf$8
</UL>

<P><STRONG><a name="[67]"></a>_printf_post_padding</STRONG> (Thumb, 32 bytes, Stack size 24 bytes, printf8.o(i._printf_post_padding), UNUSED)
<BR><BR>[Called By]<UL><LI><a href="#[65]">&gt;&gt;</a>&nbsp;&nbsp;&nbsp;_printf_core
</UL>

<P><STRONG><a name="[66]"></a>_printf_pre_padding</STRONG> (Thumb, 44 bytes, Stack size 40 bytes, printf8.o(i._printf_pre_padding), UNUSED)
<BR><BR>[Called By]<UL><LI><a href="#[65]">&gt;&gt;</a>&nbsp;&nbsp;&nbsp;_printf_core
</UL>
<P>
<H3>
Undefined Global Symbols
</H3><HR></body></html>
