Component: ARM Compiler 5.06 update 6 (build 750) Tool: armlink [4d35ed]

==============================================================================

Section Cross References

    main.o(i.BFTM0_IRQHandler) refers to ht32f5xxxx_bftm.o(i.BFTM_ClearFlag) for BFTM_ClearFlag
    main.o(i.BFTM0_IRQHandler) refers to ht32f5xxxx_gpio.o(i.GPIO_ReadInBit) for GPIO_ReadInBit
    main.o(i.BFTM0_IRQHandler) refers to printf8.o(i.__0printf$8) for __2printf
    main.o(i.BFTM0_IRQHandler) refers to ws2812.o(i.wsClearAll) for wsClearAll
    main.o(i.BFTM0_IRQHandler) refers to ws2812.o(i.wsSetLeftArrow) for wsSetLeftArrow
    main.o(i.BFTM0_IRQHandler) refers to ws2812.o(i.wsSetRightArrow) for wsSetRightArrow
    main.o(i.BFTM0_IRQHandler) refers to ws2812.o(i.wsSetColor) for wsSetColor
    main.o(i.BFTM0_IRQHandler) refers to ws2812.o(i.wsShow) for wsShow
    main.o(i.BFTM0_IRQHandler) refers to main.o(.constdata) for GPIO_PIN_n
    main.o(i.BFTM0_IRQHandler) refers to main.o(.data) for switchMode
    main.o(i.GPTM0_IRQHandler) refers to ht32f5xxxx_tm.o(i.TM_ClearFlag) for TM_ClearFlag
    main.o(i.GPTM0_IRQHandler) refers to main.o(.data) for wait_index
    main.o(i.GPTM0_IRQHandler) refers to main.o(.bss) for wait
    main.o(i.GPTM1_IRQHandler) refers to ht32f5xxxx_tm.o(i.TM_ClearFlag) for TM_ClearFlag
    main.o(i.GPTM1_IRQHandler) refers to main.o(i.sendBTData) for sendBTData
    main.o(i.GPTM1_IRQHandler) refers to main.o(i.switchHandle) for switchHandle
    main.o(i.GPTM1_IRQHandler) refers to ws2812.o(i.wsShow) for wsShow
    main.o(i.GPTM1_IRQHandler) refers to main.o(.data) for switchMode
    main.o(i.Initialize) refers to main.o(i.setScore) for setScore
    main.o(i.Initialize) refers to main.o(.data) for beat
    main.o(i.Initialize) refers to main.o(.bss) for wait
    main.o(i.main) refers to main.o(i.Initialize) for Initialize
    main.o(i.main) refers to mb_config.o(i.NVIC_Configuration) for NVIC_Configuration
    main.o(i.main) refers to mb_config.o(i.CKCU_Configuration) for CKCU_Configuration
    main.o(i.main) refers to ht32_retarget.o(i.RETARGET_Configuration) for RETARGET_Configuration
    main.o(i.main) refers to mb_config.o(i.GPIO_Configuration) for GPIO_Configuration
    main.o(i.main) refers to mb_config.o(i.GPTM0_Configuration) for GPTM0_Configuration
    main.o(i.main) refers to main.o(i.GPTM0_IRQHandler) for GPTM0_IRQHandler
    main.o(i.main) refers to mb_config.o(i.GPTM1_Configuration) for GPTM1_Configuration
    main.o(i.main) refers to main.o(i.GPTM1_IRQHandler) for GPTM1_IRQHandler
    main.o(i.main) refers to mb_config.o(i.BFTM0_Configuration) for BFTM0_Configuration
    main.o(i.main) refers to main.o(i.BFTM0_IRQHandler) for BFTM0_IRQHandler
    main.o(i.main) refers to mb_config.o(i.BTMasterConfiguration) for BTMasterConfiguration
    main.o(i.main) refers to ws2812.o(i.wsInit) for wsInit
    main.o(i.main) refers to ws2812.o(i.wsBlinkAll) for wsBlinkAll
    main.o(i.main) refers to printf8.o(i.__0printf$8) for __2printf
    main.o(i.main) refers to main.o(i.modeSwitch) for modeSwitch
    main.o(i.main) refers to main.o(i.musicSwitch) for musicSwitch
    main.o(i.main) refers to main.o(i.setMusicStatus) for setMusicStatus
    main.o(i.main) refers to main.o(i.wsSetMusicLED) for wsSetMusicLED
    main.o(i.main) refers to ht32f5xxxx_gpio.o(i.GPIO_ReadInData) for GPIO_ReadInData
    main.o(i.main) refers to main.o(i.setScore) for setScore
    main.o(i.main) refers to main.o(.data) for switchMode
    main.o(i.modeSwitch) refers to ws2812.o(i.wsSetLeftArrow) for wsSetLeftArrow
    main.o(i.modeSwitch) refers to ws2812.o(i.wsSetRightArrow) for wsSetRightArrow
    main.o(i.modeSwitch) refers to ht32f5xxxx_gpio.o(i.GPIO_ReadInBit) for GPIO_ReadInBit
    main.o(i.modeSwitch) refers to ws2812.o(i.wsClearBetween) for wsClearBetween
    main.o(i.modeSwitch) refers to printf8.o(i.__0printf$8) for __2printf
    main.o(i.modeSwitch) refers to main.o(.constdata) for GPIO_PIN_n
    main.o(i.modeSwitch) refers to main.o(.data) for mode
    main.o(i.musicSwitch) refers to ws2812.o(i.wsClearAll) for wsClearAll
    main.o(i.musicSwitch) refers to ws2812.o(i.wsSetLeftArrow) for wsSetLeftArrow
    main.o(i.musicSwitch) refers to ws2812.o(i.wsSetRightArrow) for wsSetRightArrow
    main.o(i.musicSwitch) refers to ws2812.o(i.wsSetNumber) for wsSetNumber
    main.o(i.musicSwitch) refers to ht32f5xxxx_gpio.o(i.GPIO_ReadInBit) for GPIO_ReadInBit
    main.o(i.musicSwitch) refers to ws2812.o(i.wsClearBetween) for wsClearBetween
    main.o(i.musicSwitch) refers to printf8.o(i.__0printf$8) for __2printf
    main.o(i.musicSwitch) refers to main.o(.data) for musicNum
    main.o(i.musicSwitch) refers to main.o(.constdata) for GPIO_PIN_n
    main.o(i.sendBTData) refers to ht32f5xxxx_gpio.o(i.GPIO_ReadInBit) for GPIO_ReadInBit
    main.o(i.sendBTData) refers to ht32f5xxxx_usart.o(i.USART_SendData) for USART_SendData
    main.o(i.sendBTData) refers to ht32f5xxxx_usart.o(i.USART_GetFlagStatus) for USART_GetFlagStatus
[...]
    Removing ht32f5xxxx_exti.o(i.EXTI_ClearEdgeFlag), (20 bytes).
    Removing ht32f5xxxx_exti.o(i.EXTI_ClearWakeupFlag), (20 bytes).
    Removing ht32f5xxxx_exti.o(i.EXTI_DeInit), (72 bytes).
    Removing ht32f5xxxx_exti.o(i.EXTI_GetEdgeFlag), (28 bytes).
    Removing ht32f5xxxx_exti.o(i.EXTI_GetEdgeStatus), (48 bytes).
    Removing ht32f5xxxx_exti.o(i.EXTI_GetSWCmdStatus), (28 bytes).
    Removing ht32f5xxxx_exti.o(i.EXTI_GetWakeupFlagStatus), (28 bytes).
    Removing ht32f5xxxx_exti.o(i.EXTI_Init), (32 bytes).
    Removing ht32f5xxxx_exti.o(i.EXTI_IntConfig), (40 bytes).
    Removing ht32f5xxxx_exti.o(i.EXTI_SWIntCmd), (36 bytes).
    Removing ht32f5xxxx_exti.o(i.EXTI_WakeupEventConfig), (76 bytes).
    Removing ht32f5xxxx_exti.o(i.EXTI_WakeupEventIntConfig), (36 bytes).
    Removing ht32f5xxxx_flash.o(.rev16_text), (4 bytes).
    Removing ht32f5xxxx_flash.o(.revsh_text), (4 bytes).
    Removing ht32f5xxxx_flash.o(i.FLASH_BranchCacheCmd), (40 bytes).
    Removing ht32f5xxxx_flash.o(i.FLASH_ClearIntFlag), (12 bytes).
    Removing ht32f5xxxx_flash.o(i.FLASH_EraseOptionByte), (16 bytes).
    Removing ht32f5xxxx_flash.o(i.FLASH_ErasePage), (24 bytes).
    Removing ht32f5xxxx_flash.o(i.FLASH_GetIntStatus), (24 bytes).
    Removing ht32f5xxxx_flash.o(i.FLASH_GetOptionByteStatus), (60 bytes).
    Removing ht32f5xxxx_flash.o(i.FLASH_IntConfig), (32 bytes).
    Removing ht32f5xxxx_flash.o(i.FLASH_MassErase), (20 bytes).
    Removing ht32f5xxxx_flash.o(i.FLASH_PrefetchBufferCmd), (36 bytes).
    Removing ht32f5xxxx_flash.o(i.FLASH_ProgramOptionByte), (80 bytes).
    Removing ht32f5xxxx_flash.o(i.FLASH_ProgramWordData), (28 bytes).
    Removing ht32f5xxxx_flash.o(i.FLASH_SetRemappingMode), (12 bytes).
    Removing ht32f5xxxx_flash.o(i.FLASH_SetWaitState), (20 bytes).
    Removing ht32f5xxxx_flash.o(i.FLASH_WaitForOperationEnd), (104 bytes).
    Removing ht32f5xxxx_gpio.o(.rev16_text), (4 bytes).
    Removing ht32f5xxxx_gpio.o(.revsh_text), (4 bytes).
    Removing ht32f5xxxx_gpio.o(i.AFIO_DeInit), (34 bytes).
    Removing ht32f5xxxx_gpio.o(i.AFIO_EXTISourceConfig), (64 bytes).
    Removing ht32f5xxxx_gpio.o(i.GPIO_ClearOutBits), (4 bytes).
    Removing ht32f5xxxx_gpio.o(i.GPIO_DeInit), (112 bytes).
    Removing ht32f5xxxx_gpio.o(i.GPIO_DisableDebugPort), (80 bytes).
    Removing ht32f5xxxx_gpio.o(i.GPIO_DriveConfig), (56 bytes).
    Removing ht32f5xxxx_gpio.o(i.GPIO_IsPinLocked), (18 bytes).
    Removing ht32f5xxxx_gpio.o(i.GPIO_IsPortLocked), (18 bytes).
    Removing ht32f5xxxx_gpio.o(i.GPIO_OpenDrainConfig), (20 bytes).
    Removing ht32f5xxxx_gpio.o(i.GPIO_PinLock), (12 bytes).
    Removing ht32f5xxxx_gpio.o(i.GPIO_PullResistorConfig), (50 bytes).
    Removing ht32f5xxxx_gpio.o(i.GPIO_ReadOutBit), (18 bytes).
    Removing ht32f5xxxx_gpio.o(i.GPIO_ReadOutData), (10 bytes).
    Removing ht32f5xxxx_gpio.o(i.GPIO_SetOutBits), (4 bytes).
    Removing ht32f5xxxx_gpio.o(i.GPIO_WriteOutBits), (12 bytes).
    Removing ht32f5xxxx_gpio.o(i.GPIO_WriteOutData), (4 bytes).
    Removing ht32f5xxxx_gpio.o(i._AFIO_ClockControl), (60 bytes).
    Removing ht32f5xxxx_gpio.o(i._GPIO_ClockControl), (80 bytes).
    Removing ht32f5xxxx_i2c.o(.rev16_text), (4 bytes).
    Removing ht32f5xxxx_i2c.o(.revsh_text), (4 bytes).
    Removing ht32f5xxxx_i2c.o(i.I2C_AckCmd), (24 bytes).
    Removing ht32f5xxxx_i2c.o(i.I2C_AddressMaskConfig), (4 bytes).
    Removing ht32f5xxxx_i2c.o(i.I2C_CheckStatus), (16 bytes).
    Removing ht32f5xxxx_i2c.o(i.I2C_ClearFlag), (4 bytes).
    Removing ht32f5xxxx_i2c.o(i.I2C_Cmd), (24 bytes).
    Removing ht32f5xxxx_i2c.o(i.I2C_CombFilterCmd), (28 bytes).
    Removing ht32f5xxxx_i2c.o(i.I2C_DeInit), (68 bytes).
    Removing ht32f5xxxx_i2c.o(i.I2C_GeneralCallCmd), (24 bytes).
    Removing ht32f5xxxx_i2c.o(i.I2C_GenerateSTOP), (10 bytes).
    Removing ht32f5xxxx_i2c.o(i.I2C_GetAddressBuffer), (8 bytes).
    Removing ht32f5xxxx_i2c.o(i.I2C_GetFlagStatus), (18 bytes).
    Removing ht32f5xxxx_i2c.o(i.I2C_Init), (216 bytes).
    Removing ht32f5xxxx_i2c.o(i.I2C_IntConfig), (20 bytes).
    Removing ht32f5xxxx_i2c.o(i.I2C_PDMACmd), (20 bytes).
    Removing ht32f5xxxx_i2c.o(i.I2C_PDMANACKCmd), (28 bytes).
    Removing ht32f5xxxx_i2c.o(i.I2C_ReadRegister), (22 bytes).
    Removing ht32f5xxxx_i2c.o(i.I2C_ReceiveData), (8 bytes).
    Removing ht32f5xxxx_i2c.o(i.I2C_SendData), (4 bytes).
    Removing ht32f5xxxx_i2c.o(i.I2C_SequentialFilterConfig), (142 bytes).
    Removing ht32f5xxxx_i2c.o(i.I2C_SetOwnAddress), (4 bytes).
    Removing ht32f5xxxx_i2c.o(i.I2C_SetSCLHighPeriod), (4 bytes).
    Removing ht32f5xxxx_i2c.o(i.I2C_SetSCLLowPeriod), (4 bytes).
    Removing ht32f5xxxx_i2c.o(i.I2C_SetTimeOutPrescaler), (10 bytes).
    Removing ht32f5xxxx_i2c.o(i.I2C_SetTimeOutValue), (12 bytes).
    Removing ht32f5xxxx_i2c.o(i.I2C_StructInit), (24 bytes).
    Removing ht32f5xxxx_i2c.o(i.I2C_TargetAddressConfig), (30 bytes).
    Removing ht32f5xxxx_i2c.o(i.I2C_TimeOutCmd), (28 bytes).
    Removing ht32f5xxxx_i2s.o(.rev16_text), (4 bytes).
    Removing ht32f5xxxx_i2s.o(.revsh_text), (4 bytes).
    Removing ht32f5xxxx_i2s.o(i.I2S_ClearFlag), (12 bytes).
    Removing ht32f5xxxx_i2s.o(i.I2S_Cmd), (36 bytes).
    Removing ht32f5xxxx_i2s.o(i.I2S_DeInit), (34 bytes).
    Removing ht32f5xxxx_i2s.o(i.I2S_FIFOReset), (16 bytes).
    Removing ht32f5xxxx_i2s.o(i.I2S_FIFOTrigLevelConfig), (56 bytes).
    Removing ht32f5xxxx_i2s.o(i.I2S_GetFIFOStatus), (32 bytes).
    Removing ht32f5xxxx_i2s.o(i.I2S_GetFlagStatus), (24 bytes).
    Removing ht32f5xxxx_i2s.o(i.I2S_Init), (140 bytes).
    Removing ht32f5xxxx_i2s.o(i.I2S_IntConfig), (32 bytes).
    Removing ht32f5xxxx_i2s.o(i.I2S_PDMACmd), (32 bytes).
    Removing ht32f5xxxx_i2s.o(i.I2S_TxMuteCmd), (40 bytes).
    Removing ht32f5xxxx_mctm.o(.rev16_text), (4 bytes).
    Removing ht32f5xxxx_mctm.o(.revsh_text), (4 bytes).
    Removing ht32f5xxxx_mctm.o(i.MCTM_CHBRKCTRConfig), (42 bytes).
    Removing ht32f5xxxx_mctm.o(i.MCTM_CHBRKCTRStructInit), (20 bytes).
    Removing ht32f5xxxx_mctm.o(i.MCTM_COMPRECmd), (28 bytes).
    Removing ht32f5xxxx_mctm.o(i.MCTM_COMUSConfig), (28 bytes).
    Removing ht32f5xxxx_mctm.o(i.MCTM_ChNPolarityConfig), (26 bytes).
    Removing ht32f5xxxx_mctm.o(i.MCTM_ChannelNConfig), (28 bytes).
    Removing ht32f5xxxx_pdma.o(.rev16_text), (4 bytes).
    Removing ht32f5xxxx_pdma.o(.revsh_text), (4 bytes).
    Removing ht32f5xxxx_pdma.o(i.PDMA_SwTrigCmd), (44 bytes).
    Removing ht32f5xxxx_pdma.o(i.PDMA_TranSizeConfig), (24 bytes).
    Removing ht32f5xxxx_pwrcu.o(.rev16_text), (4 bytes).
    Removing ht32f5xxxx_pwrcu.o(.revsh_text), (4 bytes).
    Removing ht32f5xxxx_pwrcu.o(i.PWRCU_BODCmd), (36 bytes).
    Removing ht32f5xxxx_pwrcu.o(i.PWRCU_BODRISConfig), (36 bytes).
    Removing ht32f5xxxx_pwrcu.o(i.PWRCU_CheckReadyAccessed), (44 bytes).
    Removing ht32f5xxxx_pwrcu.o(i.PWRCU_DMOSCmd), (60 bytes).
    Removing ht32f5xxxx_pwrcu.o(i.PWRCU_DeInit), (32 bytes).
    Removing ht32f5xxxx_pwrcu.o(i.PWRCU_DeepSleep1), (116 bytes).
    Removing ht32f5xxxx_pwrcu.o(i.PWRCU_DeepSleep2), (140 bytes).
    Removing ht32f5xxxx_pwrcu.o(i.PWRCU_DeepSleep2Ex), (240 bytes).
    Removing ht32f5xxxx_pwrcu.o(i.PWRCU_GetBODFlagStatus), (16 bytes).
    Removing ht32f5xxxx_pwrcu.o(i.PWRCU_GetDMOSStatus), (40 bytes).
    Removing ht32f5xxxx_pwrcu.o(i.PWRCU_GetFlagStatus), (12 bytes).
    Removing ht32f5xxxx_pwrcu.o(i.PWRCU_GetLVDFlagStatus), (16 bytes).
    Removing ht32f5xxxx_pwrcu.o(i.PWRCU_HSIReadyCounterBitLengthConfig), (12 bytes).
    Removing ht32f5xxxx_pwrcu.o(i.PWRCU_LDOConfig), (80 bytes).
    Removing ht32f5xxxx_pwrcu.o(i.PWRCU_LVDCmd), (40 bytes).
    Removing ht32f5xxxx_pwrcu.o(i.PWRCU_LVDEventWakeupConfig), (40 bytes).
    Removing ht32f5xxxx_pwrcu.o(i.PWRCU_LVDIntWakeupConfig), (40 bytes).
    Removing ht32f5xxxx_pwrcu.o(i.PWRCU_PowerDown), (168 bytes).
    Removing ht32f5xxxx_pwrcu.o(i.PWRCU_ReadBackupRegister), (16 bytes).
    Removing ht32f5xxxx_pwrcu.o(i.PWRCU_SetLVDS), (24 bytes).
    Removing ht32f5xxxx_pwrcu.o(i.PWRCU_Sleep), (32 bytes).
    Removing ht32f5xxxx_pwrcu.o(i.PWRCU_V15RDYSourceConfig), (40 bytes).
    Removing ht32f5xxxx_pwrcu.o(i.PWRCU_WakeupPinCmd), (40 bytes).
    Removing ht32f5xxxx_pwrcu.o(i.PWRCU_WakeupPinIntConfig), (40 bytes).
    Removing ht32f5xxxx_pwrcu.o(i.PWRCU_WriteBackupRegister), (12 bytes).
    Removing ht32f5xxxx_pwrcu.o(.data), (1 bytes).
    Removing ht32f5xxxx_rstcu.o(.rev16_text), (4 bytes).
    Removing ht32f5xxxx_rstcu.o(.revsh_text), (4 bytes).
    Removing ht32f5xxxx_rstcu.o(i.RSTCU_ClearAllResetFlag), (12 bytes).
    Removing ht32f5xxxx_rstcu.o(i.RSTCU_ClearResetFlag), (16 bytes).
    Removing ht32f5xxxx_rstcu.o(i.RSTCU_GetResetFlagStatus), (32 bytes).
    Removing ht32f5xxxx_rstcu.o(i.RSTCU_PeripReset), (64 bytes).
    Removing ht32f5xxxx_rtc.o(.rev16_text), (4 bytes).
    Removing ht32f5xxxx_rtc.o(.revsh_text), (4 bytes).
    Removing ht32f5xxxx_rtc.o(i.RTC_CMPCLRCmd), (36 bytes).
    Removing ht32f5xxxx_rtc.o(i.RTC_ClockSourceConfig), (24 bytes).
    Removing ht32f5xxxx_rtc.o(i.RTC_Cmd), (36 bytes).
    Removing ht32f5xxxx_rtc.o(i.RTC_DeInit), (56 bytes).
    Removing ht32f5xxxx_rtc.o(i.RTC_GetCompare), (12 bytes).
    Removing ht32f5xxxx_rtc.o(i.RTC_GetCounter), (12 bytes).
    Removing ht32f5xxxx_rtc.o(i.RTC_GetFlagStatus), (12 bytes).
    Removing ht32f5xxxx_rtc.o(i.RTC_GetOutStatus), (28 bytes).
    Removing ht32f5xxxx_rtc.o(i.RTC_GetPrescaler), (20 bytes).
    Removing ht32f5xxxx_rtc.o(i.RTC_IntConfig), (32 bytes).
    Removing ht32f5xxxx_rtc.o(i.RTC_LSECmd), (68 bytes).
    Removing ht32f5xxxx_rtc.o(i.RTC_LSESMConfig), (24 bytes).
    Removing ht32f5xxxx_rtc.o(i.RTC_LSILoadTrimData), (100 bytes).
    Removing ht32f5xxxx_rtc.o(i.RTC_OutCmd), (40 bytes).
    Removing ht32f5xxxx_rtc.o(i.RTC_OutConfig), (76 bytes).
    Removing ht32f5xxxx_rtc.o(i.RTC_SetCompare), (12 bytes).
    Removing ht32f5xxxx_rtc.o(i.RTC_SetPrescaler), (24 bytes).
    Removing ht32f5xxxx_rtc.o(i.RTC_WakeupConfig), (32 bytes).
    Removing ht32f5xxxx_sci.o(.rev16_text), (4 bytes).
    Removing ht32f5xxxx_sci.o(.revsh_text), (4 bytes).
    Removing ht32f5xxxx_sci.o(i.SCI_ClearFlag), (28 bytes).
    Removing ht32f5xxxx_sci.o(i.SCI_ClockModeConfig), (28 bytes).
    Removing ht32f5xxxx_sci.o(i.SCI_Cmd), (24 bytes).
    Removing ht32f5xxxx_sci.o(i.SCI_DeInit), (60 bytes).
    Removing ht32f5xxxx_sci.o(i.SCI_ETUConfig), (8 bytes).
    Removing ht32f5xxxx_sci.o(i.SCI_GetFlagStatus), (26 bytes).
    Removing ht32f5xxxx_sci.o(i.SCI_Init), (36 bytes).
    Removing ht32f5xxxx_sci.o(i.SCI_IntConfig), (20 bytes).
    Removing ht32f5xxxx_sci.o(i.SCI_OutputDIO), (28 bytes).
    Removing ht32f5xxxx_sci.o(i.SCI_PDMACmd), (20 bytes).
    Removing ht32f5xxxx_sci.o(i.SCI_ReceiveData), (8 bytes).
    Removing ht32f5xxxx_sci.o(i.SCI_SendData), (4 bytes).
    Removing ht32f5xxxx_sci.o(i.SCI_SetGuardTimeValue), (4 bytes).
    Removing ht32f5xxxx_sci.o(i.SCI_SetWaitingTimeValue), (4 bytes).
    Removing ht32f5xxxx_sci.o(i.SCI_SoftwareClockCmd), (26 bytes).
    Removing ht32f5xxxx_sci.o(i.SCI_StructInit), (14 bytes).
    Removing ht32f5xxxx_sci.o(i.SCI_WaitingTimeCounterCmd), (24 bytes).
    Removing ht32f5xxxx_spi.o(.rev16_text), (4 bytes).
    Removing ht32f5xxxx_spi.o(.revsh_text), (4 bytes).
    Removing ht32f5xxxx_spi.o(i.SPI_ClearFlag), (4 bytes).
    Removing ht32f5xxxx_spi.o(i.SPI_Cmd), (24 bytes).
    Removing ht32f5xxxx_spi.o(i.SPI_DUALCmd), (24 bytes).
    Removing ht32f5xxxx_spi.o(i.SPI_DeInit), (68 bytes).
    Removing ht32f5xxxx_spi.o(i.SPI_FIFOCmd), (28 bytes).
    Removing ht32f5xxxx_spi.o(i.SPI_FIFOTriggerLevelConfig), (44 bytes).
    Removing ht32f5xxxx_spi.o(i.SPI_GUADTCmd), (24 bytes).
    Removing ht32f5xxxx_spi.o(i.SPI_GUADTSPI_GUADTConfig), (20 bytes).
    Removing ht32f5xxxx_spi.o(i.SPI_GetFIFOStatus), (34 bytes).
    Removing ht32f5xxxx_spi.o(i.SPI_GetFlagStatus), (26 bytes).
    Removing ht32f5xxxx_spi.o(i.SPI_Init), (76 bytes).
    Removing ht32f5xxxx_spi.o(i.SPI_IntConfig), (20 bytes).
    Removing ht32f5xxxx_spi.o(i.SPI_PDMACmd), (20 bytes).
    Removing ht32f5xxxx_spi.o(i.SPI_ReceiveData), (8 bytes).
    Removing ht32f5xxxx_spi.o(i.SPI_SELHTConfig), (14 bytes).
    Removing ht32f5xxxx_spi.o(i.SPI_SELModeConfig), (28 bytes).
    Removing ht32f5xxxx_spi.o(i.SPI_SELOutputCmd), (24 bytes).
    Removing ht32f5xxxx_spi.o(i.SPI_SendData), (4 bytes).
    Removing ht32f5xxxx_spi.o(i.SPI_SetDataLength), (16 bytes).
    Removing ht32f5xxxx_spi.o(i.SPI_SetTimeOutValue), (4 bytes).
    Removing ht32f5xxxx_spi.o(i.SPI_SoftwareSELCmd), (28 bytes).
    Removing ht32f5xxxx_spi.o(i.SPI_StructInit), (28 bytes).
    Removing ht32f5xxxx_tm.o(.rev16_text), (4 bytes).
    Removing ht32f5xxxx_tm.o(.revsh_text), (4 bytes).
    Removing ht32f5xxxx_tm.o(i.TM_CHCCDSConfig), (28 bytes).
    Removing ht32f5xxxx_tm.o(i.TM_CHCCRPreloadConfig), (36 bytes).
    Removing ht32f5xxxx_tm.o(i.TM_CHPSCConfig), (30 bytes).
    Removing ht32f5xxxx_tm.o(i.TM_CKDIVConfig), (18 bytes).
    Removing ht32f5xxxx_tm.o(i.TM_CRRPreloadCmd), (24 bytes).
    Removing ht32f5xxxx_tm.o(i.TM_CaptureInit), (34 bytes).
    Removing ht32f5xxxx_tm.o(i.TM_CaptureStructInit), (20 bytes).
    Removing ht32f5xxxx_tm.o(i.TM_ChExternalClockConfig), (66 bytes).
    Removing ht32f5xxxx_tm.o(i.TM_ChPolarityConfig), (26 bytes).
    Removing ht32f5xxxx_tm.o(i.TM_ChannelConfig), (28 bytes).
    Removing ht32f5xxxx_tm.o(i.TM_ClearIntPendingBit), (10 bytes).
    Removing ht32f5xxxx_tm.o(i.TM_ClearOREFConfig), (36 bytes).
    Removing ht32f5xxxx_tm.o(i.TM_CounterModeConfig), (28 bytes).
    Removing ht32f5xxxx_tm.o(i.TM_DeInit), (136 bytes).
    Removing ht32f5xxxx_tm.o(i.TM_DecoderConfig), (84 bytes).
    Removing ht32f5xxxx_tm.o(i.TM_EtiConfig), (28 bytes).
    Removing ht32f5xxxx_tm.o(i.TM_EtiExternalClockConfig), (34 bytes).
    Removing ht32f5xxxx_tm.o(i.TM_ForcedOREF), (24 bytes).
    Removing ht32f5xxxx_tm.o(i.TM_GenerateEvent), (4 bytes).
    Removing ht32f5xxxx_tm.o(i.TM_GetCaptureCompare), (16 bytes).
    Removing ht32f5xxxx_tm.o(i.TM_GetCounter), (8 bytes).
    Removing ht32f5xxxx_tm.o(i.TM_GetFlagStatus), (18 bytes).
    Removing ht32f5xxxx_tm.o(i.TM_GetIntStatus), (32 bytes).
    Removing ht32f5xxxx_tm.o(i.TM_GetPrescaler), (8 bytes).
    Removing ht32f5xxxx_tm.o(i.TM_HallInterfaceCmd), (26 bytes).
    Removing ht32f5xxxx_tm.o(i.TM_ImmActiveConfig), (36 bytes).
    Removing ht32f5xxxx_tm.o(i.TM_InternalClockConfig), (12 bytes).
    Removing ht32f5xxxx_tm.o(i.TM_ItiExternalClockConfig), (26 bytes).
    Removing ht32f5xxxx_tm.o(i.TM_MMSELConfig), (14 bytes).
    Removing ht32f5xxxx_tm.o(i.TM_OutputModeConfig), (36 bytes).
    Removing ht32f5xxxx_tm.o(i.TM_OutputStructInit), (24 bytes).
    Removing ht32f5xxxx_tm.o(i.TM_PrescalerConfig), (8 bytes).
    Removing ht32f5xxxx_tm.o(i.TM_PwmInputInit), (102 bytes).
    Removing ht32f5xxxx_tm.o(i.TM_SetAsymmetricCompare), (14 bytes).
    Removing ht32f5xxxx_tm.o(i.TM_SetCaptureCompare), (14 bytes).
    Removing ht32f5xxxx_tm.o(i.TM_SetCounter), (6 bytes).
    Removing ht32f5xxxx_tm.o(i.TM_SetCounterReload), (6 bytes).
    Removing ht32f5xxxx_tm.o(i.TM_SinglePulseModeCmd), (28 bytes).
    Removing ht32f5xxxx_tm.o(i.TM_SlaveModeConfig), (14 bytes).
    Removing ht32f5xxxx_tm.o(i.TM_StiConfig), (30 bytes).
    Removing ht32f5xxxx_tm.o(i.TM_TimSyncCmd), (24 bytes).
    Removing ht32f5xxxx_tm.o(i.TM_UEVG_IntConfig), (24 bytes).
    Removing ht32f5xxxx_tm.o(i.TM_UpdateCmd), (24 bytes).
    Removing ht32f5xxxx_tm.o(i.tm_CHx_Config), (80 bytes).
    Removing ht32f5xxxx_usart.o(.rev16_text), (4 bytes).
    Removing ht32f5xxxx_usart.o(.revsh_text), (4 bytes).
    Removing ht32f5xxxx_usart.o(i.USART_ClearFlag), (8 bytes).
    Removing ht32f5xxxx_usart.o(i.USART_DeInit), (104 bytes).
    Removing ht32f5xxxx_usart.o(i.USART_FIFOReset), (8 bytes).
    Removing ht32f5xxxx_usart.o(i.USART_ForceBreakCmd), (28 bytes).
    Removing ht32f5xxxx_usart.o(i.USART_GetFIFOStatus), (30 bytes).
    Removing ht32f5xxxx_usart.o(i.USART_HardwareFlowControlCmd), (24 bytes).
    Removing ht32f5xxxx_usart.o(i.USART_IntConfig), (20 bytes).
    Removing ht32f5xxxx_usart.o(i.USART_IrDACmd), (24 bytes).
    Removing ht32f5xxxx_usart.o(i.USART_IrDAConfig), (26 bytes).
    Removing ht32f5xxxx_usart.o(i.USART_IrDADirectionConfig), (26 bytes).
    Removing ht32f5xxxx_usart.o(i.USART_IrDAInvtCmd), (30 bytes).
    Removing ht32f5xxxx_usart.o(i.USART_PDMACmd), (20 bytes).
    Removing ht32f5xxxx_usart.o(i.USART_RS485AADCmd), (24 bytes).
    Removing ht32f5xxxx_usart.o(i.USART_RS485NMMCmd), (24 bytes).
    Removing ht32f5xxxx_usart.o(i.USART_RS485TxEnablePolarityConfig), (26 bytes).
    Removing ht32f5xxxx_usart.o(i.USART_ReceiveData), (8 bytes).
    Removing ht32f5xxxx_usart.o(i.USART_SetAddressMatchValue), (16 bytes).
    Removing ht32f5xxxx_usart.o(i.USART_SetGuardTime), (16 bytes).
    Removing ht32f5xxxx_usart.o(i.USART_SetIrDAPrescaler), (16 bytes).
    Removing ht32f5xxxx_usart.o(i.USART_SetTimeOutValue), (16 bytes).
    Removing ht32f5xxxx_usart.o(i.USART_StickParityCmd), (28 bytes).
    Removing ht32f5xxxx_usart.o(i.USART_StickParityConfig), (36 bytes).
    Removing ht32f5xxxx_usart.o(i.USART_StructInit), (22 bytes).
    Removing ht32f5xxxx_usart.o(i.USART_SynClockInit), (26 bytes).
    Removing ht32f5xxxx_usart.o(i.USART_SynClockStructInit), (12 bytes).
    Removing ht32f5xxxx_usart.o(i.USART_TXRXTLConfig), (24 bytes).
    Removing ht32f5xxxx_usbd.o(.rev16_text), (4 bytes).
    Removing ht32f5xxxx_usbd.o(.revsh_text), (4 bytes).
    Removing ht32f5xxxx_usbd.o(i.USBD_ClearINT), (12 bytes).
    Removing ht32f5xxxx_usbd.o(i.USBD_DPWakeUpCmd), (40 bytes).
    Removing ht32f5xxxx_usbd.o(i.USBD_DPpullupCmd), (40 bytes).
    Removing ht32f5xxxx_usbd.o(i.USBD_DeInit), (32 bytes).
    Removing ht32f5xxxx_usbd.o(i.USBD_DisableDefaultPull), (12 bytes).
    Removing ht32f5xxxx_usbd.o(i.USBD_DisableINT), (16 bytes).
    Removing ht32f5xxxx_usbd.o(i.USBD_EPTClearDTG), (22 bytes).
    Removing ht32f5xxxx_usbd.o(i.USBD_EPTClearHalt), (22 bytes).
    Removing ht32f5xxxx_usbd.o(i.USBD_EPTClearINT), (16 bytes).
    Removing ht32f5xxxx_usbd.o(i.USBD_EPTEnableINT), (16 bytes).
    Removing ht32f5xxxx_usbd.o(i.USBD_EPTGetBuffer0Addr), (28 bytes).
    Removing ht32f5xxxx_usbd.o(i.USBD_EPTGetBuffer1Addr), (36 bytes).
    Removing ht32f5xxxx_usbd.o(i.USBD_EPTGetBufferLen), (24 bytes).
    Removing ht32f5xxxx_usbd.o(i.USBD_EPTGetHalt), (46 bytes).
    Removing ht32f5xxxx_usbd.o(i.USBD_EPTGetINT), (20 bytes).
    Removing ht32f5xxxx_usbd.o(i.USBD_EPTGetTransferCount), (22 bytes).
    Removing ht32f5xxxx_usbd.o(i.USBD_EPTInit), (48 bytes).
    Removing ht32f5xxxx_usbd.o(i.USBD_EPTReadMemory), (74 bytes).
    Removing ht32f5xxxx_usbd.o(i.USBD_EPTReadOUTData), (52 bytes).
    Removing ht32f5xxxx_usbd.o(i.USBD_EPTReset), (22 bytes).
    Removing ht32f5xxxx_usbd.o(i.USBD_EPTSendSTALL), (16 bytes).
    Removing ht32f5xxxx_usbd.o(i.USBD_EPTSetHalt), (26 bytes).
    Removing ht32f5xxxx_usbd.o(i.USBD_EPTWaitSTALLSent), (60 bytes).
    Removing ht32f5xxxx_usbd.o(i.USBD_EPTWriteINData), (94 bytes).
    Removing ht32f5xxxx_usbd.o(i.USBD_EnableINT), (16 bytes).
    Removing ht32f5xxxx_usbd.o(i.USBD_GetEPTnINTNumber), (38 bytes).
    Removing ht32f5xxxx_usbd.o(i.USBD_GetINT), (24 bytes).
    Removing ht32f5xxxx_usbd.o(i.USBD_Init), (14 bytes).
    Removing ht32f5xxxx_usbd.o(i.USBD_PowerOff), (20 bytes).
    Removing ht32f5xxxx_usbd.o(i.USBD_PowerOn), (36 bytes).
    Removing ht32f5xxxx_usbd.o(i.USBD_PowerUp), (144 bytes).
    Removing ht32f5xxxx_usbd.o(i.USBD_PreInit), (24 bytes).
    Removing ht32f5xxxx_usbd.o(i.USBD_ReadSETUPData), (16 bytes).
    Removing ht32f5xxxx_usbd.o(i.USBD_RemoteWakeup), (20 bytes).
    Removing ht32f5xxxx_usbd.o(i.USBD_SRAMResetConditionCmd), (40 bytes).
    Removing ht32f5xxxx_usbd.o(i.USBD_SetAddress), (24 bytes).
    Removing ht32f5xxxx_usbd.o(i._USBD_CopyMemory), (234 bytes).
    Removing ht32f5xxxx_usbd.o(i._USBD_GetEPTnAddr), (16 bytes).
    Removing ht32f5xxxx_usbd.o(i._delay), (12 bytes).
    Removing ht32f5xxxx_usbd.o(.data), (4 bytes).
    Removing ht32f5xxxx_wdt.o(.rev16_text), (4 bytes).
    Removing ht32f5xxxx_wdt.o(.revsh_text), (4 bytes).
    Removing ht32f5xxxx_wdt.o(i.WDT_Cmd), (40 bytes).
    Removing ht32f5xxxx_wdt.o(i.WDT_DeInit), (32 bytes).
    Removing ht32f5xxxx_wdt.o(i.WDT_GetDeltaValue), (16 bytes).
    Removing ht32f5xxxx_wdt.o(i.WDT_GetFlagStatus), (24 bytes).
    Removing ht32f5xxxx_wdt.o(i.WDT_GetPrescaler), (28 bytes).
    Removing ht32f5xxxx_wdt.o(i.WDT_GetReloadValue), (16 bytes).
    Removing ht32f5xxxx_wdt.o(i.WDT_HaltConfig), (24 bytes).
    Removing ht32f5xxxx_wdt.o(i.WDT_LockCmd), (48 bytes).
    Removing ht32f5xxxx_wdt.o(i.WDT_ProtectCmd), (32 bytes).
    Removing ht32f5xxxx_wdt.o(i.WDT_ResetCmd), (40 bytes).
    Removing ht32f5xxxx_wdt.o(i.WDT_Restart), (16 bytes).
    Removing ht32f5xxxx_wdt.o(i.WDT_SetDeltaValue), (24 bytes).
    Removing ht32f5xxxx_wdt.o(i.WDT_SetPrescaler), (20 bytes).
    Removing ht32f5xxxx_wdt.o(i.WDT_SetReloadValue), (24 bytes).
    Removing ht32f5xxxx_wdt.o(i.WDT_SourceConfig), (24 bytes).
    Removing ht32_retarget.o(.rev16_text), (4 bytes).
    Removing ht32_retarget.o(.revsh_text), (4 bytes).
    Removing ht32_retarget.o(i.__backspace), (6 bytes).
    Removing ht32_retarget.o(i._sys_exit), (4 bytes).
    Removing ht32_retarget.o(i._ttywrch), (12 bytes).
    Removing ht32_retarget.o(i.fgetc), (10 bytes).
    Removing ht32_serial.o(.rev16_text), (4 bytes).
    Removing ht32_serial.o(.revsh_text), (4 bytes).
    Removing ht32_serial.o(i.SERIAL_Flush), (2 bytes).
    Removing ht32_serial.o(i.SERIAL_GetChar), (28 bytes).
    Removing ht32_board.o(.rev16_text), (4 bytes).
    Removing ht32_board.o(.revsh_text), (4 bytes).
    Removing ht32_board.o(i.HT32F_DVB_BuzzerFun), (336 bytes).
    Removing ht32_board.o(i.HT32F_DVB_BuzzerOutputCmd), (20 bytes).
    Removing ht32_board.o(i.HT32F_DVB_LEDInit), (96 bytes).
    Removing ht32_board.o(i.HT32F_DVB_LEDOff), (32 bytes).
    Removing ht32_board.o(i.HT32F_DVB_LEDOn), (32 bytes).
    Removing ht32_board.o(i.HT32F_DVB_LEDToggle), (48 bytes).
    Removing ht32_board.o(i.HT32F_DVB_PBGetState), (40 bytes).
    Removing ht32_board.o(i.HT32F_DVB_PBInit), (244 bytes).
    Removing ht32_board.o(i.NVIC_EnableIRQ), (20 bytes).
    Removing ht32_board.o(i._HT32F_DVB_ClockConfig), (132 bytes).
    Removing i2c_eeprom.o(.rev16_text), (4 bytes).
    Removing i2c_eeprom.o(.revsh_text), (4 bytes).
    Removing i2c_eeprom.o(i.I2C_EEPROM_BufferRead), (156 bytes).
    Removing i2c_eeprom.o(i.I2C_EEPROM_BufferWrite), (58 bytes).
    Removing i2c_eeprom.o(i.I2C_EEPROM_Init), (112 bytes).
    Removing i2c_eeprom.o(i.I2C_EEPROM_PageWrite), (104 bytes).
    Removing i2c_eeprom.o(i._I2C_EEPROM_AckPolling), (80 bytes).
    Removing spi_flash.o(.rev16_text), (4 bytes).
    Removing spi_flash.o(.revsh_text), (4 bytes).
    Removing spi_flash.o(i.SPI_FLASH_BlockErase), (76 bytes).
    Removing spi_flash.o(i.SPI_FLASH_BufferDualRead), (116 bytes).
    Removing spi_flash.o(i.SPI_FLASH_BufferDualReadByDMA), (328 bytes).
    Removing spi_flash.o(i.SPI_FLASH_BufferRead), (92 bytes).
    Removing spi_flash.o(i.SPI_FLASH_BufferReadByDMA), (304 bytes).
    Removing spi_flash.o(i.SPI_FLASH_BufferWriteBy), (258 bytes).
    Removing spi_flash.o(i.SPI_FLASH_ChipErase), (44 bytes).
    Removing spi_flash.o(i.SPI_FLASH_Init), (192 bytes).
    Removing spi_flash.o(i.SPI_FLASH_PageWrite), (96 bytes).
    Removing spi_flash.o(i.SPI_FLASH_PageWriteByDMA), (312 bytes).
    Removing spi_flash.o(i.SPI_FLASH_ReadJEDECID), (80 bytes).
    Removing spi_flash.o(i.SPI_FLASH_SectorErase), (76 bytes).
    Removing spi_flash.o(i.SPI_FLASH_SendByte), (52 bytes).
    Removing spi_flash.o(i.SPI_FLASH_WaitForWriteEnd), (56 bytes).
    Removing spi_flash.o(i.SPI_FLASH_WriteDisable), (36 bytes).
    Removing spi_flash.o(i.SPI_FLASH_WriteEnable), (36 bytes).
    Removing spi_flash.o(i.SPI_FLASH_WriteStatus), (48 bytes).
    Removing ebi_lcd.o(.rev16_text), (4 bytes).
    Removing ebi_lcd.o(.revsh_text), (4 bytes).
    Removing ebi_lcd.o(i.LCD_BackColorSet), (12 bytes).
    Removing ebi_lcd.o(i.LCD_CharDisplay), (36 bytes).
    Removing ebi_lcd.o(i.LCD_CharDraw), (104 bytes).
    Removing ebi_lcd.o(i.LCD_CircleDraw), (196 bytes).
    Removing ebi_lcd.o(i.LCD_Clear), (38 bytes).
    Removing ebi_lcd.o(i.LCD_Config), (644 bytes).
    Removing ebi_lcd.o(i.LCD_DisplayOff), (12 bytes).
    Removing ebi_lcd.o(i.LCD_DisplayOn), (12 bytes).
    Removing ebi_lcd.o(i.LCD_Init), (408 bytes).
    Removing ebi_lcd.o(i.LCD_LineDraw), (80 bytes).
    Removing ebi_lcd.o(i.LCD_PicDraw), (120 bytes).
    Removing ebi_lcd.o(i.LCD_ReadReg), (14 bytes).
    Removing ebi_lcd.o(i.LCD_RectDraw), (62 bytes).
    Removing ebi_lcd.o(i.LCD_SetDisplayArea), (96 bytes).
    Removing ebi_lcd.o(i.LCD_StarterSet), (44 bytes).
    Removing ebi_lcd.o(i.LCD_StringLineDisplay), (62 bytes).
    Removing ebi_lcd.o(i.LCD_TextColorSet), (12 bytes).
    Removing ebi_lcd.o(i.LCD_WriteRAM), (8 bytes).
    Removing ebi_lcd.o(i.LCD_WriteRAMPrior), (10 bytes).
    Removing ebi_lcd.o(i.LCD_WriteRAMWord), (16 bytes).
    Removing ebi_lcd.o(i.LCD_WriteReg), (10 bytes).
    Removing ebi_lcd.o(i._delay), (32 bytes).
    Removing ebi_lcd.o(.constdata), (4560 bytes).
    Removing ebi_lcd.o(.data), (8 bytes).
    Removing dadd.o(.text), (356 bytes).
    Removing dmul.o(.text), (208 bytes).
    Removing ddiv.o(.text), (240 bytes).
    Removing dfixul.o(.text), (64 bytes).
    Removing cdrcmple.o(.text), (40 bytes).
    Removing depilogue.o(.text), (190 bytes).
    Removing depilogue.o(i.__ARM_clz), (46 bytes).

550 unused section(s) (total 26919 bytes) removed from the image.

==============================================================================

Image Symbol Table

    Local Symbols

    Symbol Name                              Value     Ov Type        Size  Object(Section)

    RESET                                    0x00000000   Section      356  startup_ht32f5xxxx_01.o(RESET)
    ../clib/microlib/division.c              0x00000000   Number         0  idiv.o ABSOLUTE
    ../clib/microlib/division.c              0x00000000   Number         0  uldiv.o ABSOLUTE
    ../clib/microlib/division.c              0x00000000   Number         0  uidiv.o ABSOLUTE
    ../clib/microlib/init/entry.s            0x00000000   Number         0  entry7a.o ABSOLUTE
    ../clib/microlib/init/entry.s            0x00000000   Number         0  entry8b.o ABSOLUTE
    ../clib/microlib/init/entry.s            0x00000000   Number         0  entry11b.o ABSOLUTE
    ../clib/microlib/init/entry.s            0x00000000   Number         0  entry11a.o ABSOLUTE
    ../clib/microlib/init/entry.s            0x00000000   Number         0  entry10b.o ABSOLUTE
    ../clib/microlib/init/entry.s            0x00000000   Number         0  entry2.o ABSOLUTE
    ../clib/microlib/init/entry.s            0x00000000   Number         0  entry10a.o ABSOLUTE
    ../clib/microlib/init/entry.s            0x00000000   Number         0  entry9b.o ABSOLUTE
    ../clib/microlib/init/entry.s            0x00000000   Number         0  entry9a.o ABSOLUTE
    ../clib/microlib/init/entry.s            0x00000000   Number         0  entry8a.o ABSOLUTE
    ../clib/microlib/init/entry.s            0x00000000   Number         0  entry7b.o ABSOLUTE
    ../clib/microlib/init/entry.s            0x00000000   Number         0  entry.o ABSOLUTE
    ../clib/microlib/init/entry.s            0x00000000   Number         0  entry5.o ABSOLUTE
    ../clib/microlib/longlong.c              0x00000000   Number         0  llsshr.o ABSOLUTE
    ../clib/microlib/longlong.c              0x00000000   Number         0  llushr.o ABSOLUTE
    ../clib/microlib/longlong.c              0x00000000   Number         0  llshl.o ABSOLUTE
    ../clib/microlib/printf/printf.c         0x00000000   Number         0  printfa.o ABSOLUTE
    ../clib/microlib/printf/printf.c         0x00000000   Number         0  printf8.o ABSOLUTE
    ../clib/microlib/printf/printf.c         0x00000000   Number         0  printfb.o ABSOLUTE
    ../clib/microlib/printf/printf.c         0x00000000   Number         0  printf7.o ABSOLUTE
    ../clib/microlib/printf/printf.c         0x00000000   Number         0  printf6.o ABSOLUTE
    ../clib/microlib/printf/printf.c         0x00000000   Number         0  printf5.o ABSOLUTE
    ../clib/microlib/printf/printf.c         0x00000000   Number         0  printf4.o ABSOLUTE
    ../clib/microlib/printf/printf.c         0x00000000   Number         0  printf3.o ABSOLUTE
    ../clib/microlib/printf/printf.c         0x00000000   Number         0  printf2.o ABSOLUTE
    ../clib/microlib/printf/printf.c         0x00000000   Number         0  printf1.o ABSOLUTE
    ../clib/microlib/printf/printf.c         0x00000000   Number         0  printf0.o ABSOLUTE
    ../clib/microlib/printf/stubs.s          0x00000000   Number         0  stubs.o ABSOLUTE
    ../clib/microlib/stubs.s                 0x00000000   Number         0  iusefp.o ABSOLUTE
    ../clib/microlib/stubs.s                 0x00000000   Number         0  useno.o ABSOLUTE
    ../fplib/microlib/fpadd.c                0x00000000   Number         0  dadd.o ABSOLUTE
    ../fplib/microlib/fpdiv.c                0x00000000   Number         0  ddiv.o ABSOLUTE
    ../fplib/microlib/fpepilogue.c           0x00000000   Number         0  depilogue.o ABSOLUTE
    ../fplib/microlib/fpfix.c                0x00000000   Number         0  dfixul.o ABSOLUTE
    ../fplib/microlib/fpmul.c                0x00000000   Number         0  dmul.o ABSOLUTE
    ..\\ht32f5xxxx_01_it.c                   0x00000000   Number         0  ht32f5xxxx_01_it.o ABSOLUTE
    ..\\library\\HT32F5xxxx_Driver\\src\\ht32_cm0plus_misc.c 0x00000000   Number         0  ht32_cm0plus_misc.o ABSOLUTE
    ..\\library\\HT32F5xxxx_Driver\\src\\ht32_retarget.c 0x00000000   Number         0  ht32_retarget.o ABSOLUTE
    ..\\library\\HT32F5xxxx_Driver\\src\\ht32_serial.c 0x00000000   Number         0  ht32_serial.o ABSOLUTE
    ..\\library\\HT32F5xxxx_Driver\\src\\ht32f5xxxx_adc.c 0x00000000   Number         0  ht32f5xxxx_adc.o ABSOLUTE
    ..\\library\\HT32F5xxxx_Driver\\src\\ht32f5xxxx_bftm.c 0x00000000   Number         0  ht32f5xxxx_bftm.o ABSOLUTE
    ..\\library\\HT32F5xxxx_Driver\\src\\ht32f5xxxx_ckcu.c 0x00000000   Number         0  ht32f5xxxx_ckcu.o ABSOLUTE
    ..\\library\\HT32F5xxxx_Driver\\src\\ht32f5xxxx_cmp.c 0x00000000   Number         0  ht32f5xxxx_cmp.o ABSOLUTE
    ..\\library\\HT32F5xxxx_Driver\\src\\ht32f5xxxx_crc.c 0x00000000   Number         0  ht32f5xxxx_crc.o ABSOLUTE
    ..\\library\\HT32F5xxxx_Driver\\src\\ht32f5xxxx_ebi.c 0x00000000   Number         0  ht32f5xxxx_ebi.o ABSOLUTE
    ..\\library\\HT32F5xxxx_Driver\\src\\ht32f5xxxx_exti.c 0x00000000   Number         0  ht32f5xxxx_exti.o ABSOLUTE
    ..\\library\\HT32F5xxxx_Driver\\src\\ht32f5xxxx_flash.c 0x00000000   Number         0  ht32f5xxxx_flash.o ABSOLUTE
    ..\\library\\HT32F5xxxx_Driver\\src\\ht32f5xxxx_gpio.c 0x00000000   Number         0  ht32f5xxxx_gpio.o ABSOLUTE
    ..\\library\\HT32F5xxxx_Driver\\src\\ht32f5xxxx_i2c.c 0x00000000   Number         0  ht32f5xxxx_i2c.o ABSOLUTE
    ..\\library\\HT32F5xxxx_Driver\\src\\ht32f5xxxx_i2s.c 0x00000000   Number         0  ht32f5xxxx_i2s.o ABSOLUTE
    ..\\library\\HT32F5xxxx_Driver\\src\\ht32f5xxxx_mctm.c 0x00000000   Number         0  ht32f5xxxx_mctm.o ABSOLUTE
    ..\\library\\HT32F5xxxx_Driver\\src\\ht32f5xxxx_pdma.c 0x00000000   Number         0  ht32f5xxxx_pdma.o ABSOLUTE
    ..\\library\\HT32F5xxxx_Driver\\src\\ht32f5xxxx_pwrcu.c 0x00000000   Number         0  ht32f5xxxx_pwrcu.o ABSOLUTE
    ..\\library\\HT32F5xxxx_Driver\\src\\ht32f5xxxx_rstcu.c 0x00000000   Number         0  ht32f5xxxx_rstcu.o ABSOLUTE
    ..\\library\\HT32F5xxxx_Driver\\src\\ht32f5xxxx_rtc.c 0x00000000   Number         0  ht32f5xxxx_rtc.o ABSOLUTE
    ..\\library\\HT32F5xxxx_Driver\\src\\ht32f5xxxx_sci.c 0x00000000   Number         0  ht32f5xxxx_sci.o ABSOLUTE
    ..\\library\\HT32F5xxxx_Driver\\src\\ht32f5xxxx_spi.c 0x00000000   Number         0  ht32f5xxxx_spi.o ABSOLUTE
    ..\\library\\HT32F5xxxx_Driver\\src\\ht32f5xxxx_tm.c 0x00000000   Number         0  ht32f5xxxx_tm.o ABSOLUTE
    ..\\library\\HT32F5xxxx_Driver\\src\\ht32f5xxxx_usart.c 0x00000000   Number         0  ht32f5xxxx_usart.o ABSOLUTE
    ..\\library\\HT32F5xxxx_Driver\\src\\ht32f5xxxx_usbd.c 0x00000000   Number         0  ht32f5xxxx_usbd.o ABSOLUTE
    ..\\library\\HT32F5xxxx_Driver\\src\\ht32f5xxxx_wdt.c 0x00000000   Number         0  ht32f5xxxx_wdt.o ABSOLUTE
    ..\\library\\HT32_USBD_Library\\src\\ht32_usbd_core.c 0x00000000   Number         0  ht32_usbd_core.o ABSOLUTE
    ..\\main.c                               0x00000000   Number         0  main.o ABSOLUTE
    ..\\system_ht32f5xxxx_01.c               0x00000000   Number         0  system_ht32f5xxxx_01.o ABSOLUTE
    ..\\utilities\\common\\ebi_lcd.c         0x00000000   Number         0  ebi_lcd.o ABSOLUTE
    ..\\utilities\\common\\i2c_eeprom.c      0x00000000   Number         0  i2c_eeprom.o ABSOLUTE
    ..\\utilities\\common\\spi_flash.c       0x00000000   Number         0  spi_flash.o ABSOLUTE
    ..\\utilities\\ht32_board.c              0x00000000   Number         0  ht32_board.o ABSOLUTE
    ..\ht32f5xxxx_01_it.c                    0x00000000   Number         0  ht32f5xxxx_01_it.o ABSOLUTE
    ..\library\HT32F5xxxx_Driver\src\ht32_cm0plus_misc.c 0x00000000   Number         0  ht32_cm0plus_misc.o ABSOLUTE
    ..\library\HT32F5xxxx_Driver\src\ht32_retarget.c 0x00000000   Number         0  ht32_retarget.o ABSOLUTE
    ..\library\HT32F5xxxx_Driver\src\ht32_serial.c 0x00000000   Number         0  ht32_serial.o ABSOLUTE
    ..\library\HT32F5xxxx_Driver\src\ht32f5xxxx_adc.c 0x00000000   Number         0  ht32f5xxxx_adc.o ABSOLUTE
    ..\library\HT32F5xxxx_Driver\src\ht32f5xxxx_bftm.c 0x00000000   Number         0  ht32f5xxxx_bftm.o ABSOLUTE
    ..\library\HT32F5xxxx_Driver\src\ht32f5xxxx_ckcu.c 0x00000000   Number         0  ht32f5xxxx_ckcu.o ABSOLUTE
    ..\library\HT32F5xxxx_Driver\src\ht32f5xxxx_cmp.c 0x00000000   Number         0  ht32f5xxxx_cmp.o ABSOLUTE
    ..\library\HT32F5xxxx_Driver\src\ht32f5xxxx_crc.c 0x00000000   Number         0  ht32f5xxxx_crc.o ABSOLUTE
    ..\library\HT32F5xxxx_Driver\src\ht32f5xxxx_ebi.c 0x00000000   Number         0  ht32f5xxxx_ebi.o ABSOLUTE
    ..\library\HT32F5xxxx_Driver\src\ht32f5xxxx_exti.c 0x00000000   Number         0  ht32f5xxxx_exti.o ABSOLUTE
    ..\library\HT32F5xxxx_Driver\src\ht32f5xxxx_flash.c 0x00000000   Number         0  ht32f5xxxx_flash.o ABSOLUTE
    ..\library\HT32F5xxxx_Driver\src\ht32f5xxxx_gpio.c 0x00000000   Number         0  ht32f5xxxx_gpio.o ABSOLUTE
    ..\library\HT32F5xxxx_Driver\src\ht32f5xxxx_i2c.c 0x00000000   Number         0  ht32f5xxxx_i2c.o ABSOLUTE
    ..\library\HT32F5xxxx_Driver\src\ht32f5xxxx_i2s.c 0x00000000   Number         0  ht32f5xxxx_i2s.o ABSOLUTE
    ..\library\HT32F5xxxx_Driver\src\ht32f5xxxx_mctm.c 0x00000000   Number         0  ht32f5xxxx_mctm.o ABSOLUTE
    ..\library\HT32F5xxxx_Driver\src\ht32f5xxxx_pdma.c 0x00000000   Number         0  ht32f5xxxx_pdma.o ABSOLUTE
    ..\library\HT32F5xxxx_Driver\src\ht32f5xxxx_pwrcu.c 0x00000000   Number         0  ht32f5xxxx_pwrcu.o ABSOLUTE
    ..\library\HT32F5xxxx_Driver\src\ht32f5xxxx_rstcu.c 0x00000000   Number         0  ht32f5xxxx_rstcu.o ABSOLUTE
    ..\library\HT32F5xxxx_Driver\src\ht32f5xxxx_rtc.c 0x00000000   Number         0  ht32f5xxxx_rtc.o ABSOLUTE
    ..\library\HT32F5xxxx_Driver\src\ht32f5xxxx_sci.c 0x00000000   Number         0  ht32f5xxxx_sci.o ABSOLUTE
    ..\library\HT32F5xxxx_Driver\src\ht32f5xxxx_spi.c 0x00000000   Number         0  ht32f5xxxx_spi.o ABSOLUTE
    ..\library\HT32F5xxxx_Driver\src\ht32f5xxxx_tm.c 0x00000000   Number         0  ht32f5xxxx_tm.o ABSOLUTE
    ..\library\HT32F5xxxx_Driver\src\ht32f5xxxx_usart.c 0x00000000   Number         0  ht32f5xxxx_usart.o ABSOLUTE
    ..\library\HT32F5xxxx_Driver\src\ht32f5xxxx_usbd.c 0x00000000   Number         0  ht32f5xxxx_usbd.o ABSOLUTE
    ..\library\HT32F5xxxx_Driver\src\ht32f5xxxx_wdt.c 0x00000000   Number         0  ht32f5xxxx_wdt.o ABSOLUTE
    ..\library\HT32_USBD_Library\src\ht32_usbd_core.c 0x00000000   Number         0  ht32_usbd_core.o ABSOLUTE
    ..\main.c                                0x00000000   Number         0  main.o ABSOLUTE
    ..\system_ht32f5xxxx_01.c                0x00000000   Number         0  system_ht32f5xxxx_01.o ABSOLUTE
    ..\utilities\common\ebi_lcd.c            0x00000000   Number         0  ebi_lcd.o ABSOLUTE
    ..\utilities\common\i2c_eeprom.c         0x00000000   Number         0  i2c_eeprom.o ABSOLUTE
    ..\utilities\common\spi_flash.c          0x00000000   Number         0  spi_flash.o ABSOLUTE
    ..\utilities\ht32_board.c                0x00000000   Number         0  ht32_board.o ABSOLUTE
    MB_Config.c                              0x00000000   Number         0  mb_config.o ABSOLUTE
    MB_Config.c                              0x00000000   Number         0  mb_config.o ABSOLUTE
    cdrcmple.s                               0x00000000   Number         0  cdrcmple.o ABSOLUTE
    dc.s                                     0x00000000   Number         0  dc.o ABSOLUTE
    handlers.s                               0x00000000   Number         0  handlers.o ABSOLUTE
    ht32_op.s                                0x00000000   Number         0  ht32_op.o ABSOLUTE
    init.s                                   0x00000000   Number         0  init.o ABSOLUTE
    startup_ht32f5xxxx_01.s                  0x00000000   Number         0  startup_ht32f5xxxx_01.o ABSOLUTE
    ws2812.c                                 0x00000000   Number         0  ws2812.o ABSOLUTE
    ws2812.c                                 0x00000000   Number         0  ws2812.o ABSOLUTE
    BootProcess                              0x000000cd   Thumb Code    94  startup_ht32f5xxxx_01.o(RESET)
    .ARM.Collect$$$$00000000                 0x00000164   Section        0  entry.o(.ARM.Collect$$$$00000000)
    .ARM.Collect$$$$00000001                 0x00000164   Section        4  entry2.o(.ARM.Collect$$$$00000001)
    .ARM.Collect$$$$00000004                 0x00000168   Section        4  entry5.o(.ARM.Collect$$$$00000004)
    .ARM.Collect$$$$00000008                 0x0000016c   Section        0  entry7b.o(.ARM.Collect$$$$00000008)
    .ARM.Collect$$$$0000000A                 0x0000016c   Section        0  entry8b.o(.ARM.Collect$$$$0000000A)
    .ARM.Collect$$$$0000000B                 0x0000016c   Section        8  entry9a.o(.ARM.Collect$$$$0000000B)
    .ARM.Collect$$$$0000000D                 0x00000174   Section        0  entry10a.o(.ARM.Collect$$$$0000000D)
    .ARM.Collect$$$$0000000F                 0x00000174   Section        0  entry11a.o(.ARM.Collect$$$$0000000F)
    .ARM.Collect$$$$00002712                 0x00000174   Section        4  entry2.o(.ARM.Collect$$$$00002712)
    __lit__00000000                          0x00000174   Data           4  entry2.o(.ARM.Collect$$$$00002712)
    .text                                    0x00000178   Section        0  uidiv.o(.text)
    .text                                    0x000001a4   Section        0  idiv.o(.text)
    .text                                    0x000001cc   Section        0  uldiv.o(.text)
    .text                                    0x0000022c   Section       36  init.o(.text)
    .text                                    0x00000250   Section        0  llshl.o(.text)
    .text                                    0x00000270   Section        0  llushr.o(.text)
    i.AFIO_GPxConfig                         0x00000294   Section        0  ht32f5xxxx_gpio.o(i.AFIO_GPxConfig)
    i.BFTM0_Configuration                    0x000002f8   Section        0  mb_config.o(i.BFTM0_Configuration)
    i.BFTM0_IRQHandler                       0x00000330   Section        0  main.o(i.BFTM0_IRQHandler)
    i.BFTM_ClearFlag                         0x00000438   Section        0  ht32f5xxxx_bftm.o(i.BFTM_ClearFlag)
    i.BFTM_EnaCmd                            0x00000446   Section        0  ht32f5xxxx_bftm.o(i.BFTM_EnaCmd)
    i.BFTM_IntConfig                         0x0000045e   Section        0  ht32f5xxxx_bftm.o(i.BFTM_IntConfig)
    i.BFTM_SetCompare                        0x00000476   Section        0  ht32f5xxxx_bftm.o(i.BFTM_SetCompare)
    i.BFTM_SetCounter                        0x0000047a   Section        0  ht32f5xxxx_bftm.o(i.BFTM_SetCounter)
    i.BTMasterConfiguration                  0x00000480   Section        0  mb_config.o(i.BTMasterConfiguration)
    i.CKCU_Configuration                     0x000004d4   Section        0  mb_config.o(i.CKCU_Configuration)
    i.CKCU_GetClocksFrequency                0x00000588   Section        0  ht32f5xxxx_ckcu.o(i.CKCU_GetClocksFrequency)
    i.CKCU_GetPLLFrequency                   0x00000614   Section        0  ht32f5xxxx_ckcu.o(i.CKCU_GetPLLFrequency)
    i.CKCU_GetPeripFrequency                 0x0000067c   Section        0  ht32f5xxxx_ckcu.o(i.CKCU_GetPeripFrequency)
    i.CKCU_PeripClockConfig                  0x000006b4   Section        0  ht32f5xxxx_ckcu.o(i.CKCU_PeripClockConfig)
    i.GPIO_Configuration                     0x000006f4   Section        0  mb_config.o(i.GPIO_Configuration)
    i.GPIO_DirectionConfig                   0x000007f4   Section        0  ht32f5xxxx_gpio.o(i.GPIO_DirectionConfig)
    i.GPIO_InputConfig                       0x00000808   Section        0  ht32f5xxxx_gpio.o(i.GPIO_InputConfig)
    i.GPIO_ReadInBit                         0x0000081c   Section        0  ht32f5xxxx_gpio.o(i.GPIO_ReadInBit)
    i.GPIO_ReadInData                        0x0000082e   Section        0  ht32f5xxxx_gpio.o(i.GPIO_ReadInData)
    i.GPTM0_Configuration                    0x00000838   Section        0  mb_config.o(i.GPTM0_Configuration)
    i.GPTM0_IRQHandler                       0x00000884   Section        0  main.o(i.GPTM0_IRQHandler)
    i.GPTM1_Configuration                    0x00000934   Section        0  mb_config.o(i.GPTM1_Configuration)
    i.GPTM1_IRQHandler                       0x00000980   Section        0  main.o(i.GPTM1_IRQHandler)
    i.HT32F_DVB_COMInit                      0x000009c4   Section        0  ht32_board.o(i.HT32F_DVB_COMInit)
    i.HardFault_Handler                      0x00000a30   Section        0  ht32f5xxxx_01_it.o(i.HardFault_Handler)
    i.Initialize                             0x00000a40   Section        0  main.o(i.Initialize)
    i.MCTM_CHMOECmd                          0x00000ad4   Section        0  ht32f5xxxx_mctm.o(i.MCTM_CHMOECmd)
    i.NMI_Handler                            0x00000aec   Section        0  ht32f5xxxx_01_it.o(i.NMI_Handler)
    i.NVIC_Configuration                     0x00000aee   Section        0  mb_config.o(i.NVIC_Configuration)
    i.NVIC_EnableIRQ                         0x00000b04   Section        0  mb_config.o(i.NVIC_EnableIRQ)
    NVIC_EnableIRQ                           0x00000b05   Thumb Code    14  mb_config.o(i.NVIC_EnableIRQ)
    i.PDMA_ClearFlag                         0x00000b18   Section        0  ht32f5xxxx_pdma.o(i.PDMA_ClearFlag)
    i.PDMA_Config                            0x00000b34   Section        0  ht32f5xxxx_pdma.o(i.PDMA_Config)
    i.PDMA_EnaCmd                            0x00000b68   Section        0  ht32f5xxxx_pdma.o(i.PDMA_EnaCmd)
    i.PDMA_GetFlagStatus                     0x00000b94   Section        0  ht32f5xxxx_pdma.o(i.PDMA_GetFlagStatus)
    i.PDMA_IntConfig                         0x00000bb8   Section        0  ht32f5xxxx_pdma.o(i.PDMA_IntConfig)
    i.PendSV_Handler                         0x00000c10   Section        0  ht32f5xxxx_01_it.o(i.PendSV_Handler)
    i.RETARGET_Configuration                 0x00000c12   Section        0  ht32_retarget.o(i.RETARGET_Configuration)
    i.SERIAL_PutChar                         0x00000c34   Section        0  ht32_serial.o(i.SERIAL_PutChar)
    i.SVC_Handler                            0x00000c50   Section        0  ht32f5xxxx_01_it.o(i.SVC_Handler)
    i.SysTick_Handler                        0x00000c52   Section        0  ht32f5xxxx_01_it.o(i.SysTick_Handler)
    i.SystemInit                             0x00000c54   Section        0  system_ht32f5xxxx_01.o(i.SystemInit)
    i.TM_ClearFlag                           0x00000d98   Section        0  ht32f5xxxx_tm.o(i.TM_ClearFlag)
    i.TM_Cmd                                 0x00000da2   Section        0  ht32f5xxxx_tm.o(i.TM_Cmd)
    i.TM_IntConfig                           0x00000dba   Section        0  ht32f5xxxx_tm.o(i.TM_IntConfig)
    i.TM_OutputInit                          0x00000dd0   Section        0  ht32f5xxxx_tm.o(i.TM_OutputInit)
    i.TM_PDMAConfig                          0x00000ea0   Section        0  ht32f5xxxx_tm.o(i.TM_PDMAConfig)
    i.TM_TimeBaseInit                        0x00000eb4   Section        0  ht32f5xxxx_tm.o(i.TM_TimeBaseInit)
    i.TM_TimeBaseStructInit                  0x00000ef4   Section        0  ht32f5xxxx_tm.o(i.TM_TimeBaseStructInit)
    i.USART_GetFlagStatus                    0x00000f0c   Section        0  ht32f5xxxx_usart.o(i.USART_GetFlagStatus)
    i.USART_Init                             0x00000f20   Section        0  ht32f5xxxx_usart.o(i.USART_Init)
    i.USART_SendData                         0x00000fac   Section        0  ht32f5xxxx_usart.o(i.USART_SendData)
    i.USART_TxRxCmd                          0x00000fb0   Section        0  ht32f5xxxx_usart.o(i.USART_TxRxCmd)
    i.__0printf$8                            0x00000fd0   Section        0  printf8.o(i.__0printf$8)
    i.__ARM_common_switch8                   0x00000ff0   Section        0  ht32f5xxxx_ckcu.o(i.__ARM_common_switch8)
    i.__scatterload_copy                     0x0000100c   Section       14  handlers.o(i.__scatterload_copy)
    i.__scatterload_null                     0x0000101a   Section        2  handlers.o(i.__scatterload_null)
    i.__scatterload_zeroinit                 0x0000101c   Section       14  handlers.o(i.__scatterload_zeroinit)
    i._printf_core                           0x0000102c   Section        0  printf8.o(i._printf_core)
    _printf_core                             0x0000102d   Thumb Code  1020  printf8.o(i._printf_core)
    i._printf_post_padding                   0x00001454   Section        0  printf8.o(i._printf_post_padding)
    _printf_post_padding                     0x00001455   Thumb Code    32  printf8.o(i._printf_post_padding)
    i._printf_pre_padding                    0x00001474   Section        0  printf8.o(i._printf_pre_padding)
    _printf_pre_padding                      0x00001475   Thumb Code    44  printf8.o(i._printf_pre_padding)
    i.fputc                                  0x000014a0   Section        0  ht32_retarget.o(i.fputc)
    i.main                                   0x000014b0   Section        0  main.o(i.main)
    i.modeSwitch                             0x00001634   Section        0  main.o(i.modeSwitch)
    i.musicSwitch                            0x00001794   Section        0  main.o(i.musicSwitch)
    i.sendBTData                             0x00001968   Section        0  main.o(i.sendBTData)
    i.setMusicStatus                         0x00001a88   Section        0  main.o(i.setMusicStatus)
    i.setScore                               0x00001ae4   Section        0  main.o(i.setScore)
    i.switchHandle                           0x00001b40   Section        0  main.o(i.switchHandle)
    i.wsAFIOConfig                           0x00001bcc   Section        0  ws2812.o(i.wsAFIOConfig)
    i.wsBlinkAll                             0x00001bdc   Section        0  ws2812.o(i.wsBlinkAll)
    i.wsClearAll                             0x00001c24   Section        0  ws2812.o(i.wsClearAll)
    i.wsClearBetween                         0x00001c54   Section        0  ws2812.o(i.wsClearBetween)
    i.wsInit                                 0x00001c88   Section        0  ws2812.o(i.wsInit)
    i.wsNVICConfig                           0x00001cec   Section        0  ws2812.o(i.wsNVICConfig)
    i.wsPDMAConfig                           0x00001d00   Section        0  ws2812.o(i.wsPDMAConfig)
    i.wsPWMConfig                            0x00001d58   Section        0  ws2812.o(i.wsPWMConfig)
    i.wsSetColor                             0x00001dbc   Section        0  ws2812.o(i.wsSetColor)
    i.wsSetLeftArrow                         0x00001ea4   Section        0  ws2812.o(i.wsSetLeftArrow)
    i.wsSetMusicLED                          0x00001ed4   Section        0  main.o(i.wsSetMusicLED)
    i.wsSetMusicStatus                       0x00001f68   Section        0  ws2812.o(i.wsSetMusicStatus)
    i.wsSetNumber                            0x000020de   Section        0  ws2812.o(i.wsSetNumber)
    i.wsSetRightArrow                        0x0000230c   Section        0  ws2812.o(i.wsSetRightArrow)
    i.wsShow                                 0x0000233c   Section        0  ws2812.o(i.wsShow)
    .constdata                               0x00002394   Section       88  main.o(.constdata)
    GPIO_PIN_n                               0x00002394   Data          64  main.o(.constdata)
    .constdata                               0x000023ec   Section       64  mb_config.o(.constdata)
    GPIO_PIN_n                               0x000023ec   Data          64  mb_config.o(.constdata)
    .constdata                               0x0000242c   Section       68  ht32_board.o(.constdata)
    .data                                    0x20000000   Section      236  main.o(.data)
    i                                        0x200000df   Data           1  main.o(.data)
    buff                                     0x200000e0   Data           8  main.o(.data)
    BTData                                   0x200000e8   Data           1  main.o(.data)
    btn_index                                0x200000e9   Data           1  main.o(.data)
    i                                        0x200000ea   Data           1  main.o(.data)
    j                                        0x200000eb   Data           1  main.o(.data)
    .data                                    0x200000ec   Section        4  ht32f5xxxx_01_it.o(.data)
    gIsContinue                              0x200000ec   Data           4  ht32f5xxxx_01_it.o(.data)
    .data                                    0x200000f0   Section        1  mb_config.o(.data)
    .data                                    0x200000f1   Section        3  ws2812.o(.data)
    ws_i                                     0x200000f1   Data           1  ws2812.o(.data)
    ws_j                                     0x200000f2   Data           1  ws2812.o(.data)
    color_bit                                0x200000f3   Data           1  ws2812.o(.data)
    .data                                    0x200000f4   Section        4  system_ht32f5xxxx_01.o(.data)
    .data                                    0x200000f8   Section        8  ht32_retarget.o(.data)
    .bss                                     0x20000100   Section       48  main.o(.bss)
    TimeBaseInit                             0x20000100   Data          16  main.o(.bss)
    .bss                                     0x20000130   Section       16  mb_config.o(.bss)
    TimeBaseInit                             0x20000130   Data          16  mb_config.o(.bss)
    .bss                                     0x20000140   Section     8528  ws2812.o(.bss)
    WS2812                                   0x200002b0   Data        8160  ws2812.o(.bss)
    STACK                                    0x20002290   Section      512  startup_ht32f5xxxx_01.o(STACK)

    Global Symbols

    Symbol Name                              Value     Ov Type        Size  Object(Section)

    BuildAttributes$$THM_ISAv3M$S$PE$A:L22$X:L11$S22$IEEE1$IW$USESV6$~STKCKD$USESV7$~SHL$OSPACE$ROPI$EBA8$MICROLIB$REQ8$PRES8$EABIv2 0x00000000   Number         0  anon$$obj.o ABSOLUTE
    __ARM_use_no_argv                        0x00000000   Number         0  main.o ABSOLUTE
    __Vectors                                0x00000000   Data           0  startup_ht32f5xxxx_01.o(RESET)
    __use_no_errno                           0x00000000   Number         0  useno.o ABSOLUTE
    __use_no_exception_handling              0x00000000   Number         0  useno.o ABSOLUTE
    __use_no_fp                              0x00000000   Number         0  useno.o ABSOLUTE
    __use_no_heap                            0x00000000   Number         0  useno.o ABSOLUTE
    __use_no_heap_region                     0x00000000   Number         0  useno.o ABSOLUTE
    __use_no_semihosting                     0x00000000   Number         0  useno.o ABSOLUTE
    __use_no_semihosting_swi                 0x00000000   Number         0  useno.o ABSOLUTE
    __use_no_signal_handling                 0x00000000   Number         0  useno.o ABSOLUTE
    _printf_a                                0x00000000   Number         0  stubs.o ABSOLUTE
    _printf_c                                0x00000000   Number         0  stubs.o ABSOLUTE
    _printf_charcount                        0x00000000   Number         0  stubs.o ABSOLUTE
    _printf_d                                0x00000000   Number         0  stubs.o ABSOLUTE
    _printf_e                                0x00000000   Number         0  stubs.o ABSOLUTE
    _printf_f                                0x00000000   Number         0  stubs.o ABSOLUTE
    _printf_flags                            0x00000000   Number         0  stubs.o ABSOLUTE
    _printf_fp_dec                           0x00000000   Number         0  stubs.o ABSOLUTE
    _printf_fp_hex                           0x00000000   Number         0  stubs.o ABSOLUTE
    _printf_g                                0x00000000   Number         0  stubs.o ABSOLUTE
    _printf_i                                0x00000000   Number         0  stubs.o ABSOLUTE
    _printf_int_dec                          0x00000000   Number         0  stubs.o ABSOLUTE
    _printf_l                                0x00000000   Number         0  stubs.o ABSOLUTE
    _printf_lc                               0x00000000   Number         0  stubs.o ABSOLUTE
    _printf_ll                               0x00000000   Number         0  stubs.o ABSOLUTE
    _printf_lld                              0x00000000   Number         0  stubs.o ABSOLUTE
    _printf_lli                              0x00000000   Number         0  stubs.o ABSOLUTE
    _printf_llo                              0x00000000   Number         0  stubs.o ABSOLUTE
    _printf_llu                              0x00000000   Number         0  stubs.o ABSOLUTE
    _printf_llx                              0x00000000   Number         0  stubs.o ABSOLUTE
    _printf_longlong_dec                     0x00000000   Number         0  stubs.o ABSOLUTE
    _printf_longlong_hex                     0x00000000   Number         0  stubs.o ABSOLUTE
    _printf_longlong_oct                     0x00000000   Number         0  stubs.o ABSOLUTE
    _printf_ls                               0x00000000   Number         0  stubs.o ABSOLUTE
    _printf_mbtowc                           0x00000000   Number         0  stubs.o ABSOLUTE
    _printf_n                                0x00000000   Number         0  stubs.o ABSOLUTE
    _printf_o                                0x00000000   Number         0  stubs.o ABSOLUTE
    _printf_p                                0x00000000   Number         0  stubs.o ABSOLUTE
    _printf_percent                          0x00000000   Number         0  stubs.o ABSOLUTE
    _printf_pre_padding                      0x00000000   Number         0  stubs.o ABSOLUTE
    _printf_return_value                     0x00000000   Number         0  stubs.o ABSOLUTE
    _printf_s                                0x00000000   Number         0  stubs.o ABSOLUTE
    _printf_sizespec                         0x00000000   Number         0  stubs.o ABSOLUTE
    _printf_str                              0x00000000   Number         0  stubs.o ABSOLUTE
    _printf_truncate_signed                  0x00000000   Number         0  stubs.o ABSOLUTE
    _printf_truncate_unsigned                0x00000000   Number         0  stubs.o ABSOLUTE
    _printf_u                                0x00000000   Number         0  stubs.o ABSOLUTE
    _printf_wc                               0x00000000   Number         0  stubs.o ABSOLUTE
    _printf_wctomb                           0x00000000   Number         0  stubs.o ABSOLUTE
    _printf_widthprec                        0x00000000   Number         0  stubs.o ABSOLUTE
    _printf_x                                0x00000000   Number         0  stubs.o ABSOLUTE
    __cpp_initialize__aeabi_                  - Undefined Weak Reference
    __cxa_finalize                            - Undefined Weak Reference
    __decompress                              - Undefined Weak Reference
    _clock_init                               - Undefined Weak Reference
    _microlib_exit                            - Undefined Weak Reference
    Reset_Handler                            0x000000c1   Thumb Code    12  startup_ht32f5xxxx_01.o(RESET)
    ADC_IRQHandler                           0x00000135   Thumb Code     0  startup_ht32f5xxxx_01.o(RESET)
    AES_IRQHandler                           0x00000135   Thumb Code     0  startup_ht32f5xxxx_01.o(RESET)
    BFTM1_IRQHandler                         0x00000135   Thumb Code     0  startup_ht32f5xxxx_01.o(RESET)
    COMP_IRQHandler                          0x00000135   Thumb Code     0  startup_ht32f5xxxx_01.o(RESET)
    EVWUP_IRQHandler                         0x00000135   Thumb Code     0  startup_ht32f5xxxx_01.o(RESET)
    EXTI0_1_IRQHandler                       0x00000135   Thumb Code     0  startup_ht32f5xxxx_01.o(RESET)
    EXTI2_3_IRQHandler                       0x00000135   Thumb Code     0  startup_ht32f5xxxx_01.o(RESET)
    EXTI4_15_IRQHandler                      0x00000135   Thumb Code     0  startup_ht32f5xxxx_01.o(RESET)
    FLASH_IRQHandler                         0x00000135   Thumb Code     0  startup_ht32f5xxxx_01.o(RESET)
    I2C0_IRQHandler                          0x00000135   Thumb Code     0  startup_ht32f5xxxx_01.o(RESET)
    I2C1_IRQHandler                          0x00000135   Thumb Code     0  startup_ht32f5xxxx_01.o(RESET)
    I2C2_IRQHandler                          0x00000135   Thumb Code     0  startup_ht32f5xxxx_01.o(RESET)
    I2S_IRQHandler                           0x00000135   Thumb Code     0  startup_ht32f5xxxx_01.o(RESET)
    LVD_BOD_IRQHandler                       0x00000135   Thumb Code     0  startup_ht32f5xxxx_01.o(RESET)
    MCTM0_IRQHandler                         0x00000135   Thumb Code     0  startup_ht32f5xxxx_01.o(RESET)
    MIDI_IRQHandler                          0x00000135   Thumb Code     0  startup_ht32f5xxxx_01.o(RESET)
    PDMA_CH0_1_IRQHandler                    0x00000135   Thumb Code     0  startup_ht32f5xxxx_01.o(RESET)
    PDMA_CH2_5_IRQHandler                    0x00000135   Thumb Code     0  startup_ht32f5xxxx_01.o(RESET)
    PWM0_IRQHandler                          0x00000135   Thumb Code     0  startup_ht32f5xxxx_01.o(RESET)
    PWM1_IRQHandler                          0x00000135   Thumb Code     0  startup_ht32f5xxxx_01.o(RESET)
    QSPI_IRQHandler                          0x00000135   Thumb Code     0  startup_ht32f5xxxx_01.o(RESET)
    RTC_IRQHandler                           0x00000135   Thumb Code     0  startup_ht32f5xxxx_01.o(RESET)
    SCI_IRQHandler                           0x00000135   Thumb Code     0  startup_ht32f5xxxx_01.o(RESET)
    SCTM0_IRQHandler                         0x00000135   Thumb Code     0  startup_ht32f5xxxx_01.o(RESET)
    SCTM1_IRQHandler                         0x00000135   Thumb Code     0  startup_ht32f5xxxx_01.o(RESET)
    SCTM2_IRQHandler                         0x00000135   Thumb Code     0  startup_ht32f5xxxx_01.o(RESET)
    SCTM3_IRQHandler                         0x00000135   Thumb Code     0  startup_ht32f5xxxx_01.o(RESET)
    SPI0_IRQHandler                          0x00000135   Thumb Code     0  startup_ht32f5xxxx_01.o(RESET)
    SPI1_IRQHandler                          0x00000135   Thumb Code     0  startup_ht32f5xxxx_01.o(RESET)
    UART0_IRQHandler                         0x00000135   Thumb Code     0  startup_ht32f5xxxx_01.o(RESET)
    UART1_IRQHandler                         0x00000135   Thumb Code     0  startup_ht32f5xxxx_01.o(RESET)
    UART2_IRQHandler                         0x00000135   Thumb Code     0  startup_ht32f5xxxx_01.o(RESET)
    UART3_IRQHandler                         0x00000135   Thumb Code     0  startup_ht32f5xxxx_01.o(RESET)
    USART0_IRQHandler                        0x00000135   Thumb Code     0  startup_ht32f5xxxx_01.o(RESET)
    USART1_IRQHandler                        0x00000135   Thumb Code     0  startup_ht32f5xxxx_01.o(RESET)
    USB_IRQHandler                           0x00000135   Thumb Code     0  startup_ht32f5xxxx_01.o(RESET)
    __main                                   0x00000165   Thumb Code     0  entry.o(.ARM.Collect$$$$00000000)
    _main_stk                                0x00000165   Thumb Code     0  entry2.o(.ARM.Collect$$$$00000001)
    _main_scatterload                        0x00000169   Thumb Code     0  entry5.o(.ARM.Collect$$$$00000004)
    __main_after_scatterload                 0x0000016d   Thumb Code     0  entry5.o(.ARM.Collect$$$$00000004)
    _main_clock                              0x0000016d   Thumb Code     0  entry7b.o(.ARM.Collect$$$$00000008)
    _main_cpp_init                           0x0000016d   Thumb Code     0  entry8b.o(.ARM.Collect$$$$0000000A)
    _main_init                               0x0000016d   Thumb Code     0  entry9a.o(.ARM.Collect$$$$0000000B)
    __rt_final_cpp                           0x00000175   Thumb Code     0  entry10a.o(.ARM.Collect$$$$0000000D)
    __rt_final_exit                          0x00000175   Thumb Code     0  entry11a.o(.ARM.Collect$$$$0000000F)
    __aeabi_uidiv                            0x00000179   Thumb Code     0  uidiv.o(.text)
    __aeabi_uidivmod                         0x00000179   Thumb Code    44  uidiv.o(.text)
    __aeabi_idiv                             0x000001a5   Thumb Code     0  idiv.o(.text)
    __aeabi_idivmod                          0x000001a5   Thumb Code    40  idiv.o(.text)
    __aeabi_uldivmod                         0x000001cd   Thumb Code    96  uldiv.o(.text)
    __scatterload                            0x0000022d   Thumb Code    28  init.o(.text)
    __scatterload_rt2                        0x0000022d   Thumb Code     0  init.o(.text)
    __aeabi_llsl                             0x00000251   Thumb Code    32  llshl.o(.text)
    _ll_shift_l                              0x00000251   Thumb Code     0  llshl.o(.text)
    __aeabi_llsr                             0x00000271   Thumb Code    34  llushr.o(.text)
    _ll_ushift_r                             0x00000271   Thumb Code     0  llushr.o(.text)
    AFIO_GPxConfig                           0x00000295   Thumb Code    94  ht32f5xxxx_gpio.o(i.AFIO_GPxConfig)
    BFTM0_Configuration                      0x000002f9   Thumb Code    48  mb_config.o(i.BFTM0_Configuration)
    BFTM0_IRQHandler                         0x00000331   Thumb Code   168  main.o(i.BFTM0_IRQHandler)
    BFTM_ClearFlag                           0x00000439   Thumb Code    14  ht32f5xxxx_bftm.o(i.BFTM_ClearFlag)
    BFTM_EnaCmd                              0x00000447   Thumb Code    24  ht32f5xxxx_bftm.o(i.BFTM_EnaCmd)
    BFTM_IntConfig                           0x0000045f   Thumb Code    24  ht32f5xxxx_bftm.o(i.BFTM_IntConfig)
    BFTM_SetCompare                          0x00000477   Thumb Code     4  ht32f5xxxx_bftm.o(i.BFTM_SetCompare)
    BFTM_SetCounter                          0x0000047b   Thumb Code     4  ht32f5xxxx_bftm.o(i.BFTM_SetCounter)
    BTMasterConfiguration                    0x00000481   Thumb Code    78  mb_config.o(i.BTMasterConfiguration)
    CKCU_Configuration                       0x000004d5   Thumb Code   180  mb_config.o(i.CKCU_Configuration)
    CKCU_GetClocksFrequency                  0x00000589   Thumb Code   130  ht32f5xxxx_ckcu.o(i.CKCU_GetClocksFrequency)
    CKCU_GetPLLFrequency                     0x00000615   Thumb Code    96  ht32f5xxxx_ckcu.o(i.CKCU_GetPLLFrequency)
    CKCU_GetPeripFrequency                   0x0000067d   Thumb Code    50  ht32f5xxxx_ckcu.o(i.CKCU_GetPeripFrequency)
    CKCU_PeripClockConfig                    0x000006b5   Thumb Code    60  ht32f5xxxx_ckcu.o(i.CKCU_PeripClockConfig)
    GPIO_Configuration                       0x000006f5   Thumb Code   236  mb_config.o(i.GPIO_Configuration)
    GPIO_DirectionConfig                     0x000007f5   Thumb Code    20  ht32f5xxxx_gpio.o(i.GPIO_DirectionConfig)
    GPIO_InputConfig                         0x00000809   Thumb Code    20  ht32f5xxxx_gpio.o(i.GPIO_InputConfig)
    GPIO_ReadInBit                           0x0000081d   Thumb Code    18  ht32f5xxxx_gpio.o(i.GPIO_ReadInBit)
    GPIO_ReadInData                          0x0000082f   Thumb Code     8  ht32f5xxxx_gpio.o(i.GPIO_ReadInData)
    GPTM0_Configuration                      0x00000839   Thumb Code    64  mb_config.o(i.GPTM0_Configuration)
    GPTM0_IRQHandler                         0x00000885   Thumb Code   160  main.o(i.GPTM0_IRQHandler)
    GPTM1_Configuration                      0x00000935   Thumb Code    64  mb_config.o(i.GPTM1_Configuration)
    GPTM1_IRQHandler                         0x00000981   Thumb Code    56  main.o(i.GPTM1_IRQHandler)
    HT32F_DVB_COMInit                        0x000009c5   Thumb Code   102  ht32_board.o(i.HT32F_DVB_COMInit)
    HardFault_Handler                        0x00000a31   Thumb Code    12  ht32f5xxxx_01_it.o(i.HardFault_Handler)
    Initialize                               0x00000a41   Thumb Code   118  main.o(i.Initialize)
    MCTM_CHMOECmd                            0x00000ad5   Thumb Code    24  ht32f5xxxx_mctm.o(i.MCTM_CHMOECmd)
    NMI_Handler                              0x00000aed   Thumb Code     2  ht32f5xxxx_01_it.o(i.NMI_Handler)
    NVIC_Configuration                       0x00000aef   Thumb Code    22  mb_config.o(i.NVIC_Configuration)
    PDMA_ClearFlag                           0x00000b19   Thumb Code    22  ht32f5xxxx_pdma.o(i.PDMA_ClearFlag)
    PDMA_Config                              0x00000b35   Thumb Code    46  ht32f5xxxx_pdma.o(i.PDMA_Config)
    PDMA_EnaCmd                              0x00000b69   Thumb Code    38  ht32f5xxxx_pdma.o(i.PDMA_EnaCmd)
    PDMA_GetFlagStatus                       0x00000b95   Thumb Code    30  ht32f5xxxx_pdma.o(i.PDMA_GetFlagStatus)
    PDMA_IntConfig                           0x00000bb9   Thumb Code    84  ht32f5xxxx_pdma.o(i.PDMA_IntConfig)
    PendSV_Handler                           0x00000c11   Thumb Code     2  ht32f5xxxx_01_it.o(i.PendSV_Handler)
    RETARGET_Configuration                   0x00000c13   Thumb Code    34  ht32_retarget.o(i.RETARGET_Configuration)
    SERIAL_PutChar                           0x00000c35   Thumb Code    24  ht32_serial.o(i.SERIAL_PutChar)
    SVC_Handler                              0x00000c51   Thumb Code     2  ht32f5xxxx_01_it.o(i.SVC_Handler)
    SysTick_Handler                          0x00000c53   Thumb Code     2  ht32f5xxxx_01_it.o(i.SysTick_Handler)
    SystemInit                               0x00000c55   Thumb Code   304  system_ht32f5xxxx_01.o(i.SystemInit)
    TM_ClearFlag                             0x00000d99   Thumb Code    10  ht32f5xxxx_tm.o(i.TM_ClearFlag)
    TM_Cmd                                   0x00000da3   Thumb Code    24  ht32f5xxxx_tm.o(i.TM_Cmd)
    TM_IntConfig                             0x00000dbb   Thumb Code    20  ht32f5xxxx_tm.o(i.TM_IntConfig)
    TM_OutputInit                            0x00000dd1   Thumb Code   202  ht32f5xxxx_tm.o(i.TM_OutputInit)
    TM_PDMAConfig                            0x00000ea1   Thumb Code    20  ht32f5xxxx_tm.o(i.TM_PDMAConfig)
    TM_TimeBaseInit                          0x00000eb5   Thumb Code    58  ht32f5xxxx_tm.o(i.TM_TimeBaseInit)
    TM_TimeBaseStructInit                    0x00000ef5   Thumb Code    24  ht32f5xxxx_tm.o(i.TM_TimeBaseStructInit)
    USART_GetFlagStatus                      0x00000f0d   Thumb Code    18  ht32f5xxxx_usart.o(i.USART_GetFlagStatus)
    USART_Init                               0x00000f21   Thumb Code   122  ht32f5xxxx_usart.o(i.USART_Init)
    USART_SendData                           0x00000fad   Thumb Code     4  ht32f5xxxx_usart.o(i.USART_SendData)
    USART_TxRxCmd                            0x00000fb1   Thumb Code    30  ht32f5xxxx_usart.o(i.USART_TxRxCmd)
    __0printf$8                              0x00000fd1   Thumb Code    24  printf8.o(i.__0printf$8)
    __1printf$8                              0x00000fd1   Thumb Code     0  printf8.o(i.__0printf$8)
    __2printf                                0x00000fd1   Thumb Code     0  printf8.o(i.__0printf$8)
    __ARM_common_switch8                     0x00000ff1   Thumb Code    28  ht32f5xxxx_ckcu.o(i.__ARM_common_switch8)
    __scatterload_copy                       0x0000100d   Thumb Code    14  handlers.o(i.__scatterload_copy)
    __scatterload_null                       0x0000101b   Thumb Code     2  handlers.o(i.__scatterload_null)
    __scatterload_zeroinit                   0x0000101d   Thumb Code    14  handlers.o(i.__scatterload_zeroinit)
    fputc                                    0x000014a1   Thumb Code    14  ht32_retarget.o(i.fputc)
    main                                     0x000014b1   Thumb Code   298  main.o(i.main)
    modeSwitch                               0x00001635   Thumb Code   306  main.o(i.modeSwitch)
    musicSwitch                              0x00001795   Thumb Code   396  main.o(i.musicSwitch)
    sendBTData                               0x00001969   Thumb Code   216  main.o(i.sendBTData)
    setMusicStatus                           0x00001a89   Thumb Code    78  main.o(i.setMusicStatus)
    setScore                                 0x00001ae5   Thumb Code    82  main.o(i.setScore)
    switchHandle                             0x00001b41   Thumb Code   124  main.o(i.switchHandle)
    wsAFIOConfig                             0x00001bcd   Thumb Code    14  ws2812.o(i.wsAFIOConfig)
    wsBlinkAll                               0x00001bdd   Thumb Code    64  ws2812.o(i.wsBlinkAll)
    wsClearAll                               0x00001c25   Thumb Code    44  ws2812.o(i.wsClearAll)
    wsClearBetween                           0x00001c55   Thumb Code    46  ws2812.o(i.wsClearBetween)
    wsInit                                   0x00001c89   Thumb Code    86  ws2812.o(i.wsInit)
    wsNVICConfig                             0x00001ced   Thumb Code    14  ws2812.o(i.wsNVICConfig)
    wsPDMAConfig                             0x00001d01   Thumb Code    76  ws2812.o(i.wsPDMAConfig)
    wsPWMConfig                              0x00001d59   Thumb Code    86  ws2812.o(i.wsPWMConfig)
    wsSetColor                               0x00001dbd   Thumb Code   218  ws2812.o(i.wsSetColor)
    wsSetLeftArrow                           0x00001ea5   Thumb Code    46  ws2812.o(i.wsSetLeftArrow)
    wsSetMusicLED                            0x00001ed5   Thumb Code   140  main.o(i.wsSetMusicLED)
    wsSetMusicStatus                         0x00001f69   Thumb Code   374  ws2812.o(i.wsSetMusicStatus)
    wsSetNumber                              0x000020df   Thumb Code   558  ws2812.o(i.wsSetNumber)
    wsSetRightArrow                          0x0000230d   Thumb Code    46  ws2812.o(i.wsSetRightArrow)
    wsShow                                   0x0000233d   Thumb Code    84  ws2812.o(i.wsShow)
    BPM                                      0x000023d4   Data           2  main.o(.constdata)
    R                                        0x000023d6   Data           2  main.o(.constdata)
    C                                        0x000023d8   Data           2  main.o(.constdata)
    D                                        0x000023da   Data           2  main.o(.constdata)
    E                                        0x000023dc   Data           2  main.o(.constdata)
    F                                        0x000023de   Data           2  main.o(.constdata)
    G                                        0x000023e0   Data           2  main.o(.constdata)
    A                                        0x000023e2   Data           2  main.o(.constdata)
    B                                        0x000023e4   Data           2  main.o(.constdata)
    C_H                                      0x000023e6   Data           2  main.o(.constdata)
    WAIT_SERVO                               0x000023e8   Data           4  main.o(.constdata)
    GPIO_PORT                                0x0000242c   Data          24  ht32_board.o(.constdata)
    LED_GPIO_ID                              0x00002444   Data           3  ht32_board.o(.constdata)
    LED_GPIO_PIN                             0x00002448   Data           6  ht32_board.o(.constdata)
    LED_AFIO_MODE                            0x0000244e   Data           3  ht32_board.o(.constdata)
    BUTTON_GPIO_ID                           0x00002451   Data           3  ht32_board.o(.constdata)
    BUTTON_GPIO_PIN                          0x00002454   Data           6  ht32_board.o(.constdata)
    BUTTON_AFIO_MODE                         0x0000245a   Data           3  ht32_board.o(.constdata)
    BUTTON_EXTI_CH                           0x0000245d   Data           3  ht32_board.o(.constdata)
    gCOMInfo                                 0x00002460   Data          16  ht32_board.o(.constdata)
    Region$$Table$$Base                      0x00002470   Number         0  anon$$obj.o(Region$$Table)
    Region$$Table$$Limit                     0x00002490   Number         0  anon$$obj.o(Region$$Table)
    beat                                     0x20000000   Data           4  main.o(.data)
    switchMode                               0x20000004   Data           4  main.o(.data)
    modeDisplay                              0x20000008   Data           4  main.o(.data)
    ws                                       0x2000000c   Data           4  main.o(.data)
    isCorrect                                0x20000010   Data           1  main.o(.data)
    didAddScore                              0x20000011   Data           1  main.o(.data)
    didChooceMusic                           0x20000012   Data           1  main.o(.data)
    didSetColor                              0x20000013   Data           1  main.o(.data)
    musicStatus                              0x20000014   Data           1  main.o(.data)
    btns_state                               0x20000015   Data           1  main.o(.data)
    ledScore                                 0x20000016   Data           4  main.o(.data)
    score                                    0x2000001a   Data           1  main.o(.data)
    musicLen                                 0x2000001b   Data           1  main.o(.data)
    musicNum                                 0x2000001c   Data           1  main.o(.data)
    i                                        0x2000001d   Data           1  main.o(.data)
    music_index                              0x2000001e   Data           1  main.o(.data)
    music_buff                               0x2000001f   Data           1  main.o(.data)
    wait_index                               0x20000020   Data           1  main.o(.data)
    mode                                     0x20000021   Data           1  main.o(.data)
    blinkStatus                              0x20000022   Data           1  main.o(.data)
    LED1                                     0x20000023   Data          68  main.o(.data)
    LED2                                     0x20000067   Data          68  main.o(.data)
    LED3                                     0x200000ab   Data          52  main.o(.data)
    config_i                                 0x200000f0   Data           1  mb_config.o(.data)
    SystemCoreClock                          0x200000f4   Data           4  system_ht32f5xxxx_01.o(.data)
    __stdout                                 0x200000f8   Data           4  ht32_retarget.o(.data)
    __stdin                                  0x200000fc   Data           4  ht32_retarget.o(.data)
    wait                                     0x20000110   Data          32  main.o(.bss)
    TM_TimeBaseInitStructure                 0x20000140   Data          16  ws2812.o(.bss)
    TM_OutputInitStructure                   0x20000150   Data          14  ws2812.o(.bss)
    PDMACH_InitStructure                     0x20000160   Data          28  ws2812.o(.bss)
    PDMA_TEST_Struct                         0x2000017c   Data         308  ws2812.o(.bss)
    __HT_check_sp                            0x20002290   Data           0  startup_ht32f5xxxx_01.o(STACK)
    __initial_sp                             0x20002490   Data           0  startup_ht32f5xxxx_01.o(STACK)



==============================================================================

Memory Map of the image

  Image Entry point : 0x000000c1

  Load Region LR_1 (Base: 0x00000000, Size: 0x00002590, Max: 0xffffffff, ABSOLUTE)

    Execution Region ER_RO (Exec base: 0x00000000, Load base: 0x00000000, Size: 0x00002490, Max: 0xffffffff, ABSOLUTE)

    Exec Addr    Load Addr    Size         Type   Attr      Idx    E Section Name        Object

    0x00000000   0x00000000   0x00000164   Code   RO          793  * RESET               startup_ht32f5xxxx_01.o
    0x00000164   0x00000164   0x00000000   Code   RO         4360  * .ARM.Collect$$$$00000000  mc_p.l(entry.o)
    0x00000164   0x00000164   0x00000004   Code   RO         4628    .ARM.Collect$$$$00000001  mc_p.l(entry2.o)
    0x00000168   0x00000168   0x00000004   Code   RO         4631    .ARM.Collect$$$$00000004  mc_p.l(entry5.o)
    0x0000016c   0x0000016c   0x00000000   Code   RO         4633    .ARM.Collect$$$$00000008  mc_p.l(entry7b.o)
    0x0000016c   0x0000016c   0x00000000   Code   RO         4635    .ARM.Collect$$$$0000000A  mc_p.l(entry8b.o)
    0x0000016c   0x0000016c   0x00000008   Code   RO         4636    .ARM.Collect$$$$0000000B  mc_p.l(entry9a.o)
    0x00000174   0x00000174   0x00000000   Code   RO         4638    .ARM.Collect$$$$0000000D  mc_p.l(entry10a.o)
    0x00000174   0x00000174   0x00000000   Code   RO         4640    .ARM.Collect$$$$0000000F  mc_p.l(entry11a.o)
    0x00000174   0x00000174   0x00000004   Code   RO         4629    .ARM.Collect$$$$00002712  mc_p.l(entry2.o)
    0x00000178   0x00000178   0x0000002c   Code   RO         4363    .text               mc_p.l(uidiv.o)
    0x000001a4   0x000001a4   0x00000028   Code   RO         4365    .text               mc_p.l(idiv.o)
    0x000001cc   0x000001cc   0x00000060   Code   RO         4642    .text               mc_p.l(uldiv.o)
    0x0000022c   0x0000022c   0x00000024   Code   RO         4655    .text               mc_p.l(init.o)
    0x00000250   0x00000250   0x00000020   Code   RO         4657    .text               mc_p.l(llshl.o)
    0x00000270   0x00000270   0x00000022   Code   RO         4659    .text               mc_p.l(llushr.o)
    0x00000292   0x00000292   0x00000002   PAD
    0x00000294   0x00000294   0x00000064   Code   RO         1816    i.AFIO_GPxConfig    ht32f5xxxx_gpio.o
    0x000002f8   0x000002f8   0x00000038   Code   RO          429    i.BFTM0_Configuration  mb_config.o
    0x00000330   0x00000330   0x00000108   Code   RO            3    i.BFTM0_IRQHandler  main.o
    0x00000438   0x00000438   0x0000000e   Code   RO         1153    i.BFTM_ClearFlag    ht32f5xxxx_bftm.o
    0x00000446   0x00000446   0x00000018   Code   RO         1155    i.BFTM_EnaCmd       ht32f5xxxx_bftm.o
    0x0000045e   0x0000045e   0x00000018   Code   RO         1159    i.BFTM_IntConfig    ht32f5xxxx_bftm.o
    0x00000476   0x00000476   0x00000004   Code   RO         1161    i.BFTM_SetCompare   ht32f5xxxx_bftm.o
    0x0000047a   0x0000047a   0x00000004   Code   RO         1162    i.BFTM_SetCounter   ht32f5xxxx_bftm.o
    0x0000047e   0x0000047e   0x00000002   PAD
    0x00000480   0x00000480   0x00000054   Code   RO          430    i.BTMasterConfiguration  mb_config.o
    0x000004d4   0x000004d4   0x000000b4   Code   RO          431    i.CKCU_Configuration  mb_config.o
    0x00000588   0x00000588   0x0000008c   Code   RO         1236    i.CKCU_GetClocksFrequency  ht32f5xxxx_ckcu.o
    0x00000614   0x00000614   0x00000068   Code   RO         1238    i.CKCU_GetPLLFrequency  ht32f5xxxx_ckcu.o
    0x0000067c   0x0000067c   0x00000038   Code   RO         1239    i.CKCU_GetPeripFrequency  ht32f5xxxx_ckcu.o
    0x000006b4   0x000006b4   0x00000040   Code   RO         1254    i.CKCU_PeripClockConfig  ht32f5xxxx_ckcu.o
    0x000006f4   0x000006f4   0x00000100   Code   RO          432    i.GPIO_Configuration  mb_config.o
    0x000007f4   0x000007f4   0x00000014   Code   RO         1819    i.GPIO_DirectionConfig  ht32f5xxxx_gpio.o
    0x00000808   0x00000808   0x00000014   Code   RO         1822    i.GPIO_InputConfig  ht32f5xxxx_gpio.o
    0x0000081c   0x0000081c   0x00000012   Code   RO         1828    i.GPIO_ReadInBit    ht32f5xxxx_gpio.o
    0x0000082e   0x0000082e   0x00000008   Code   RO         1829    i.GPIO_ReadInData   ht32f5xxxx_gpio.o
    0x00000836   0x00000836   0x00000002   PAD
    0x00000838   0x00000838   0x0000004c   Code   RO          433    i.GPTM0_Configuration  mb_config.o
    0x00000884   0x00000884   0x000000b0   Code   RO            4    i.GPTM0_IRQHandler  main.o
    0x00000934   0x00000934   0x0000004c   Code   RO          434    i.GPTM1_Configuration  mb_config.o
    0x00000980   0x00000980   0x00000044   Code   RO            5    i.GPTM1_IRQHandler  main.o
    0x000009c4   0x000009c4   0x0000006c   Code   RO         3940    i.HT32F_DVB_COMInit  ht32_board.o
    0x00000a30   0x00000a30   0x00000010   Code   RO          255    i.HardFault_Handler  ht32f5xxxx_01_it.o
    0x00000a40   0x00000a40   0x00000094   Code   RO            6    i.Initialize        main.o
    0x00000ad4   0x00000ad4   0x00000018   Code   RO         2233    i.MCTM_CHMOECmd     ht32f5xxxx_mctm.o
    0x00000aec   0x00000aec   0x00000002   Code   RO          256    i.NMI_Handler       ht32f5xxxx_01_it.o
    0x00000aee   0x00000aee   0x00000016   Code   RO          435    i.NVIC_Configuration  mb_config.o
    0x00000b04   0x00000b04   0x00000014   Code   RO          436    i.NVIC_EnableIRQ    mb_config.o
    0x00000b18   0x00000b18   0x0000001c   Code   RO         2293    i.PDMA_ClearFlag    ht32f5xxxx_pdma.o
    0x00000b34   0x00000b34   0x00000034   Code   RO         2294    i.PDMA_Config       ht32f5xxxx_pdma.o
    0x00000b68   0x00000b68   0x0000002c   Code   RO         2295    i.PDMA_EnaCmd       ht32f5xxxx_pdma.o
    0x00000b94   0x00000b94   0x00000024   Code   RO         2296    i.PDMA_GetFlagStatus  ht32f5xxxx_pdma.o
    0x00000bb8   0x00000bb8   0x00000058   Code   RO         2297    i.PDMA_IntConfig    ht32f5xxxx_pdma.o
    0x00000c10   0x00000c10   0x00000002   Code   RO          257    i.PendSV_Handler    ht32f5xxxx_01_it.o
    0x00000c12   0x00000c12   0x00000022   Code   RO         3827    i.RETARGET_Configuration  ht32_retarget.o
    0x00000c34   0x00000c34   0x0000001c   Code   RO         3908    i.SERIAL_PutChar    ht32_serial.o
    0x00000c50   0x00000c50   0x00000002   Code   RO          258    i.SVC_Handler       ht32f5xxxx_01_it.o
    0x00000c52   0x00000c52   0x00000002   Code   RO          259    i.SysTick_Handler   ht32f5xxxx_01_it.o
    0x00000c54   0x00000c54   0x00000144   Code   RO          637    i.SystemInit        system_ht32f5xxxx_01.o
    0x00000d98   0x00000d98   0x0000000a   Code   RO         2961    i.TM_ClearFlag      ht32f5xxxx_tm.o
    0x00000da2   0x00000da2   0x00000018   Code   RO         2964    i.TM_Cmd            ht32f5xxxx_tm.o
    0x00000dba   0x00000dba   0x00000014   Code   RO         2979    i.TM_IntConfig      ht32f5xxxx_tm.o
    0x00000dce   0x00000dce   0x00000002   PAD
    0x00000dd0   0x00000dd0   0x000000d0   Code   RO         2983    i.TM_OutputInit     ht32f5xxxx_tm.o
    0x00000ea0   0x00000ea0   0x00000014   Code   RO         2986    i.TM_PDMAConfig     ht32f5xxxx_tm.o
    0x00000eb4   0x00000eb4   0x00000040   Code   RO         2997    i.TM_TimeBaseInit   ht32f5xxxx_tm.o
    0x00000ef4   0x00000ef4   0x00000018   Code   RO         2998    i.TM_TimeBaseStructInit  ht32f5xxxx_tm.o
    0x00000f0c   0x00000f0c   0x00000012   Code   RO         3275    i.USART_GetFlagStatus  ht32f5xxxx_usart.o
    0x00000f1e   0x00000f1e   0x00000002   PAD
    0x00000f20   0x00000f20   0x0000008c   Code   RO         3277    i.USART_Init        ht32f5xxxx_usart.o
    0x00000fac   0x00000fac   0x00000004   Code   RO         3288    i.USART_SendData    ht32f5xxxx_usart.o
    0x00000fb0   0x00000fb0   0x0000001e   Code   RO         3299    i.USART_TxRxCmd     ht32f5xxxx_usart.o
    0x00000fce   0x00000fce   0x00000002   PAD
    0x00000fd0   0x00000fd0   0x00000020   Code   RO         4574    i.__0printf$8       mc_p.l(printf8.o)
    0x00000ff0   0x00000ff0   0x0000001c   Code   RO         1431    i.__ARM_common_switch8  ht32f5xxxx_ckcu.o
    0x0000100c   0x0000100c   0x0000000e   Code   RO         4669    i.__scatterload_copy  mc_p.l(handlers.o)
    0x0000101a   0x0000101a   0x00000002   Code   RO         4670    i.__scatterload_null  mc_p.l(handlers.o)
    0x0000101c   0x0000101c   0x0000000e   Code   RO         4671    i.__scatterload_zeroinit  mc_p.l(handlers.o)
    0x0000102a   0x0000102a   0x00000002   PAD
    0x0000102c   0x0000102c   0x00000428   Code   RO         4581    i._printf_core      mc_p.l(printf8.o)
    0x00001454   0x00001454   0x00000020   Code   RO         4582    i._printf_post_padding  mc_p.l(printf8.o)
    0x00001474   0x00001474   0x0000002c   Code   RO         4583    i._printf_pre_padding  mc_p.l(printf8.o)
    0x000014a0   0x000014a0   0x0000000e   Code   RO         3832    i.fputc             ht32_retarget.o
    0x000014ae   0x000014ae   0x00000002   PAD
    0x000014b0   0x000014b0   0x00000184   Code   RO            7    i.main              main.o
    0x00001634   0x00001634   0x00000160   Code   RO            8    i.modeSwitch        main.o
    0x00001794   0x00001794   0x000001d4   Code   RO            9    i.musicSwitch       main.o
    0x00001968   0x00001968   0x00000120   Code   RO           10    i.sendBTData        main.o
    0x00001a88   0x00001a88   0x0000005c   Code   RO           11    i.setMusicStatus    main.o
    0x00001ae4   0x00001ae4   0x0000005c   Code   RO           12    i.setScore          main.o
    0x00001b40   0x00001b40   0x0000008c   Code   RO           13    i.switchHandle      main.o
    0x00001bcc   0x00001bcc   0x0000000e   Code   RO          517    i.wsAFIOConfig      ws2812.o
    0x00001bda   0x00001bda   0x00000002   PAD
    0x00001bdc   0x00001bdc   0x00000048   Code   RO          518    i.wsBlinkAll        ws2812.o
    0x00001c24   0x00001c24   0x00000030   Code   RO          519    i.wsClearAll        ws2812.o
    0x00001c54   0x00001c54   0x00000034   Code   RO          520    i.wsClearBetween    ws2812.o
    0x00001c88   0x00001c88   0x00000064   Code   RO          521    i.wsInit            ws2812.o
    0x00001cec   0x00001cec   0x00000014   Code   RO          522    i.wsNVICConfig      ws2812.o
    0x00001d00   0x00001d00   0x00000058   Code   RO          523    i.wsPDMAConfig      ws2812.o
    0x00001d58   0x00001d58   0x00000064   Code   RO          524    i.wsPWMConfig       ws2812.o
    0x00001dbc   0x00001dbc   0x000000e8   Code   RO          526    i.wsSetColor        ws2812.o
    0x00001ea4   0x00001ea4   0x0000002e   Code   RO          527    i.wsSetLeftArrow    ws2812.o
    0x00001ed2   0x00001ed2   0x00000002   PAD
    0x00001ed4   0x00001ed4   0x00000094   Code   RO           14    i.wsSetMusicLED     main.o
    0x00001f68   0x00001f68   0x00000176   Code   RO          528    i.wsSetMusicStatus  ws2812.o
    0x000020de   0x000020de   0x0000022e   Code   RO          529    i.wsSetNumber       ws2812.o
    0x0000230c   0x0000230c   0x0000002e   Code   RO          530    i.wsSetRightArrow   ws2812.o
    0x0000233a   0x0000233a   0x00000002   PAD
    0x0000233c   0x0000233c   0x00000058   Code   RO          531    i.wsShow            ws2812.o
    0x00002394   0x00002394   0x00000058   Data   RO           16    .constdata          main.o
    0x000023ec   0x000023ec   0x00000040   Data   RO          438    .constdata          mb_config.o
    0x0000242c   0x0000242c   0x00000044   Data   RO         3949    .constdata          ht32_board.o
    0x00002470   0x00002470   0x00000020   Data   RO         4667    Region$$Table       anon$$obj.o


    Execution Region ER_RW (Exec base: 0x20000000, Load base: 0x00002490, Size: 0x00000100, Max: 0xffffffff, ABSOLUTE)

    Exec Addr    Load Addr    Size         Type   Attr      Idx    E Section Name        Object

    0x20000000   0x00002490   0x000000ec   Data   RW           17    .data               main.o
    0x200000ec   0x0000257c   0x00000004   Data   RW          260    .data               ht32f5xxxx_01_it.o
    0x200000f0   0x00002580   0x00000001   Data   RW          439    .data               mb_config.o
    0x200000f1   0x00002581   0x00000003   Data   RW          533    .data               ws2812.o
    0x200000f4   0x00002584   0x00000004   Data   RW          638    .data               system_ht32f5xxxx_01.o
    0x200000f8   0x00002588   0x00000008   Data   RW         3833    .data               ht32_retarget.o


    Execution Region ER_ZI (Exec base: 0x20000100, Load base: 0x00002590, Size: 0x00002390, Max: 0xffffffff, ABSOLUTE)

    Exec Addr    Load Addr    Size         Type   Attr      Idx    E Section Name        Object

    0x20000100        -       0x00000030   Zero   RW           15    .bss                main.o
    0x20000130        -       0x00000010   Zero   RW          437    .bss                mb_config.o
    0x20000140        -       0x00002150   Zero   RW          532    .bss                ws2812.o
    0x20002290        -       0x00000200   Zero   RW          791    STACK               startup_ht32f5xxxx_01.o


==============================================================================

Image component sizes


      Code (inc. data)   RO Data    RW Data    ZI Data      Debug   Object Name

       108          6         68          0          0       8627   ht32_board.o
        48          0          0          8          0       3079   ht32_retarget.o
        28          4          0          0          0        529   ht32_serial.o
        24          4          0          4          0      43651   ht32f5xxxx_01_it.o
        70          0          0          0          0       3104   ht32f5xxxx_bftm.o
       392         38          0          0          0      11174   ht32f5xxxx_ckcu.o
       166          6          0          0          0       7942   ht32f5xxxx_gpio.o
        24          0          0          0          0      11120   ht32f5xxxx_mctm.o
       248         28          0          0          0       6583   ht32f5xxxx_pdma.o
       370         12          0          0          0       5525   ht32f5xxxx_tm.o
       192         18          0          0          0      10760   ht32f5xxxx_usart.o
      2624        482         88        236         48      38430   main.o
       770         64         64          1         16      10200   mb_config.o
       356        238          0          0        512        688   startup_ht32f5xxxx_01.o
       324         20          0          4          0      36571   system_ht32f5xxxx_01.o
      1838         82          0          3       8528       8299   ws2812.o

    ----------------------------------------------------------------------
      7600       1002        252        256       9104     206282   Object Totals
         0          0         32          0          0          0   (incl. Generated)
        18          0          0          0          0          0   (incl. Padding)

    ----------------------------------------------------------------------

      Code (inc. data)   RO Data    RW Data    ZI Data      Debug   Library Member Name

         0          0          0          0          0          0   entry.o
         0          0          0          0          0          0   entry10a.o
         0          0          0          0          0          0   entry11a.o
         8          4          0          0          0          0   entry2.o
         4          0          0          0          0          0   entry5.o
         0          0          0          0          0          0   entry7b.o
         0          0          0          0          0          0   entry8b.o
         8          4          0          0          0          0   entry9a.o
        30          0          0          0          0          0   handlers.o
        40          0          0          0          0         72   idiv.o
        36          8          0          0          0         68   init.o
        32          0          0          0          0         68   llshl.o
        34          0          0          0          0         68   llushr.o
      1172         52          0          0          0        324   printf8.o
        44          0          0          0          0         72   uidiv.o
        96          0          0          0          0         84   uldiv.o

    ----------------------------------------------------------------------
      1508         68          0          0          0        756   Library Totals
         4          0          0          0          0          0   (incl. Padding)

    ----------------------------------------------------------------------

      Code (inc. data)   RO Data    RW Data    ZI Data      Debug   Library Name

      1504         68          0          0          0        756   mc_p.l

    ----------------------------------------------------------------------
      1508         68          0          0          0        756   Library Totals

    ----------------------------------------------------------------------

==============================================================================


      Code (inc. data)   RO Data    RW Data    ZI Data      Debug   

      9108       1070        252        256       9104     203714   Grand Totals
      9108       1070        252        256       9104     203714   ELF Image Totals
      9108       1070        252        256          0          0   ROM Totals

==============================================================================

    Total RO  Size (Code + RO Data)                 9360 (   9.14kB)
    Total RW  Size (RW Data + ZI Data)              9360 (   9.14kB)
    Total ROM Size (Code + RO Data + RW Data)       9616 (   9.39kB)

==============================================================================

